Component: ARM Compiler 5.06 update 6 (build 750) Tool: armlink [4d35ed]

==============================================================================

Section Cross References

    main.o(i._create_thread) refers to thread.o(i.rt_thread_create) for rt_thread_create
    main.o(i._create_thread) refers to thread.o(i.rt_thread_startup) for rt_thread_startup
    main.o(i._create_thread) refers to main.o(i._run_led_thread_entry) for _run_led_thread_entry
    main.o(i._create_thread) refers to main.o(.data) for led_tid
    main.o(i._create_thread) refers to main.o(i._scan_key_thread_entry) for _scan_key_thread_entry
    main.o(i._create_thread) refers to main.o(i._oled_display_thread_entry) for _oled_display_thread_entry
    main.o(i._oled_display_thread_entry) refers to kservice.o(i.rt_kprintf) for rt_kprintf
    main.o(i._oled_display_thread_entry) refers to oled.o(i.OLED_Clear) for OLED_Clear
    main.o(i._oled_display_thread_entry) refers to oled.o(i.OLED_ShowCHinese) for OLED_ShowCHinese
    main.o(i._oled_display_thread_entry) refers to oled.o(i.OLED_ShowString) for OLED_ShowString
    main.o(i._oled_display_thread_entry) refers to oled.o(i.OLED_ShowChar) for OLED_ShowChar
    main.o(i._oled_display_thread_entry) refers to oled.o(i.OLED_ShowNum) for OLED_ShowNum
    main.o(i._oled_display_thread_entry) refers to thread.o(i.rt_thread_mdelay) for rt_thread_mdelay
    main.o(i._oled_display_thread_entry) refers to oled.o(i.OLED_DrawBMP) for OLED_DrawBMP
    main.o(i._oled_display_thread_entry) refers to main.o(.constdata) for __func__
    main.o(i._oled_display_thread_entry) refers to main.o(.data) for BMP1
    main.o(i._power_on_init) refers to beep.o(i.BEEP_Init) for BEEP_Init
    main.o(i._power_on_init) refers to bsp_tim.o(i.delay_init) for delay_init
    main.o(i._power_on_init) refers to led.o(i.LED_Init) for LED_Init
    main.o(i._power_on_init) refers to key.o(i.KEY_Init) for KEY_Init
    main.o(i._power_on_init) refers to oled.o(i.OLED_Init) for OLED_Init
    main.o(i._power_on_init) refers to oled.o(i.OLED_Clear) for OLED_Clear
    main.o(i._power_on_init) refers to thread.o(i.rt_thread_mdelay) for rt_thread_mdelay
    main.o(i._run_led_thread_entry) refers to kservice.o(i.rt_kprintf) for rt_kprintf
    main.o(i._run_led_thread_entry) refers to thread.o(i.rt_thread_mdelay) for rt_thread_mdelay
    main.o(i._run_led_thread_entry) refers to main.o(.constdata) for __func__
    main.o(i._scan_key_thread_entry) refers to kservice.o(i.rt_kprintf) for rt_kprintf
    main.o(i._scan_key_thread_entry) refers to key.o(i.KEY_Scan) for KEY_Scan
    main.o(i._scan_key_thread_entry) refers to thread.o(i.rt_thread_mdelay) for rt_thread_mdelay
    main.o(i._scan_key_thread_entry) refers to main.o(.constdata) for __func__
    main.o(i.main) refers to main.o(i._power_on_init) for _power_on_init
    main.o(i.main) refers to main.o(i._create_thread) for _create_thread
    main.o(i.main) refers to thread.o(i.rt_thread_mdelay) for rt_thread_mdelay
    system_stm32f10x.o(i.SetSysClock) refers to system_stm32f10x.o(i.SetSysClockTo72) for SetSysClockTo72
    system_stm32f10x.o(i.SystemCoreClockUpdate) refers to system_stm32f10x.o(.data) for SystemCoreClock
    system_stm32f10x.o(i.SystemInit) refers to system_stm32f10x.o(i.SetSysClock) for SetSysClock
    startup_stm32f10x_hd.o(RESET) refers to startup_stm32f10x_hd.o(STACK) for __initial_sp
    startup_stm32f10x_hd.o(RESET) refers to startup_stm32f10x_hd.o(.text) for Reset_Handler
    startup_stm32f10x_hd.o(RESET) refers to stm32f10x_it.o(i.NMI_Handler) for NMI_Handler
    startup_stm32f10x_hd.o(RESET) refers to context_rvds.o(.text) for HardFault_Handler
    startup_stm32f10x_hd.o(RESET) refers to stm32f10x_it.o(i.MemManage_Handler) for MemManage_Handler
    startup_stm32f10x_hd.o(RESET) refers to stm32f10x_it.o(i.BusFault_Handler) for BusFault_Handler
    startup_stm32f10x_hd.o(RESET) refers to stm32f10x_it.o(i.UsageFault_Handler) for UsageFault_Handler
    startup_stm32f10x_hd.o(RESET) refers to stm32f10x_it.o(i.SVC_Handler) for SVC_Handler
    startup_stm32f10x_hd.o(RESET) refers to stm32f10x_it.o(i.DebugMon_Handler) for DebugMon_Handler
    startup_stm32f10x_hd.o(RESET) refers to board.o(i.SysTick_Handler) for SysTick_Handler
    startup_stm32f10x_hd.o(RESET) refers to board.o(i.USART1_IRQHandler) for USART1_IRQHandler
    startup_stm32f10x_hd.o(.text) refers to system_stm32f10x.o(i.SystemInit) for SystemInit
    startup_stm32f10x_hd.o(.text) refers to entry.o(.ARM.Collect$$$$00000000) for __main
    stm32f10x_adc.o(i.ADC_DeInit) refers to stm32f10x_rcc.o(i.RCC_APB2PeriphResetCmd) for RCC_APB2PeriphResetCmd
    stm32f10x_bkp.o(i.BKP_DeInit) refers to stm32f10x_rcc.o(i.RCC_BackupResetCmd) for RCC_BackupResetCmd
    stm32f10x_can.o(i.CAN_DeInit) refers to stm32f10x_rcc.o(i.RCC_APB1PeriphResetCmd) for RCC_APB1PeriphResetCmd
    stm32f10x_can.o(i.CAN_GetITStatus) refers to stm32f10x_can.o(i.CheckITStatus) for CheckITStatus
[...]
    .ARM.Collect$$$$0000000B                 0x08000138   Section        8  entry9a.o(.ARM.Collect$$$$0000000B)
    .ARM.Collect$$$$0000000D                 0x08000140   Section        0  entry10a.o(.ARM.Collect$$$$0000000D)
    .ARM.Collect$$$$0000000F                 0x08000140   Section        0  entry11a.o(.ARM.Collect$$$$0000000F)
    .ARM.Collect$$$$00002712                 0x08000140   Section        4  entry2.o(.ARM.Collect$$$$00002712)
    __lit__00000000                          0x08000140   Data           4  entry2.o(.ARM.Collect$$$$00002712)
    .text                                    0x08000144   Section       36  startup_stm32f10x_hd.o(.text)
    .text                                    0x08000168   Section      244  context_rvds.o(.text)
    .text                                    0x0800025c   Section        0  memcpya.o(.text)
    .text                                    0x08000280   Section        0  memseta.o(.text)
    .text                                    0x080002a4   Section        0  strcat.o(.text)
    .text                                    0x080002bc   Section        0  strncpy.o(.text)
    .text                                    0x080002d4   Section        0  strlen.o(.text)
    .text                                    0x080002e2   Section        0  strcpy.o(.text)
    .text                                    0x080002f4   Section        0  strncmp.o(.text)
    .text                                    0x08000314   Section       36  init.o(.text)
    .text                                    0x08000338   Section        0  __dczerorl2.o(.text)
    i.$Sub$$main                             0x0800038e   Section        0  components.o(i.$Sub$$main)
    i.BEEP_Init                              0x08000398   Section        0  beep.o(i.BEEP_Init)
    i.BusFault_Handler                       0x080003d0   Section        0  stm32f10x_it.o(i.BusFault_Handler)
    i.DebugMon_Handler                       0x080003d4   Section        0  stm32f10x_it.o(i.DebugMon_Handler)
    i.GPIO_Init                              0x080003d6   Section        0  stm32f10x_gpio.o(i.GPIO_Init)
    i.GPIO_ReadInputDataBit                  0x080004ec   Section        0  stm32f10x_gpio.o(i.GPIO_ReadInputDataBit)
    i.GPIO_ResetBits                         0x080004fe   Section        0  stm32f10x_gpio.o(i.GPIO_ResetBits)
    i.GPIO_SetBits                           0x08000502   Section        0  stm32f10x_gpio.o(i.GPIO_SetBits)
    i.KEY_Init                               0x08000508   Section        0  key.o(i.KEY_Init)
    i.KEY_Scan                               0x08000544   Section        0  key.o(i.KEY_Scan)
    i.LED_Init                               0x080005e8   Section        0  led.o(i.LED_Init)
    i.MemManage_Handler                      0x08000634   Section        0  stm32f10x_it.o(i.MemManage_Handler)
    i.NMI_Handler                            0x08000638   Section        0  stm32f10x_it.o(i.NMI_Handler)
    i.NVIC_Init                              0x0800063c   Section        0  misc.o(i.NVIC_Init)
    i.OLED_Clear                             0x080006ac   Section        0  oled.o(i.OLED_Clear)
    i.OLED_DrawBMP                           0x080006ec   Section        0  oled.o(i.OLED_DrawBMP)
    i.OLED_Init                              0x08000764   Section        0  oled.o(i.OLED_Init)
    i.OLED_Set_Pos                           0x080008c0   Section        0  oled.o(i.OLED_Set_Pos)
    i.OLED_ShowCHinese                       0x080008f0   Section        0  oled.o(i.OLED_ShowCHinese)
    i.OLED_ShowChar                          0x08000958   Section        0  oled.o(i.OLED_ShowChar)
    i.OLED_ShowNum                           0x080009c8   Section        0  oled.o(i.OLED_ShowNum)
    i.OLED_ShowString                        0x08000a4c   Section        0  oled.o(i.OLED_ShowString)
    i.OLED_WR_Byte                           0x08000a84   Section        0  oled.o(i.OLED_WR_Byte)
    i.RCC_APB1PeriphClockCmd                 0x08000b08   Section        0  stm32f10x_rcc.o(i.RCC_APB1PeriphClockCmd)
    i.RCC_APB2PeriphClockCmd                 0x08000b28   Section        0  stm32f10x_rcc.o(i.RCC_APB2PeriphClockCmd)
    i.RCC_GetClocksFreq                      0x08000b48   Section        0  stm32f10x_rcc.o(i.RCC_GetClocksFreq)
    i.SVC_Handler                            0x08000c1c   Section        0  stm32f10x_it.o(i.SVC_Handler)
    i.SetSysClock                            0x08000c1e   Section        0  system_stm32f10x.o(i.SetSysClock)
    SetSysClock                              0x08000c1f   Thumb Code     8  system_stm32f10x.o(i.SetSysClock)
    i.SetSysClockTo72                        0x08000c28   Section        0  system_stm32f10x.o(i.SetSysClockTo72)
    SetSysClockTo72                          0x08000c29   Thumb Code   214  system_stm32f10x.o(i.SetSysClockTo72)
    i.SysTick_Handler                        0x08000d08   Section        0  board.o(i.SysTick_Handler)
    i.SystemCoreClockUpdate                  0x08000d18   Section        0  system_stm32f10x.o(i.SystemCoreClockUpdate)
    i.SystemInit                             0x08000dbc   Section        0  system_stm32f10x.o(i.SystemInit)
    i.TIM_Cmd                                0x08000e1c   Section        0  stm32f10x_tim.o(i.TIM_Cmd)
    i.TIM_TimeBaseInit                       0x08000e34   Section        0  stm32f10x_tim.o(i.TIM_TimeBaseInit)
    i.USART1_IRQHandler                      0x08000ed8   Section        0  board.o(i.USART1_IRQHandler)
    i.USART_Cmd                              0x08000f3c   Section        0  stm32f10x_usart.o(i.USART_Cmd)
    i.USART_GetFlagStatus                    0x08000f54   Section        0  stm32f10x_usart.o(i.USART_GetFlagStatus)
    i.USART_GetITStatus                      0x08000f6e   Section        0  stm32f10x_usart.o(i.USART_GetITStatus)
    i.USART_ITConfig                         0x08000fc2   Section        0  stm32f10x_usart.o(i.USART_ITConfig)
    i.USART_Init                             0x0800100c   Section        0  stm32f10x_usart.o(i.USART_Init)
    i.UsageFault_Handler                     0x080010e4   Section        0  stm32f10x_it.o(i.UsageFault_Handler)
    i._SysTick_Config                        0x080010e8   Section        0  board.o(i._SysTick_Config)
    _SysTick_Config                          0x080010e9   Thumb Code    44  board.o(i._SysTick_Config)
    i.__rt_ffs                               0x08001118   Section        0  kservice.o(i.__rt_ffs)
    i.__scatterload_copy                     0x08001164   Section       14  handlers.o(i.__scatterload_copy)
    i.__scatterload_null                     0x08001172   Section        2  handlers.o(i.__scatterload_null)
    i.__scatterload_zeroinit                 0x08001174   Section       14  handlers.o(i.__scatterload_zeroinit)
    i._create_thread                         0x08001184   Section        0  main.o(i._create_thread)
    _create_thread                           0x08001185   Thumb Code   122  main.o(i._create_thread)
    i._has_defunct_thread                    0x0800124c   Section        0  idle.o(i._has_defunct_thread)
    _has_defunct_thread                      0x0800124d   Thumb Code    16  idle.o(i._has_defunct_thread)
    i._msh_exec_cmd                          0x08001260   Section        0  msh.o(i._msh_exec_cmd)
    _msh_exec_cmd                            0x08001261   Thumb Code   106  msh.o(i._msh_exec_cmd)
    i._oled_display_thread_entry             0x080012cc   Section        0  main.o(i._oled_display_thread_entry)
    _oled_display_thread_entry               0x080012cd   Thumb Code   188  main.o(i._oled_display_thread_entry)
    i._power_on_init                         0x080013b4   Section        0  main.o(i._power_on_init)
    _power_on_init                           0x080013b5   Thumb Code    58  main.o(i._power_on_init)
    i._rt_thread_init                        0x080013f8   Section        0  thread.o(i._rt_thread_init)
    _rt_thread_init                          0x080013f9   Thumb Code   124  thread.o(i._rt_thread_init)
    i._rt_timer_init                         0x0800147c   Section        0  timer.o(i._rt_timer_init)
    _rt_timer_init                           0x0800147d   Thumb Code    66  timer.o(i._rt_timer_init)
    i._rt_timer_remove                       0x080014be   Section        0  timer.o(i._rt_timer_remove)
    _rt_timer_remove                         0x080014bf   Thumb Code    46  timer.o(i._rt_timer_remove)
    i._run_led_thread_entry                  0x080014ec   Section        0  main.o(i._run_led_thread_entry)
    _run_led_thread_entry                    0x080014ed   Thumb Code    72  main.o(i._run_led_thread_entry)
    i._scan_key_thread_entry                 0x0800154c   Section        0  main.o(i._scan_key_thread_entry)
    _scan_key_thread_entry                   0x0800154d   Thumb Code    98  main.o(i._scan_key_thread_entry)
    i.bus_fault_track                        0x080015bc   Section        0  cpuport.o(i.bus_fault_track)
    bus_fault_track                          0x080015bd   Thumb Code   130  cpuport.o(i.bus_fault_track)
    i.cmd_free                               0x080016b8   Section        0  msh.o(i.cmd_free)
    i.cmd_ps                                 0x080016c6   Section        0  msh.o(i.cmd_ps)
    i.delay_init                             0x080016d4   Section        0  bsp_tim.o(i.delay_init)
    i.delay_us                               0x08001708   Section        0  bsp_tim.o(i.delay_us)
    i.finsh_get_prompt                       0x08001760   Section        0  shell.o(i.finsh_get_prompt)
    i.finsh_getchar                          0x080017d4   Section        0  shell.o(i.finsh_getchar)
    finsh_getchar                            0x080017d5   Thumb Code     8  shell.o(i.finsh_getchar)
    i.finsh_set_prompt_mode                  0x080017dc   Section        0  shell.o(i.finsh_set_prompt_mode)
    i.finsh_system_function_init             0x080017f8   Section        0  shell.o(i.finsh_system_function_init)
    i.finsh_system_init                      0x0800180c   Section        0  shell.o(i.finsh_system_init)
    i.finsh_thread_entry                     0x080018a8   Section        0  shell.o(i.finsh_thread_entry)
    i.hard_fault_track                       0x08001c70   Section        0  cpuport.o(i.hard_fault_track)
    hard_fault_track                         0x08001c71   Thumb Code    82  cpuport.o(i.hard_fault_track)
    i.hello                                  0x08001cf0   Section        0  cmd.o(i.hello)
    i.list                                   0x08001d10   Section        0  cmd.o(i.list)
    i.list_find_init                         0x08001d68   Section        0  cmd.o(i.list_find_init)
    list_find_init                           0x08001d69   Thumb Code    42  cmd.o(i.list_find_init)
    i.list_get_next                          0x08001d92   Section        0  cmd.o(i.list_get_next)
    list_get_next                            0x08001d93   Thumb Code   136  cmd.o(i.list_get_next)
    i.list_mailbox                           0x08001e1c   Section        0  cmd.o(i.list_mailbox)
    i.list_mem                               0x08001f78   Section        0  mem.o(i.list_mem)
    i.list_sem                               0x08001ff0   Section        0  cmd.o(i.list_sem)
    i.list_thread                            0x08002128   Section        0  cmd.o(i.list_thread)
    i.list_timer                             0x0800230c   Section        0  cmd.o(i.list_timer)
    i.main                                   0x0800246c   Section        0  main.o(i.main)
    i.main_thread_entry                      0x08002480   Section        0  components.o(i.main_thread_entry)
    i.mem_manage_fault_track                 0x08002490   Section        0  cpuport.o(i.mem_manage_fault_track)
    mem_manage_fault_track                   0x08002491   Thumb Code   114  cpuport.o(i.mem_manage_fault_track)
    i.msh_auto_complete                      0x08002578   Section        0  msh.o(i.msh_auto_complete)
    i.msh_exec                               0x08002618   Section        0  msh.o(i.msh_exec)
    i.msh_get_cmd                            0x08002684   Section        0  msh.o(i.msh_get_cmd)
    msh_get_cmd                              0x08002685   Thumb Code    76  msh.o(i.msh_get_cmd)
    i.msh_help                               0x080026e0   Section        0  msh.o(i.msh_help)
    i.msh_is_used                            0x08002754   Section        0  msh.o(i.msh_is_used)
    i.msh_split                              0x08002758   Section        0  msh.o(i.msh_split)
    msh_split                                0x08002759   Thumb Code   202  msh.o(i.msh_split)
    i.object_split                           0x08002848   Section        0  cmd.o(i.object_split)
    object_split                             0x08002849   Thumb Code    22  cmd.o(i.object_split)
    i.oled_pow                               0x08002864   Section        0  oled.o(i.oled_pow)
    i.plug_holes                             0x0800287c   Section        0  mem.o(i.plug_holes)
    plug_holes                               0x0800287d   Thumb Code   108  mem.o(i.plug_holes)
    i.print_number                           0x080028f4   Section        0  kservice.o(i.print_number)
    print_number                             0x080028f5   Thumb Code   400  kservice.o(i.print_number)
    i.rt_application_init                    0x08002a8c   Section        0  components.o(i.rt_application_init)
    i.rt_calloc                              0x08002ab8   Section        0  mem.o(i.rt_calloc)
    i.rt_components_board_init               0x08002adc   Section        0  components.o(i.rt_components_board_init)
    i.rt_components_init                     0x08002af8   Section        0  components.o(i.rt_components_init)
    i.rt_enter_critical                      0x08002b14   Section        0  scheduler.o(i.rt_enter_critical)
    i.rt_exit_critical                       0x08002b34   Section        0  scheduler.o(i.rt_exit_critical)
    i.rt_free                                0x08002b78   Section        0  mem.o(i.rt_free)
    i.rt_heap_begin_get                      0x08002c58   Section        0  board.o(i.rt_heap_begin_get)
    i.rt_heap_end_get                        0x08002c60   Section        0  board.o(i.rt_heap_end_get)
    i.rt_hw_board_init                       0x08002c68   Section        0  board.o(i.rt_hw_board_init)
    i.rt_hw_console_getchar                  0x08002ca0   Section        0  board.o(i.rt_hw_console_getchar)
    i.rt_hw_console_output                   0x08002ccc   Section        0  board.o(i.rt_hw_console_output)
    i.rt_hw_hard_fault_exception             0x08002d00   Section        0  cpuport.o(i.rt_hw_hard_fault_exception)
    i.rt_hw_stack_init                       0x08002f08   Section        0  cpuport.o(i.rt_hw_stack_init)
    i.rt_interrupt_enter                     0x08002f54   Section        0  irq.o(i.rt_interrupt_enter)
    i.rt_interrupt_leave                     0x08002f74   Section        0  irq.o(i.rt_interrupt_leave)
    i.rt_ipc_list_resume                     0x08002f94   Section        0  ipc.o(i.rt_ipc_list_resume)
    rt_ipc_list_resume                       0x08002f95   Thumb Code    20  ipc.o(i.rt_ipc_list_resume)
    i.rt_ipc_list_suspend                    0x08002fa8   Section        0  ipc.o(i.rt_ipc_list_suspend)
    rt_ipc_list_suspend                      0x08002fa9   Thumb Code   108  ipc.o(i.rt_ipc_list_suspend)
    i.rt_ipc_object_init                     0x08003014   Section        0  ipc.o(i.rt_ipc_object_init)
    rt_ipc_object_init                       0x08003015   Thumb Code    16  ipc.o(i.rt_ipc_object_init)
    i.rt_kprintf                             0x08003024   Section        0  kservice.o(i.rt_kprintf)
    i.rt_list_init                           0x08003054   Section        0  ipc.o(i.rt_list_init)
    rt_list_init                             0x08003055   Thumb Code     6  ipc.o(i.rt_list_init)
    i.rt_list_init                           0x0800305a   Section        0  scheduler.o(i.rt_list_init)
    rt_list_init                             0x0800305b   Thumb Code     6  scheduler.o(i.rt_list_init)
    i.rt_list_init                           0x08003060   Section        0  timer.o(i.rt_list_init)
    rt_list_init                             0x08003061   Thumb Code     6  timer.o(i.rt_list_init)
    i.rt_list_insert_after                   0x08003066   Section        0  object.o(i.rt_list_insert_after)
    rt_list_insert_after                     0x08003067   Thumb Code    14  object.o(i.rt_list_insert_after)
    i.rt_list_insert_after                   0x08003074   Section        0  thread.o(i.rt_list_insert_after)
    rt_list_insert_after                     0x08003075   Thumb Code    14  thread.o(i.rt_list_insert_after)
    i.rt_list_insert_after                   0x08003082   Section        0  timer.o(i.rt_list_insert_after)
    rt_list_insert_after                     0x08003083   Thumb Code    14  timer.o(i.rt_list_insert_after)
    i.rt_list_insert_before                  0x08003090   Section        0  ipc.o(i.rt_list_insert_before)
    rt_list_insert_before                    0x08003091   Thumb Code    14  ipc.o(i.rt_list_insert_before)
    i.rt_list_isempty                        0x0800309e   Section        0  cmd.o(i.rt_list_isempty)
    rt_list_isempty                          0x0800309f   Thumb Code    16  cmd.o(i.rt_list_isempty)
    i.rt_list_isempty                        0x080030ae   Section        0  ipc.o(i.rt_list_isempty)
    rt_list_isempty                          0x080030af   Thumb Code    16  ipc.o(i.rt_list_isempty)
    i.rt_list_isempty                        0x080030be   Section        0  timer.o(i.rt_list_isempty)
    rt_list_isempty                          0x080030bf   Thumb Code    16  timer.o(i.rt_list_isempty)
    i.rt_list_len                            0x080030ce   Section        0  cmd.o(i.rt_list_len)
    rt_list_len                              0x080030cf   Thumb Code    20  cmd.o(i.rt_list_len)
    i.rt_list_remove                         0x080030e2   Section        0  object.o(i.rt_list_remove)
    rt_list_remove                           0x080030e3   Thumb Code    18  object.o(i.rt_list_remove)
    i.rt_list_remove                         0x080030f4   Section        0  thread.o(i.rt_list_remove)
    rt_list_remove                           0x080030f5   Thumb Code    18  thread.o(i.rt_list_remove)
    i.rt_malloc                              0x08003108   Section        0  mem.o(i.rt_malloc)
    i.rt_memmove                             0x08003274   Section        0  kservice.o(i.rt_memmove)
    i.rt_memset                              0x080032b6   Section        0  kservice.o(i.rt_memset)
    i.rt_object_allocate                     0x080032fe   Section        0  object.o(i.rt_object_allocate)
    i.rt_object_delete                       0x08003352   Section        0  object.o(i.rt_object_delete)
    i.rt_object_detach                       0x08003376   Section        0  object.o(i.rt_object_detach)
    i.rt_object_get_information              0x08003394   Section        0  object.o(i.rt_object_get_information)
    i.rt_object_init                         0x080033bc   Section        0  object.o(i.rt_object_init)
    i.rt_object_is_systemobject              0x08003412   Section        0  object.o(i.rt_object_is_systemobject)
    i.rt_ringbuffer_data_len                 0x08003424   Section        0  board.o(i.rt_ringbuffer_data_len)
    i.rt_ringbuffer_getchar                  0x08003490   Section        0  board.o(i.rt_ringbuffer_getchar)
    i.rt_ringbuffer_init                     0x080034e8   Section        0  board.o(i.rt_ringbuffer_init)
    i.rt_ringbuffer_putchar                  0x08003518   Section        0  board.o(i.rt_ringbuffer_putchar)
    i.rt_schedule                            0x08003574   Section        0  scheduler.o(i.rt_schedule)
    i.rt_schedule_insert_thread              0x080035f8   Section        0  scheduler.o(i.rt_schedule_insert_thread)
    i.rt_schedule_remove_thread              0x08003648   Section        0  scheduler.o(i.rt_schedule_remove_thread)
    i.rt_sem_init                            0x0800369c   Section        0  ipc.o(i.rt_sem_init)
    i.rt_sem_release                         0x080036c2   Section        0  ipc.o(i.rt_sem_release)
    i.rt_sem_take                            0x080036fc   Section        0  ipc.o(i.rt_sem_take)
    i.rt_show_version                        0x08003770   Section        0  kservice.o(i.rt_show_version)
    i.rt_strlen                              0x08003820   Section        0  kservice.o(i.rt_strlen)
    i.rt_strncpy                             0x08003832   Section        0  kservice.o(i.rt_strncpy)
    i.rt_system_heap_init                    0x08003868   Section        0  mem.o(i.rt_system_heap_init)
    i.rt_system_scheduler_init               0x08003960   Section        0  scheduler.o(i.rt_system_scheduler_init)
    i.rt_system_scheduler_start              0x080039ac   Section        0  scheduler.o(i.rt_system_scheduler_start)
    i.rt_system_timer_init                   0x080039dc   Section        0  timer.o(i.rt_system_timer_init)
    i.rt_system_timer_thread_init            0x080039f8   Section        0  timer.o(i.rt_system_timer_thread_init)
    i.rt_thread_create                       0x080039fa   Section        0  thread.o(i.rt_thread_create)
    i.rt_thread_exit                         0x08003a4c   Section        0  thread.o(i.rt_thread_exit)
    i.rt_thread_idle_entry                   0x08003aa0   Section        0  idle.o(i.rt_thread_idle_entry)
    rt_thread_idle_entry                     0x08003aa1   Thumb Code     8  idle.o(i.rt_thread_idle_entry)
    i.rt_thread_idle_excute                  0x08003aa8   Section        0  idle.o(i.rt_thread_idle_excute)
    i.rt_thread_idle_init                    0x08003b34   Section        0  idle.o(i.rt_thread_idle_init)
    i.rt_thread_init                         0x08003b70   Section        0  thread.o(i.rt_thread_init)
    i.rt_thread_mdelay                       0x08003ba4   Section        0  thread.o(i.rt_thread_mdelay)
    i.rt_thread_resume                       0x08003bb8   Section        0  thread.o(i.rt_thread_resume)
    i.rt_thread_self                         0x08003bf4   Section        0  thread.o(i.rt_thread_self)
    i.rt_thread_sleep                        0x08003c00   Section        0  thread.o(i.rt_thread_sleep)
    i.rt_thread_startup                      0x08003c44   Section        0  thread.o(i.rt_thread_startup)
    i.rt_thread_suspend                      0x08003c70   Section        0  thread.o(i.rt_thread_suspend)
    i.rt_thread_timeout                      0x08003cb4   Section        0  thread.o(i.rt_thread_timeout)
    i.rt_thread_yield                        0x08003cd4   Section        0  thread.o(i.rt_thread_yield)
    i.rt_tick_from_millisecond               0x08003d38   Section        0  clock.o(i.rt_tick_from_millisecond)
    i.rt_tick_get                            0x08003d70   Section        0  clock.o(i.rt_tick_get)
    i.rt_tick_increase                       0x08003d7c   Section        0  clock.o(i.rt_tick_increase)
    i.rt_timer_check                         0x08003dac   Section        0  timer.o(i.rt_timer_check)
    i.rt_timer_control                       0x08003e28   Section        0  timer.o(i.rt_timer_control)
    i.rt_timer_detach                        0x08003e60   Section        0  timer.o(i.rt_timer_detach)
    i.rt_timer_init                          0x08003e80   Section        0  timer.o(i.rt_timer_init)
    i.rt_timer_start                         0x08003eb0   Section        0  timer.o(i.rt_timer_start)
    i.rt_timer_stop                          0x08003fa8   Section        0  timer.o(i.rt_timer_stop)
    i.rt_vsnprintf                           0x08003fd8   Section        0  kservice.o(i.rt_vsnprintf)
    i.rti_board_end                          0x08004308   Section        0  components.o(i.rti_board_end)
    rti_board_end                            0x08004309   Thumb Code     4  components.o(i.rti_board_end)
    i.rti_board_start                        0x0800430c   Section        0  components.o(i.rti_board_start)
    rti_board_start                          0x0800430d   Thumb Code     4  components.o(i.rti_board_start)
    i.rti_end                                0x08004310   Section        0  components.o(i.rti_end)
    rti_end                                  0x08004311   Thumb Code     4  components.o(i.rti_end)
    i.rti_start                              0x08004314   Section        0  components.o(i.rti_start)
    rti_start                                0x08004315   Thumb Code     4  components.o(i.rti_start)
    i.rtthread_startup                       0x08004318   Section        0  components.o(i.rtthread_startup)
    i.shell_auto_complete                    0x08004344   Section        0  shell.o(i.shell_auto_complete)
    shell_auto_complete                      0x08004345   Thumb Code    42  shell.o(i.shell_auto_complete)
    i.show_wait_queue                        0x0800437c   Section        0  cmd.o(i.show_wait_queue)
    show_wait_queue                          0x0800437d   Thumb Code    40  cmd.o(i.show_wait_queue)
    i.skip_atoi                              0x080043ac   Section        0  kservice.o(i.skip_atoi)
    skip_atoi                                0x080043ad   Thumb Code    38  kservice.o(i.skip_atoi)
    i.str_common                             0x080043d2   Section        0  msh.o(i.str_common)
    str_common                               0x080043d3   Thumb Code    32  msh.o(i.str_common)
    i.uart_init                              0x080043f4   Section        0  board.o(i.uart_init)
    uart_init                                0x080043f5   Thumb Code   162  board.o(i.uart_init)
    i.uart_send_byte                         0x080044bc   Section        0  board.o(i.uart_send_byte)
    i.usage_fault_track                      0x080044d8   Section        0  cpuport.o(i.usage_fault_track)
    usage_fault_track                        0x080044d9   Thumb Code   122  cpuport.o(i.usage_fault_track)
    i.version                                0x080045c0   Section        0  cmd.o(i.version)
    .constdata                               0x080045ca   Section       72  main.o(.constdata)
    __func__                                 0x080045ca   Data          22  main.o(.constdata)
    __func__                                 0x080045e0   Data          23  main.o(.constdata)
    __func__                                 0x080045f7   Data          27  main.o(.constdata)
    .constdata                               0x08004612   Section     2072  oled.o(.constdata)
    .constdata                               0x08004e2a   Section      147  cmd.o(.constdata)
    .constdata                               0x08004ebd   Section       31  msh.o(.constdata)
    .constdata                               0x08004edc   Section      290  kservice.o(.constdata)
    small_digits                             0x08004fdc   Data          17  kservice.o(.constdata)
    large_digits                             0x08004fed   Data          17  kservice.o(.constdata)
    .constdata                               0x08004ffe   Section        9  mem.o(.constdata)
    .conststring                             0x08005008   Section       68  cmd.o(.conststring)
    .rti_fn.0                                0x0800504c   Section        4  components.o(.rti_fn.0)
    __tagsym$$used                           0x0800504c   Number         0  components.o(.rti_fn.0)
    .rti_fn.0.end                            0x08005050   Section        4  components.o(.rti_fn.0.end)
    __tagsym$$used                           0x08005050   Number         0  components.o(.rti_fn.0.end)
    .rti_fn.1.end                            0x08005054   Section        4  components.o(.rti_fn.1.end)
    __tagsym$$used                           0x08005054   Number         0  components.o(.rti_fn.1.end)
    .rti_fn.6                                0x08005058   Section        4  shell.o(.rti_fn.6)
    __tagsym$$used                           0x08005058   Number         0  shell.o(.rti_fn.6)
    .rti_fn.6.end                            0x0800505c   Section        4  components.o(.rti_fn.6.end)
    __tagsym$$used                           0x0800505c   Number         0  components.o(.rti_fn.6.end)
    FSymTab                                  0x08005060   Section       96  cmd.o(FSymTab)
    __tagsym$$used                           0x08005060   Number         0  cmd.o(FSymTab)
    __tagsym$$used                           0x08005068   Number         0  cmd.o(FSymTab)
    __tagsym$$used                           0x08005070   Number         0  cmd.o(FSymTab)
    __tagsym$$used                           0x08005078   Number         0  cmd.o(FSymTab)
    __tagsym$$used                           0x08005080   Number         0  cmd.o(FSymTab)
    __tagsym$$used                           0x08005088   Number         0  cmd.o(FSymTab)
    __tagsym$$used                           0x08005090   Number         0  cmd.o(FSymTab)
    __tagsym$$used                           0x08005098   Number         0  cmd.o(FSymTab)
    __tagsym$$used                           0x080050a0   Number         0  cmd.o(FSymTab)
    __tagsym$$used                           0x080050a8   Number         0  cmd.o(FSymTab)
    __tagsym$$used                           0x080050b0   Number         0  cmd.o(FSymTab)
    __tagsym$$used                           0x080050b8   Number         0  cmd.o(FSymTab)
    FSymTab                                  0x080050c0   Section       24  msh.o(FSymTab)
    __tagsym$$used                           0x080050c0   Number         0  msh.o(FSymTab)
    __tagsym$$used                           0x080050c8   Number         0  msh.o(FSymTab)
    __tagsym$$used                           0x080050d0   Number         0  msh.o(FSymTab)
    FSymTab                                  0x080050d8   Section        8  mem.o(FSymTab)
    __tagsym$$used                           0x080050d8   Number         0  mem.o(FSymTab)
    .data                                    0x20000000   Section     1036  main.o(.data)
    led_tid                                  0x20000400   Data           4  main.o(.data)
    key_tid                                  0x20000404   Data           4  main.o(.data)
    oled_tid                                 0x20000408   Data           4  main.o(.data)
    .data                                    0x2000040c   Section       20  system_stm32f10x.o(.data)
    .data                                    0x20000420   Section       20  stm32f10x_rcc.o(.data)
    APBAHBPrescTable                         0x20000420   Data          16  stm32f10x_rcc.o(.data)
    ADCPrescTable                            0x20000430   Data           4  stm32f10x_rcc.o(.data)
    .data                                    0x20000434   Section      896  oled.o(.data)
    .data                                    0x200007b4   Section        1  key.o(.data)
    key_up                                   0x200007b4   Data           1  key.o(.data)
    .data                                    0x200007b8   Section       24  shell.o(.data)
    finsh_prompt_custom                      0x200007cc   Data           4  shell.o(.data)
    .data                                    0x200007d0   Section       16  cpuport.o(.data)
    rt_exception_hook                        0x200007dc   Data           4  cpuport.o(.data)
    .data                                    0x200007e0   Section        4  clock.o(.data)
    rt_tick                                  0x200007e0   Data           4  clock.o(.data)
    .data                                    0x200007e4   Section        1  irq.o(.data)
    .data                                    0x200007e8   Section       24  mem.o(.data)
    heap_ptr                                 0x200007e8   Data           4  mem.o(.data)
    heap_end                                 0x200007ec   Data           4  mem.o(.data)
    lfree                                    0x200007f0   Data           4  mem.o(.data)
    mem_size_aligned                         0x200007f4   Data           4  mem.o(.data)
    used_mem                                 0x200007f8   Data           4  mem.o(.data)
    max_mem                                  0x200007fc   Data           4  mem.o(.data)
    .data                                    0x20000800   Section       64  object.o(.data)
    rt_object_container                      0x20000800   Data          64  object.o(.data)
    .data                                    0x20000840   Section       24  scheduler.o(.data)
    rt_scheduler_lock_nest                   0x20000840   Data           2  scheduler.o(.data)
    .data                                    0x20000858   Section       12  timer.o(.data)
    rt_timer_list                            0x20000858   Data           8  timer.o(.data)
    random_nr                                0x20000860   Data           4  timer.o(.data)
    .bss                                     0x20000864   Section      129  shell.o(.bss)
    finsh_prompt                             0x20000864   Data         129  shell.o(.bss)
    .bss                                     0x200008e8   Section      376  idle.o(.bss)
    idle                                     0x200008e8   Data         120  idle.o(.bss)
    rt_thread_stack                          0x20000960   Data         256  idle.o(.bss)
    .bss                                     0x20000a60   Section      128  kservice.o(.bss)
    rt_log_buf                               0x20000a60   Data         128  kservice.o(.bss)
    .bss                                     0x20000ae0   Section       32  mem.o(.bss)
    heap_sem                                 0x20000ae0   Data          32  mem.o(.bss)
    .bss                                     0x20000b00   Section       64  scheduler.o(.bss)
    .bss                                     0x20000b40   Section     4172  board.o(.bss)
    rt_heap                                  0x20000b40   Data        4096  board.o(.bss)
    shell_rx_sem                             0x20001b5c   Data          32  board.o(.bss)
    UartHandle                               0x20001b7c   Data          16  board.o(.bss)
    STACK                                    0x20001b90   Section     1024  startup_stm32f10x_hd.o(STACK)

    Global Symbols

    Symbol Name                              Value     Ov Type        Size  Object(Section)

    BuildAttributes$$THM_ISAv4$P$D$K$B$S$PE$A:L22UL41UL21$X:L11$S22US41US21$IEEE1$IW$USESV6$~STKCKD$USESV7$~SHL$OTIME$ROPI$EBA8$MICROLIB$REQ8$PRES8$EABIv2 0x00000000   Number         0  anon$$obj.o ABSOLUTE
    __ARM_use_no_argv                        0x00000000   Number         0  main.o ABSOLUTE
    __cpp_initialize__aeabi_                  - Undefined Weak Reference
    __cxa_finalize                            - Undefined Weak Reference
    _clock_init                               - Undefined Weak Reference
    _microlib_exit                            - Undefined Weak Reference
    __Vectors_Size                           0x00000130   Number         0  startup_stm32f10x_hd.o ABSOLUTE
    __Vectors                                0x08000000   Data           4  startup_stm32f10x_hd.o(RESET)
    __Vectors_End                            0x08000130   Data           0  startup_stm32f10x_hd.o(RESET)
    __main                                   0x08000131   Thumb Code     0  entry.o(.ARM.Collect$$$$00000000)
    _main_stk                                0x08000131   Thumb Code     0  entry2.o(.ARM.Collect$$$$00000001)
    _main_scatterload                        0x08000135   Thumb Code     0  entry5.o(.ARM.Collect$$$$00000004)
    __main_after_scatterload                 0x08000139   Thumb Code     0  entry5.o(.ARM.Collect$$$$00000004)
    _main_clock                              0x08000139   Thumb Code     0  entry7b.o(.ARM.Collect$$$$00000008)
    _main_cpp_init                           0x08000139   Thumb Code     0  entry8b.o(.ARM.Collect$$$$0000000A)
    _main_init                               0x08000139   Thumb Code     0  entry9a.o(.ARM.Collect$$$$0000000B)
    __rt_final_cpp                           0x08000141   Thumb Code     0  entry10a.o(.ARM.Collect$$$$0000000D)
    __rt_final_exit                          0x08000141   Thumb Code     0  entry11a.o(.ARM.Collect$$$$0000000F)
    Reset_Handler                            0x08000145   Thumb Code     8  startup_stm32f10x_hd.o(.text)
    ADC1_2_IRQHandler                        0x0800015f   Thumb Code     0  startup_stm32f10x_hd.o(.text)
    ADC3_IRQHandler                          0x0800015f   Thumb Code     0  startup_stm32f10x_hd.o(.text)
    CAN1_RX1_IRQHandler                      0x0800015f   Thumb Code     0  startup_stm32f10x_hd.o(.text)
    CAN1_SCE_IRQHandler                      0x0800015f   Thumb Code     0  startup_stm32f10x_hd.o(.text)
    DMA1_Channel1_IRQHandler                 0x0800015f   Thumb Code     0  startup_stm32f10x_hd.o(.text)
    DMA1_Channel2_IRQHandler                 0x0800015f   Thumb Code     0  startup_stm32f10x_hd.o(.text)
    DMA1_Channel3_IRQHandler                 0x0800015f   Thumb Code     0  startup_stm32f10x_hd.o(.text)
    DMA1_Channel4_IRQHandler                 0x0800015f   Thumb Code     0  startup_stm32f10x_hd.o(.text)
    DMA1_Channel5_IRQHandler                 0x0800015f   Thumb Code     0  startup_stm32f10x_hd.o(.text)
    DMA1_Channel6_IRQHandler                 0x0800015f   Thumb Code     0  startup_stm32f10x_hd.o(.text)
    DMA1_Channel7_IRQHandler                 0x0800015f   Thumb Code     0  startup_stm32f10x_hd.o(.text)
    DMA2_Channel1_IRQHandler                 0x0800015f   Thumb Code     0  startup_stm32f10x_hd.o(.text)
    DMA2_Channel2_IRQHandler                 0x0800015f   Thumb Code     0  startup_stm32f10x_hd.o(.text)
    DMA2_Channel3_IRQHandler                 0x0800015f   Thumb Code     0  startup_stm32f10x_hd.o(.text)
    DMA2_Channel4_5_IRQHandler               0x0800015f   Thumb Code     0  startup_stm32f10x_hd.o(.text)
    EXTI0_IRQHandler                         0x0800015f   Thumb Code     0  startup_stm32f10x_hd.o(.text)
    EXTI15_10_IRQHandler                     0x0800015f   Thumb Code     0  startup_stm32f10x_hd.o(.text)
    EXTI1_IRQHandler                         0x0800015f   Thumb Code     0  startup_stm32f10x_hd.o(.text)
    EXTI2_IRQHandler                         0x0800015f   Thumb Code     0  startup_stm32f10x_hd.o(.text)
    EXTI3_IRQHandler                         0x0800015f   Thumb Code     0  startup_stm32f10x_hd.o(.text)
    EXTI4_IRQHandler                         0x0800015f   Thumb Code     0  startup_stm32f10x_hd.o(.text)
    EXTI9_5_IRQHandler                       0x0800015f   Thumb Code     0  startup_stm32f10x_hd.o(.text)
    FLASH_IRQHandler                         0x0800015f   Thumb Code     0  startup_stm32f10x_hd.o(.text)
    FSMC_IRQHandler                          0x0800015f   Thumb Code     0  startup_stm32f10x_hd.o(.text)
    I2C1_ER_IRQHandler                       0x0800015f   Thumb Code     0  startup_stm32f10x_hd.o(.text)
    I2C1_EV_IRQHandler                       0x0800015f   Thumb Code     0  startup_stm32f10x_hd.o(.text)
    I2C2_ER_IRQHandler                       0x0800015f   Thumb Code     0  startup_stm32f10x_hd.o(.text)
    I2C2_EV_IRQHandler                       0x0800015f   Thumb Code     0  startup_stm32f10x_hd.o(.text)
    PVD_IRQHandler                           0x0800015f   Thumb Code     0  startup_stm32f10x_hd.o(.text)
    RCC_IRQHandler                           0x0800015f   Thumb Code     0  startup_stm32f10x_hd.o(.text)
    RTCAlarm_IRQHandler                      0x0800015f   Thumb Code     0  startup_stm32f10x_hd.o(.text)
    RTC_IRQHandler                           0x0800015f   Thumb Code     0  startup_stm32f10x_hd.o(.text)
    SDIO_IRQHandler                          0x0800015f   Thumb Code     0  startup_stm32f10x_hd.o(.text)
    SPI1_IRQHandler                          0x0800015f   Thumb Code     0  startup_stm32f10x_hd.o(.text)
    SPI2_IRQHandler                          0x0800015f   Thumb Code     0  startup_stm32f10x_hd.o(.text)
    SPI3_IRQHandler                          0x0800015f   Thumb Code     0  startup_stm32f10x_hd.o(.text)
    TAMPER_IRQHandler                        0x0800015f   Thumb Code     0  startup_stm32f10x_hd.o(.text)
    TIM1_BRK_IRQHandler                      0x0800015f   Thumb Code     0  startup_stm32f10x_hd.o(.text)
    TIM1_CC_IRQHandler                       0x0800015f   Thumb Code     0  startup_stm32f10x_hd.o(.text)
    TIM1_TRG_COM_IRQHandler                  0x0800015f   Thumb Code     0  startup_stm32f10x_hd.o(.text)
    TIM1_UP_IRQHandler                       0x0800015f   Thumb Code     0  startup_stm32f10x_hd.o(.text)
    TIM2_IRQHandler                          0x0800015f   Thumb Code     0  startup_stm32f10x_hd.o(.text)
    TIM3_IRQHandler                          0x0800015f   Thumb Code     0  startup_stm32f10x_hd.o(.text)
    TIM4_IRQHandler                          0x0800015f   Thumb Code     0  startup_stm32f10x_hd.o(.text)
    TIM5_IRQHandler                          0x0800015f   Thumb Code     0  startup_stm32f10x_hd.o(.text)
    TIM6_IRQHandler                          0x0800015f   Thumb Code     0  startup_stm32f10x_hd.o(.text)
    TIM7_IRQHandler                          0x0800015f   Thumb Code     0  startup_stm32f10x_hd.o(.text)
    TIM8_BRK_IRQHandler                      0x0800015f   Thumb Code     0  startup_stm32f10x_hd.o(.text)
    TIM8_CC_IRQHandler                       0x0800015f   Thumb Code     0  startup_stm32f10x_hd.o(.text)
    TIM8_TRG_COM_IRQHandler                  0x0800015f   Thumb Code     0  startup_stm32f10x_hd.o(.text)
    TIM8_UP_IRQHandler                       0x0800015f   Thumb Code     0  startup_stm32f10x_hd.o(.text)
    UART4_IRQHandler                         0x0800015f   Thumb Code     0  startup_stm32f10x_hd.o(.text)
    UART5_IRQHandler                         0x0800015f   Thumb Code     0  startup_stm32f10x_hd.o(.text)
    USART2_IRQHandler                        0x0800015f   Thumb Code     0  startup_stm32f10x_hd.o(.text)
    USART3_IRQHandler                        0x0800015f   Thumb Code     0  startup_stm32f10x_hd.o(.text)
    USBWakeUp_IRQHandler                     0x0800015f   Thumb Code     0  startup_stm32f10x_hd.o(.text)
    USB_HP_CAN1_TX_IRQHandler                0x0800015f   Thumb Code     0  startup_stm32f10x_hd.o(.text)
    USB_LP_CAN1_RX0_IRQHandler               0x0800015f   Thumb Code     0  startup_stm32f10x_hd.o(.text)
    WWDG_IRQHandler                          0x0800015f   Thumb Code     0  startup_stm32f10x_hd.o(.text)
    rt_hw_interrupt_disable                  0x08000169   Thumb Code     8  context_rvds.o(.text)
    rt_hw_interrupt_enable                   0x08000171   Thumb Code     6  context_rvds.o(.text)
    rt_hw_context_switch                     0x08000177   Thumb Code    32  context_rvds.o(.text)
    rt_hw_context_switch_interrupt           0x08000177   Thumb Code     0  context_rvds.o(.text)
    PendSV_Handler                           0x08000197   Thumb Code    60  context_rvds.o(.text)
    rt_hw_context_switch_to                  0x080001d3   Thumb Code    58  context_rvds.o(.text)
    rt_hw_interrupt_thread_switch            0x0800020d   Thumb Code     2  context_rvds.o(.text)
    HardFault_Handler                        0x0800020f   Thumb Code    52  context_rvds.o(.text)
    __aeabi_memcpy                           0x0800025d   Thumb Code    36  memcpya.o(.text)
    __aeabi_memcpy4                          0x0800025d   Thumb Code     0  memcpya.o(.text)
    __aeabi_memcpy8                          0x0800025d   Thumb Code     0  memcpya.o(.text)
    __aeabi_memset                           0x08000281   Thumb Code    14  memseta.o(.text)
    __aeabi_memset4                          0x08000281   Thumb Code     0  memseta.o(.text)
    __aeabi_memset8                          0x08000281   Thumb Code     0  memseta.o(.text)
    __aeabi_memclr                           0x0800028f   Thumb Code     4  memseta.o(.text)
    __aeabi_memclr4                          0x0800028f   Thumb Code     0  memseta.o(.text)
    __aeabi_memclr8                          0x0800028f   Thumb Code     0  memseta.o(.text)
    _memset$wrapper                          0x08000293   Thumb Code    18  memseta.o(.text)
    strcat                                   0x080002a5   Thumb Code    24  strcat.o(.text)
    strncpy                                  0x080002bd   Thumb Code    24  strncpy.o(.text)
    strlen                                   0x080002d5   Thumb Code    14  strlen.o(.text)
    strcpy                                   0x080002e3   Thumb Code    18  strcpy.o(.text)
    strncmp                                  0x080002f5   Thumb Code    30  strncmp.o(.text)
    __scatterload                            0x08000315   Thumb Code    28  init.o(.text)
    __scatterload_rt2                        0x08000315   Thumb Code     0  init.o(.text)
    __decompress                             0x08000339   Thumb Code     0  __dczerorl2.o(.text)
    __decompress1                            0x08000339   Thumb Code    86  __dczerorl2.o(.text)
    main                                     0x0800038f   Thumb Code    10  components.o(i.$Sub$$main)
    BEEP_Init                                0x08000399   Thumb Code    50  beep.o(i.BEEP_Init)
    BusFault_Handler                         0x080003d1   Thumb Code     4  stm32f10x_it.o(i.BusFault_Handler)
    DebugMon_Handler                         0x080003d5   Thumb Code     2  stm32f10x_it.o(i.DebugMon_Handler)
    GPIO_Init                                0x080003d7   Thumb Code   278  stm32f10x_gpio.o(i.GPIO_Init)
    GPIO_ReadInputDataBit                    0x080004ed   Thumb Code    18  stm32f10x_gpio.o(i.GPIO_ReadInputDataBit)
    GPIO_ResetBits                           0x080004ff   Thumb Code     4  stm32f10x_gpio.o(i.GPIO_ResetBits)
    GPIO_SetBits                             0x08000503   Thumb Code     4  stm32f10x_gpio.o(i.GPIO_SetBits)
    KEY_Init                                 0x08000509   Thumb Code    52  key.o(i.KEY_Init)
    KEY_Scan                                 0x08000545   Thumb Code   152  key.o(i.KEY_Scan)
    LED_Init                                 0x080005e9   Thumb Code    68  led.o(i.LED_Init)
    MemManage_Handler                        0x08000635   Thumb Code     4  stm32f10x_it.o(i.MemManage_Handler)
    NMI_Handler                              0x08000639   Thumb Code     2  stm32f10x_it.o(i.NMI_Handler)
    NVIC_Init                                0x0800063d   Thumb Code   100  misc.o(i.NVIC_Init)
    OLED_Clear                               0x080006ad   Thumb Code    64  oled.o(i.OLED_Clear)
    OLED_DrawBMP                             0x080006ed   Thumb Code   118  oled.o(i.OLED_DrawBMP)
    OLED_Init                                0x08000765   Thumb Code   336  oled.o(i.OLED_Init)
    OLED_Set_Pos                             0x080008c1   Thumb Code    46  oled.o(i.OLED_Set_Pos)
    OLED_ShowCHinese                         0x080008f1   Thumb Code    98  oled.o(i.OLED_ShowCHinese)
    OLED_ShowChar                            0x08000959   Thumb Code   106  oled.o(i.OLED_ShowChar)
    OLED_ShowNum                             0x080009c9   Thumb Code   132  oled.o(i.OLED_ShowNum)
    OLED_ShowString                          0x08000a4d   Thumb Code    54  oled.o(i.OLED_ShowString)
    OLED_WR_Byte                             0x08000a85   Thumb Code   126  oled.o(i.OLED_WR_Byte)
    RCC_APB1PeriphClockCmd                   0x08000b09   Thumb Code    26  stm32f10x_rcc.o(i.RCC_APB1PeriphClockCmd)
    RCC_APB2PeriphClockCmd                   0x08000b29   Thumb Code    26  stm32f10x_rcc.o(i.RCC_APB2PeriphClockCmd)
    RCC_GetClocksFreq                        0x08000b49   Thumb Code   192  stm32f10x_rcc.o(i.RCC_GetClocksFreq)
    SVC_Handler                              0x08000c1d   Thumb Code     2  stm32f10x_it.o(i.SVC_Handler)
    SysTick_Handler                          0x08000d09   Thumb Code    16  board.o(i.SysTick_Handler)
    SystemCoreClockUpdate                    0x08000d19   Thumb Code   142  system_stm32f10x.o(i.SystemCoreClockUpdate)
    SystemInit                               0x08000dbd   Thumb Code    78  system_stm32f10x.o(i.SystemInit)
    TIM_Cmd                                  0x08000e1d   Thumb Code    24  stm32f10x_tim.o(i.TIM_Cmd)
    TIM_TimeBaseInit                         0x08000e35   Thumb Code   122  stm32f10x_tim.o(i.TIM_TimeBaseInit)
    USART1_IRQHandler                        0x08000ed9   Thumb Code    86  board.o(i.USART1_IRQHandler)
    USART_Cmd                                0x08000f3d   Thumb Code    24  stm32f10x_usart.o(i.USART_Cmd)
    USART_GetFlagStatus                      0x08000f55   Thumb Code    26  stm32f10x_usart.o(i.USART_GetFlagStatus)
    USART_GetITStatus                        0x08000f6f   Thumb Code    84  stm32f10x_usart.o(i.USART_GetITStatus)
    USART_ITConfig                           0x08000fc3   Thumb Code    74  stm32f10x_usart.o(i.USART_ITConfig)
    USART_Init                               0x0800100d   Thumb Code   210  stm32f10x_usart.o(i.USART_Init)
    UsageFault_Handler                       0x080010e5   Thumb Code     4  stm32f10x_it.o(i.UsageFault_Handler)
    __rt_ffs                                 0x08001119   Thumb Code    70  kservice.o(i.__rt_ffs)
    __scatterload_copy                       0x08001165   Thumb Code    14  handlers.o(i.__scatterload_copy)
    __scatterload_null                       0x08001173   Thumb Code     2  handlers.o(i.__scatterload_null)
    __scatterload_zeroinit                   0x08001175   Thumb Code    14  handlers.o(i.__scatterload_zeroinit)
    cmd_free                                 0x080016b9   Thumb Code    14  msh.o(i.cmd_free)
    cmd_ps                                   0x080016c7   Thumb Code    14  msh.o(i.cmd_ps)
    delay_init                               0x080016d5   Thumb Code    48  bsp_tim.o(i.delay_init)
    delay_us                                 0x08001709   Thumb Code    82  bsp_tim.o(i.delay_us)
    finsh_get_prompt                         0x08001761   Thumb Code    84  shell.o(i.finsh_get_prompt)
    finsh_set_prompt_mode                    0x080017dd   Thumb Code    22  shell.o(i.finsh_set_prompt_mode)
    finsh_system_function_init               0x080017f9   Thumb Code    10  shell.o(i.finsh_system_function_init)
    finsh_system_init                        0x0800180d   Thumb Code    98  shell.o(i.finsh_system_init)
    finsh_thread_entry                       0x080018a9   Thumb Code   936  shell.o(i.finsh_thread_entry)
    hello                                    0x08001cf1   Thumb Code    12  cmd.o(i.hello)
    list                                     0x08001d11   Thumb Code    52  cmd.o(i.list)
    list_mailbox                             0x08001e1d   Thumb Code   224  cmd.o(i.list_mailbox)
    list_mem                                 0x08001f79   Thumb Code    34  mem.o(i.list_mem)
    list_sem                                 0x08001ff1   Thumb Code   216  cmd.o(i.list_sem)
    list_thread                              0x08002129   Thumb Code   294  cmd.o(i.list_thread)
    list_timer                               0x0800230d   Thumb Code   190  cmd.o(i.list_timer)
    $Super$$main                             0x0800246d   Thumb Code    20  main.o(i.main)
    main_thread_entry                        0x08002481   Thumb Code    14  components.o(i.main_thread_entry)
    msh_auto_complete                        0x08002579   Thumb Code   138  msh.o(i.msh_auto_complete)
    msh_exec                                 0x08002619   Thumb Code    82  msh.o(i.msh_exec)
    msh_help                                 0x080026e1   Thumb Code    64  msh.o(i.msh_help)
    msh_is_used                              0x08002755   Thumb Code     4  msh.o(i.msh_is_used)
    oled_pow                                 0x08002865   Thumb Code    22  oled.o(i.oled_pow)
    rt_application_init                      0x08002a8d   Thumb Code    32  components.o(i.rt_application_init)
    rt_calloc                                0x08002ab9   Thumb Code    34  mem.o(i.rt_calloc)
    rt_components_board_init                 0x08002add   Thumb Code    20  components.o(i.rt_components_board_init)
    rt_components_init                       0x08002af9   Thumb Code    20  components.o(i.rt_components_init)
    rt_enter_critical                        0x08002b15   Thumb Code    28  scheduler.o(i.rt_enter_critical)
    rt_exit_critical                         0x08002b35   Thumb Code    60  scheduler.o(i.rt_exit_critical)
    rt_free                                  0x08002b79   Thumb Code   128  mem.o(i.rt_free)
    rt_heap_begin_get                        0x08002c59   Thumb Code     4  board.o(i.rt_heap_begin_get)
    rt_heap_end_get                          0x08002c61   Thumb Code     4  board.o(i.rt_heap_end_get)
    rt_hw_board_init                         0x08002c69   Thumb Code    52  board.o(i.rt_hw_board_init)
    rt_hw_console_getchar                    0x08002ca1   Thumb Code    36  board.o(i.rt_hw_console_getchar)
    rt_hw_console_output                     0x08002ccd   Thumb Code    52  board.o(i.rt_hw_console_output)
    rt_hw_hard_fault_exception               0x08002d01   Thumb Code   198  cpuport.o(i.rt_hw_hard_fault_exception)
    rt_hw_stack_init                         0x08002f09   Thumb Code    70  cpuport.o(i.rt_hw_stack_init)
    rt_interrupt_enter                       0x08002f55   Thumb Code    26  irq.o(i.rt_interrupt_enter)
    rt_interrupt_leave                       0x08002f75   Thumb Code    26  irq.o(i.rt_interrupt_leave)
    rt_kprintf                               0x08003025   Thumb Code    44  kservice.o(i.rt_kprintf)
    rt_malloc                                0x08003109   Thumb Code   336  mem.o(i.rt_malloc)
    rt_memmove                               0x08003275   Thumb Code    66  kservice.o(i.rt_memmove)
    rt_memset                                0x080032b7   Thumb Code    72  kservice.o(i.rt_memset)
    rt_object_allocate                       0x080032ff   Thumb Code    84  object.o(i.rt_object_allocate)
    rt_object_delete                         0x08003353   Thumb Code    36  object.o(i.rt_object_delete)
    rt_object_detach                         0x08003377   Thumb Code    30  object.o(i.rt_object_detach)
    rt_object_get_information                0x08003395   Thumb Code    36  object.o(i.rt_object_get_information)
    rt_object_init                           0x080033bd   Thumb Code    86  object.o(i.rt_object_init)
    rt_object_is_systemobject                0x08003413   Thumb Code    18  object.o(i.rt_object_is_systemobject)
    rt_ringbuffer_data_len                   0x08003425   Thumb Code   108  board.o(i.rt_ringbuffer_data_len)
    rt_ringbuffer_getchar                    0x08003491   Thumb Code    88  board.o(i.rt_ringbuffer_getchar)
    rt_ringbuffer_init                       0x080034e9   Thumb Code    48  board.o(i.rt_ringbuffer_init)
    rt_ringbuffer_putchar                    0x08003519   Thumb Code    90  board.o(i.rt_ringbuffer_putchar)
    rt_schedule                              0x08003575   Thumb Code   106  scheduler.o(i.rt_schedule)
    rt_schedule_insert_thread                0x080035f9   Thumb Code    72  scheduler.o(i.rt_schedule_insert_thread)
    rt_schedule_remove_thread                0x08003649   Thumb Code    76  scheduler.o(i.rt_schedule_remove_thread)
    rt_sem_init                              0x0800369d   Thumb Code    38  ipc.o(i.rt_sem_init)
    rt_sem_release                           0x080036c3   Thumb Code    58  ipc.o(i.rt_sem_release)
    rt_sem_take                              0x080036fd   Thumb Code   116  ipc.o(i.rt_sem_take)
    rt_show_version                          0x08003771   Thumb Code    38  kservice.o(i.rt_show_version)
    rt_strlen                                0x08003821   Thumb Code    18  kservice.o(i.rt_strlen)
    rt_strncpy                               0x08003833   Thumb Code    52  kservice.o(i.rt_strncpy)
    rt_system_heap_init                      0x08003869   Thumb Code   160  mem.o(i.rt_system_heap_init)
    rt_system_scheduler_init                 0x08003961   Thumb Code    52  scheduler.o(i.rt_system_scheduler_init)
    rt_system_scheduler_start                0x080039ad   Thumb Code    36  scheduler.o(i.rt_system_scheduler_start)
    rt_system_timer_init                     0x080039dd   Thumb Code    24  timer.o(i.rt_system_timer_init)
    rt_system_timer_thread_init              0x080039f9   Thumb Code     2  timer.o(i.rt_system_timer_thread_init)
    rt_thread_create                         0x080039fb   Thumb Code    80  thread.o(i.rt_thread_create)
    rt_thread_exit                           0x08003a4d   Thumb Code    76  thread.o(i.rt_thread_exit)
    rt_thread_idle_excute                    0x08003aa9   Thumb Code   134  idle.o(i.rt_thread_idle_excute)
    rt_thread_idle_init                      0x08003b35   Thumb Code    38  idle.o(i.rt_thread_idle_init)
    rt_thread_init                           0x08003b71   Thumb Code    52  thread.o(i.rt_thread_init)
    rt_thread_mdelay                         0x08003ba5   Thumb Code    20  thread.o(i.rt_thread_mdelay)
    rt_thread_resume                         0x08003bb9   Thumb Code    60  thread.o(i.rt_thread_resume)
    rt_thread_self                           0x08003bf5   Thumb Code     6  thread.o(i.rt_thread_self)
    rt_thread_sleep                          0x08003c01   Thumb Code    62  thread.o(i.rt_thread_sleep)
    rt_thread_startup                        0x08003c45   Thumb Code    44  thread.o(i.rt_thread_startup)
    rt_thread_suspend                        0x08003c71   Thumb Code    68  thread.o(i.rt_thread_suspend)
    rt_thread_timeout                        0x08003cb5   Thumb Code    32  thread.o(i.rt_thread_timeout)
    rt_thread_yield                          0x08003cd5   Thumb Code    92  thread.o(i.rt_thread_yield)
    rt_tick_from_millisecond                 0x08003d39   Thumb Code    56  clock.o(i.rt_tick_from_millisecond)
    rt_tick_get                              0x08003d71   Thumb Code     6  clock.o(i.rt_tick_get)
    rt_tick_increase                         0x08003d7d   Thumb Code    42  clock.o(i.rt_tick_increase)
    rt_timer_check                           0x08003dad   Thumb Code   118  timer.o(i.rt_timer_check)
    rt_timer_control                         0x08003e29   Thumb Code    56  timer.o(i.rt_timer_control)
    rt_timer_detach                          0x08003e61   Thumb Code    32  timer.o(i.rt_timer_detach)
    rt_timer_init                            0x08003e81   Thumb Code    46  timer.o(i.rt_timer_init)
    rt_timer_start                           0x08003eb1   Thumb Code   238  timer.o(i.rt_timer_start)
    rt_timer_stop                            0x08003fa9   Thumb Code    48  timer.o(i.rt_timer_stop)
    rt_vsnprintf                             0x08003fd9   Thumb Code   808  kservice.o(i.rt_vsnprintf)
    rtthread_startup                         0x08004319   Thumb Code    42  components.o(i.rtthread_startup)
    uart_send_byte                           0x080044bd   Thumb Code    22  board.o(i.uart_send_byte)
    version                                  0x080045c1   Thumb Code    10  cmd.o(i.version)
    F6x8                                     0x08004612   Data         552  oled.o(.constdata)
    F8X16                                    0x0800483a   Data        1520  oled.o(.constdata)
    __fsym_hello_name                        0x08004e2a   Data           6  cmd.o(.constdata)
    __fsym_version_name                      0x08004e30   Data           8  cmd.o(.constdata)
    __fsym___cmd_version_name                0x08004e38   Data          14  cmd.o(.constdata)
    __fsym_list_thread_name                  0x08004e46   Data          12  cmd.o(.constdata)
    __fsym___cmd_list_thread_name            0x08004e52   Data          18  cmd.o(.constdata)
    __fsym_list_sem_name                     0x08004e64   Data           9  cmd.o(.constdata)
    __fsym___cmd_list_sem_name               0x08004e6d   Data          15  cmd.o(.constdata)
    __fsym_list_mailbox_name                 0x08004e7c   Data          13  cmd.o(.constdata)
    __fsym___cmd_list_mailbox_name           0x08004e89   Data          19  cmd.o(.constdata)
    __fsym_list_timer_name                   0x08004e9c   Data          11  cmd.o(.constdata)
    __fsym___cmd_list_timer_name             0x08004ea7   Data          17  cmd.o(.constdata)
    __fsym_list_name                         0x08004eb8   Data           5  cmd.o(.constdata)
    __fsym___cmd_help_name                   0x08004ebd   Data          11  msh.o(.constdata)
    __fsym___cmd_ps_name                     0x08004ec8   Data           9  msh.o(.constdata)
    __fsym___cmd_free_name                   0x08004ed1   Data          11  msh.o(.constdata)
    __lowest_bit_bitmap                      0x08004edc   Data         256  kservice.o(.constdata)
    __fsym_list_mem_name                     0x08004ffe   Data           9  mem.o(.constdata)
    __rt_init_rti_start                      0x0800504c   Data           4  components.o(.rti_fn.0)
    __rt_init_rti_board_start                0x08005050   Data           4  components.o(.rti_fn.0.end)
    __rt_init_rti_board_end                  0x08005054   Data           4  components.o(.rti_fn.1.end)
    __rt_init_finsh_system_init              0x08005058   Data           4  shell.o(.rti_fn.6)
    __rt_init_rti_end                        0x0800505c   Data           4  components.o(.rti_fn.6.end)
    FSymTab$$Base                            0x08005060   Number         0  cmd.o(FSymTab)
    __fsym_hello                             0x08005060   Data           8  cmd.o(FSymTab)
    __fsym_version                           0x08005068   Data           8  cmd.o(FSymTab)
    __fsym___cmd_version                     0x08005070   Data           8  cmd.o(FSymTab)
    __fsym_list_thread                       0x08005078   Data           8  cmd.o(FSymTab)
    __fsym___cmd_list_thread                 0x08005080   Data           8  cmd.o(FSymTab)
    __fsym_list_sem                          0x08005088   Data           8  cmd.o(FSymTab)
    __fsym___cmd_list_sem                    0x08005090   Data           8  cmd.o(FSymTab)
    __fsym_list_mailbox                      0x08005098   Data           8  cmd.o(FSymTab)
    __fsym___cmd_list_mailbox                0x080050a0   Data           8  cmd.o(FSymTab)
    __fsym_list_timer                        0x080050a8   Data           8  cmd.o(FSymTab)
    __fsym___cmd_list_timer                  0x080050b0   Data           8  cmd.o(FSymTab)
    __fsym_list                              0x080050b8   Data           8  cmd.o(FSymTab)
    __fsym___cmd_help                        0x080050c0   Data           8  msh.o(FSymTab)
    __fsym___cmd_ps                          0x080050c8   Data           8  msh.o(FSymTab)
    __fsym___cmd_free                        0x080050d0   Data           8  msh.o(FSymTab)
    __fsym_list_mem                          0x080050d8   Data           8  mem.o(FSymTab)
    FSymTab$$Limit                           0x080050e0   Number         0  mem.o(FSymTab)
    Region$$Table$$Base                      0x080050e0   Number         0  anon$$obj.o(Region$$Table)
    Region$$Table$$Limit                     0x08005100   Number         0  anon$$obj.o(Region$$Table)
    BMP1                                     0x20000000   Data        1024  main.o(.data)
    SystemCoreClock                          0x2000040c   Data           4  system_stm32f10x.o(.data)
    AHBPrescTable                            0x20000410   Data          16  system_stm32f10x.o(.data)
    Hzk                                      0x20000434   Data         896  oled.o(.data)
    _syscall_table_begin                     0x200007b8   Data           4  shell.o(.data)
    _syscall_table_end                       0x200007bc   Data           4  shell.o(.data)
    _sysvar_table_begin                      0x200007c0   Data           4  shell.o(.data)
    _sysvar_table_end                        0x200007c4   Data           4  shell.o(.data)
    shell                                    0x200007c8   Data           4  shell.o(.data)
    rt_interrupt_from_thread                 0x200007d0   Data           4  cpuport.o(.data)
    rt_interrupt_to_thread                   0x200007d4   Data           4  cpuport.o(.data)
    rt_thread_switch_interrupt_flag          0x200007d8   Data           4  cpuport.o(.data)
    rt_interrupt_nest                        0x200007e4   Data           1  irq.o(.data)
    rt_current_thread                        0x20000844   Data           4  scheduler.o(.data)
    rt_current_priority                      0x20000848   Data           1  scheduler.o(.data)
    rt_thread_ready_priority_group           0x2000084c   Data           4  scheduler.o(.data)
    rt_thread_defunct                        0x20000850   Data           8  scheduler.o(.data)
    rt_thread_priority_table                 0x20000b00   Data          64  scheduler.o(.bss)
    uart_rx_buf                              0x20001b40   Data          16  board.o(.bss)
    uart_rxcb                                0x20001b50   Data          12  board.o(.bss)
    __initial_sp                             0x20001f90   Data           0  startup_stm32f10x_hd.o(STACK)



==============================================================================

Memory Map of the image

  Image Entry point : 0x08000145

  Load Region LR_1 (Base: 0x08000000, Size: 0x00005964, Max: 0xffffffff, ABSOLUTE, COMPRESSED[0x000053e4])

    Execution Region ER_RO (Base: 0x08000000, Size: 0x00005100, Max: 0xffffffff, ABSOLUTE)

    Base Addr    Size         Type   Attr      Idx    E Section Name        Object

    0x08000000   0x00000130   Data   RO          334    RESET               startup_stm32f10x_hd.o
    0x08000130   0x00000000   Code   RO         4912  * .ARM.Collect$$$$00000000  mc_w.l(entry.o)
    0x08000130   0x00000004   Code   RO         5201    .ARM.Collect$$$$00000001  mc_w.l(entry2.o)
    0x08000134   0x00000004   Code   RO         5204    .ARM.Collect$$$$00000004  mc_w.l(entry5.o)
    0x08000138   0x00000000   Code   RO         5206    .ARM.Collect$$$$00000008  mc_w.l(entry7b.o)
    0x08000138   0x00000000   Code   RO         5208    .ARM.Collect$$$$0000000A  mc_w.l(entry8b.o)
    0x08000138   0x00000008   Code   RO         5209    .ARM.Collect$$$$0000000B  mc_w.l(entry9a.o)
    0x08000140   0x00000000   Code   RO         5211    .ARM.Collect$$$$0000000D  mc_w.l(entry10a.o)
    0x08000140   0x00000000   Code   RO         5213    .ARM.Collect$$$$0000000F  mc_w.l(entry11a.o)
    0x08000140   0x00000004   Code   RO         5202    .ARM.Collect$$$$00002712  mc_w.l(entry2.o)
    0x08000144   0x00000024   Code   RO          335  * .text               startup_stm32f10x_hd.o
    0x08000168   0x000000f4   Code   RO         3836    .text               context_rvds.o
    0x0800025c   0x00000024   Code   RO         4915    .text               mc_w.l(memcpya.o)
    0x08000280   0x00000024   Code   RO         4917    .text               mc_w.l(memseta.o)
    0x080002a4   0x00000018   Code   RO         4919    .text               mc_w.l(strcat.o)
    0x080002bc   0x00000018   Code   RO         4921    .text               mc_w.l(strncpy.o)
    0x080002d4   0x0000000e   Code   RO         4923    .text               mc_w.l(strlen.o)
    0x080002e2   0x00000012   Code   RO         4925    .text               mc_w.l(strcpy.o)
    0x080002f4   0x0000001e   Code   RO         4927    .text               mc_w.l(strncmp.o)
    0x08000312   0x00000002   PAD
    0x08000314   0x00000024   Code   RO         5235    .text               mc_w.l(init.o)
    0x08000338   0x00000056   Code   RO         5255    .text               mc_w.l(__dczerorl2.o)
    0x0800038e   0x0000000a   Code   RO         3937    i.$Sub$$main        components.o
    0x08000398   0x00000038   Code   RO         3306    i.BEEP_Init         beep.o
    0x080003d0   0x00000004   Code   RO          188    i.BusFault_Handler  stm32f10x_it.o
    0x080003d4   0x00000002   Code   RO          189    i.DebugMon_Handler  stm32f10x_it.o
    0x080003d6   0x00000116   Code   RO         1490    i.GPIO_Init         stm32f10x_gpio.o
    0x080004ec   0x00000012   Code   RO         1494    i.GPIO_ReadInputDataBit  stm32f10x_gpio.o
    0x080004fe   0x00000004   Code   RO         1497    i.GPIO_ResetBits    stm32f10x_gpio.o
    0x08000502   0x00000004   Code   RO         1498    i.GPIO_SetBits      stm32f10x_gpio.o
    0x08000506   0x00000002   PAD
    0x08000508   0x0000003c   Code   RO         3549    i.KEY_Init          key.o
    0x08000544   0x000000a4   Code   RO         3550    i.KEY_Scan          key.o
    0x080005e8   0x0000004c   Code   RO         3519    i.LED_Init          led.o
    0x08000634   0x00000004   Code   RO          190    i.MemManage_Handler  stm32f10x_it.o
    0x08000638   0x00000002   Code   RO          191    i.NMI_Handler       stm32f10x_it.o
    0x0800063a   0x00000002   PAD
    0x0800063c   0x00000070   Code   RO          339    i.NVIC_Init         misc.o
    0x080006ac   0x00000040   Code   RO         3431    i.OLED_Clear        oled.o
    0x080006ec   0x00000076   Code   RO         3434    i.OLED_DrawBMP      oled.o
    0x08000762   0x00000002   PAD
    0x08000764   0x0000015c   Code   RO         3435    i.OLED_Init         oled.o
    0x080008c0   0x0000002e   Code   RO         3436    i.OLED_Set_Pos      oled.o
    0x080008ee   0x00000002   PAD
    0x080008f0   0x00000068   Code   RO         3437    i.OLED_ShowCHinese  oled.o
    0x08000958   0x00000070   Code   RO         3438    i.OLED_ShowChar     oled.o
    0x080009c8   0x00000084   Code   RO         3439    i.OLED_ShowNum      oled.o
    0x08000a4c   0x00000036   Code   RO         3440    i.OLED_ShowString   oled.o
    0x08000a82   0x00000002   PAD
    0x08000a84   0x00000084   Code   RO         3441    i.OLED_WR_Byte      oled.o
    0x08000b08   0x00000020   Code   RO         1906    i.RCC_APB1PeriphClockCmd  stm32f10x_rcc.o
    0x08000b28   0x00000020   Code   RO         1908    i.RCC_APB2PeriphClockCmd  stm32f10x_rcc.o
    0x08000b48   0x000000d4   Code   RO         1916    i.RCC_GetClocksFreq  stm32f10x_rcc.o
    0x08000c1c   0x00000002   Code   RO          192    i.SVC_Handler       stm32f10x_it.o
    0x08000c1e   0x00000008   Code   RO          233    i.SetSysClock       system_stm32f10x.o
    0x08000c26   0x00000002   PAD
    0x08000c28   0x000000e0   Code   RO          234    i.SetSysClockTo72   system_stm32f10x.o
    0x08000d08   0x00000010   Code   RO         4818    i.SysTick_Handler   board.o
    0x08000d18   0x000000a4   Code   RO          235    i.SystemCoreClockUpdate  system_stm32f10x.o
    0x08000dbc   0x00000060   Code   RO          236    i.SystemInit        system_stm32f10x.o
    0x08000e1c   0x00000018   Code   RO         2540    i.TIM_Cmd           stm32f10x_tim.o
    0x08000e34   0x000000a4   Code   RO         2611    i.TIM_TimeBaseInit  stm32f10x_tim.o
    0x08000ed8   0x00000064   Code   RO         4819    i.USART1_IRQHandler  board.o
    0x08000f3c   0x00000018   Code   RO         3076    i.USART_Cmd         stm32f10x_usart.o
    0x08000f54   0x0000001a   Code   RO         3079    i.USART_GetFlagStatus  stm32f10x_usart.o
    0x08000f6e   0x00000054   Code   RO         3080    i.USART_GetITStatus  stm32f10x_usart.o
    0x08000fc2   0x0000004a   Code   RO         3082    i.USART_ITConfig    stm32f10x_usart.o
    0x0800100c   0x000000d8   Code   RO         3083    i.USART_Init        stm32f10x_usart.o
    0x080010e4   0x00000004   Code   RO          193    i.UsageFault_Handler  stm32f10x_it.o
    0x080010e8   0x00000030   Code   RO         4820    i._SysTick_Config   board.o
    0x08001118   0x0000004c   Code   RO         4212    i.__rt_ffs          kservice.o
    0x08001164   0x0000000e   Code   RO         5249    i.__scatterload_copy  mc_w.l(handlers.o)
    0x08001172   0x00000002   Code   RO         5250    i.__scatterload_null  mc_w.l(handlers.o)
    0x08001174   0x0000000e   Code   RO         5251    i.__scatterload_zeroinit  mc_w.l(handlers.o)
    0x08001182   0x00000002   PAD
    0x08001184   0x000000c8   Code   RO            1    i._create_thread    main.o
    0x0800124c   0x00000014   Code   RO         4005    i._has_defunct_thread  idle.o
    0x08001260   0x0000006a   Code   RO         3675    i._msh_exec_cmd     msh.o
    0x080012ca   0x00000002   PAD
    0x080012cc   0x000000e8   Code   RO            2    i._oled_display_thread_entry  main.o
    0x080013b4   0x00000044   Code   RO            3    i._power_on_init    main.o
    0x080013f8   0x00000084   Code   RO         4590    i._rt_thread_init   thread.o
    0x0800147c   0x00000042   Code   RO         4711    i._rt_timer_init    timer.o
    0x080014be   0x0000002e   Code   RO         4712    i._rt_timer_remove  timer.o
    0x080014ec   0x00000060   Code   RO            4    i._run_led_thread_entry  main.o
    0x0800154c   0x00000070   Code   RO            5    i._scan_key_thread_entry  main.o
    0x080015bc   0x000000fc   Code   RO         3840    i.bus_fault_track   cpuport.o
    0x080016b8   0x0000000e   Code   RO         3676    i.cmd_free          msh.o
    0x080016c6   0x0000000e   Code   RO         3677    i.cmd_ps            msh.o
    0x080016d4   0x00000034   Code   RO         3531    i.delay_init        bsp_tim.o
    0x08001708   0x00000058   Code   RO         3532    i.delay_us          bsp_tim.o
    0x08001760   0x00000074   Code   RO         3748    i.finsh_get_prompt  shell.o
    0x080017d4   0x00000008   Code   RO         3750    i.finsh_getchar     shell.o
    0x080017dc   0x0000001c   Code   RO         3753    i.finsh_set_prompt_mode  shell.o
    0x080017f8   0x00000014   Code   RO         3754    i.finsh_system_function_init  shell.o
    0x0800180c   0x0000009c   Code   RO         3755    i.finsh_system_init  shell.o
    0x080018a8   0x000003c8   Code   RO         3757    i.finsh_thread_entry  shell.o
    0x08001c70   0x00000080   Code   RO         3841    i.hard_fault_track  cpuport.o
    0x08001cf0   0x00000020   Code   RO         3568    i.hello             cmd.o
    0x08001d10   0x00000058   Code   RO         3569    i.list              cmd.o
    0x08001d68   0x0000002a   Code   RO         3570    i.list_find_init    cmd.o
    0x08001d92   0x00000088   Code   RO         3571    i.list_get_next     cmd.o
    0x08001e1a   0x00000002   PAD
    0x08001e1c   0x0000015c   Code   RO         3572    i.list_mailbox      cmd.o
    0x08001f78   0x00000078   Code   RO         4389    i.list_mem          mem.o
    0x08001ff0   0x00000138   Code   RO         3573    i.list_sem          cmd.o
    0x08002128   0x000001e4   Code   RO         3574    i.list_thread       cmd.o
    0x0800230c   0x00000160   Code   RO         3575    i.list_timer        cmd.o
    0x0800246c   0x00000014   Code   RO            6    i.main              main.o
    0x08002480   0x0000000e   Code   RO         3938    i.main_thread_entry  components.o
    0x0800248e   0x00000002   PAD
    0x08002490   0x000000e8   Code   RO         3842    i.mem_manage_fault_track  cpuport.o
    0x08002578   0x000000a0   Code   RO         3678    i.msh_auto_complete  msh.o
    0x08002618   0x0000006c   Code   RO         3679    i.msh_exec          msh.o
    0x08002684   0x0000005c   Code   RO         3680    i.msh_get_cmd       msh.o
    0x080026e0   0x00000074   Code   RO         3681    i.msh_help          msh.o
    0x08002754   0x00000004   Code   RO         3682    i.msh_is_used       msh.o
    0x08002758   0x000000f0   Code   RO         3683    i.msh_split         msh.o
    0x08002848   0x0000001c   Code   RO         3576    i.object_split      cmd.o
    0x08002864   0x00000016   Code   RO         3442    i.oled_pow          oled.o
    0x0800287a   0x00000002   PAD
    0x0800287c   0x00000078   Code   RO         4390    i.plug_holes        mem.o
    0x080028f4   0x00000198   Code   RO         4214    i.print_number      kservice.o
    0x08002a8c   0x0000002c   Code   RO         3939    i.rt_application_init  components.o
    0x08002ab8   0x00000022   Code   RO         4391    i.rt_calloc         mem.o
    0x08002ada   0x00000002   PAD
    0x08002adc   0x0000001c   Code   RO         3940    i.rt_components_board_init  components.o
    0x08002af8   0x0000001c   Code   RO         3941    i.rt_components_init  components.o
    0x08002b14   0x00000020   Code   RO         4524    i.rt_enter_critical  scheduler.o
    0x08002b34   0x00000044   Code   RO         4525    i.rt_exit_critical  scheduler.o
    0x08002b78   0x000000e0   Code   RO         4392    i.rt_free           mem.o
    0x08002c58   0x00000008   Code   RO         4821    i.rt_heap_begin_get  board.o
    0x08002c60   0x00000008   Code   RO         4822    i.rt_heap_end_get   board.o
    0x08002c68   0x00000038   Code   RO         4823    i.rt_hw_board_init  board.o
    0x08002ca0   0x0000002c   Code   RO         4824    i.rt_hw_console_getchar  board.o
    0x08002ccc   0x00000034   Code   RO         4825    i.rt_hw_console_output  board.o
    0x08002d00   0x00000208   Code   RO         3846    i.rt_hw_hard_fault_exception  cpuport.o
    0x08002f08   0x0000004c   Code   RO         3847    i.rt_hw_stack_init  cpuport.o
    0x08002f54   0x00000020   Code   RO         4185    i.rt_interrupt_enter  irq.o
    0x08002f74   0x00000020   Code   RO         4187    i.rt_interrupt_leave  irq.o
    0x08002f94   0x00000014   Code   RO         4045    i.rt_ipc_list_resume  ipc.o
    0x08002fa8   0x0000006c   Code   RO         4047    i.rt_ipc_list_suspend  ipc.o
    0x08003014   0x00000010   Code   RO         4048    i.rt_ipc_object_init  ipc.o
    0x08003024   0x00000030   Code   RO         4218    i.rt_kprintf        kservice.o
    0x08003054   0x00000006   Code   RO         4049    i.rt_list_init      ipc.o
    0x0800305a   0x00000006   Code   RO         4526    i.rt_list_init      scheduler.o
    0x08003060   0x00000006   Code   RO         4713    i.rt_list_init      timer.o
    0x08003066   0x0000000e   Code   RO         4448    i.rt_list_insert_after  object.o
    0x08003074   0x0000000e   Code   RO         4591    i.rt_list_insert_after  thread.o
    0x08003082   0x0000000e   Code   RO         4714    i.rt_list_insert_after  timer.o
    0x08003090   0x0000000e   Code   RO         4050    i.rt_list_insert_before  ipc.o
    0x0800309e   0x00000010   Code   RO         3577    i.rt_list_isempty   cmd.o
    0x080030ae   0x00000010   Code   RO         4051    i.rt_list_isempty   ipc.o
    0x080030be   0x00000010   Code   RO         4715    i.rt_list_isempty   timer.o
    0x080030ce   0x00000014   Code   RO         3578    i.rt_list_len       cmd.o
    0x080030e2   0x00000012   Code   RO         4449    i.rt_list_remove    object.o
    0x080030f4   0x00000012   Code   RO         4592    i.rt_list_remove    thread.o
    0x08003106   0x00000002   PAD
    0x08003108   0x0000016c   Code   RO         4393    i.rt_malloc         mem.o
    0x08003274   0x00000042   Code   RO         4223    i.rt_memmove        kservice.o
    0x080032b6   0x00000048   Code   RO         4224    i.rt_memset         kservice.o
    0x080032fe   0x00000054   Code   RO         4450    i.rt_object_allocate  object.o
    0x08003352   0x00000024   Code   RO         4451    i.rt_object_delete  object.o
    0x08003376   0x0000001e   Code   RO         4452    i.rt_object_detach  object.o
    0x08003394   0x00000028   Code   RO         4454    i.rt_object_get_information  object.o
    0x080033bc   0x00000056   Code   RO         4456    i.rt_object_init    object.o
    0x08003412   0x00000012   Code   RO         4457    i.rt_object_is_systemobject  object.o
    0x08003424   0x0000006c   Code   RO         4826    i.rt_ringbuffer_data_len  board.o
    0x08003490   0x00000058   Code   RO         4827    i.rt_ringbuffer_getchar  board.o
    0x080034e8   0x00000030   Code   RO         4828    i.rt_ringbuffer_init  board.o
    0x08003518   0x0000005a   Code   RO         4829    i.rt_ringbuffer_putchar  board.o
    0x08003572   0x00000002   PAD
    0x08003574   0x00000084   Code   RO         4527    i.rt_schedule       scheduler.o
    0x080035f8   0x00000050   Code   RO         4528    i.rt_schedule_insert_thread  scheduler.o
    0x08003648   0x00000054   Code   RO         4529    i.rt_schedule_remove_thread  scheduler.o
    0x0800369c   0x00000026   Code   RO         4064    i.rt_sem_init       ipc.o
    0x080036c2   0x0000003a   Code   RO         4065    i.rt_sem_release    ipc.o
    0x080036fc   0x00000074   Code   RO         4066    i.rt_sem_take       ipc.o
    0x08003770   0x000000b0   Code   RO         4226    i.rt_show_version   kservice.o
    0x08003820   0x00000012   Code   RO         4232    i.rt_strlen         kservice.o
    0x08003832   0x00000034   Code   RO         4234    i.rt_strncpy        kservice.o
    0x08003866   0x00000002   PAD
    0x08003868   0x000000f8   Code   RO         4396    i.rt_system_heap_init  mem.o
    0x08003960   0x0000004c   Code   RO         4530    i.rt_system_scheduler_init  scheduler.o
    0x080039ac   0x00000030   Code   RO         4531    i.rt_system_scheduler_start  scheduler.o
    0x080039dc   0x0000001c   Code   RO         4716    i.rt_system_timer_init  timer.o
    0x080039f8   0x00000002   Code   RO         4717    i.rt_system_timer_thread_init  timer.o
    0x080039fa   0x00000050   Code   RO         4594    i.rt_thread_create  thread.o
    0x08003a4a   0x00000002   PAD
    0x08003a4c   0x00000054   Code   RO         4598    i.rt_thread_exit    thread.o
    0x08003aa0   0x00000008   Code   RO         4006    i.rt_thread_idle_entry  idle.o
    0x08003aa8   0x0000008c   Code   RO         4007    i.rt_thread_idle_excute  idle.o
    0x08003b34   0x0000003c   Code   RO         4009    i.rt_thread_idle_init  idle.o
    0x08003b70   0x00000034   Code   RO         4600    i.rt_thread_init    thread.o
    0x08003ba4   0x00000014   Code   RO         4601    i.rt_thread_mdelay  thread.o
    0x08003bb8   0x0000003c   Code   RO         4602    i.rt_thread_resume  thread.o
    0x08003bf4   0x0000000c   Code   RO         4603    i.rt_thread_self    thread.o
    0x08003c00   0x00000044   Code   RO         4604    i.rt_thread_sleep   thread.o
    0x08003c44   0x0000002c   Code   RO         4605    i.rt_thread_startup  thread.o
    0x08003c70   0x00000044   Code   RO         4606    i.rt_thread_suspend  thread.o
    0x08003cb4   0x00000020   Code   RO         4607    i.rt_thread_timeout  thread.o
    0x08003cd4   0x00000064   Code   RO         4608    i.rt_thread_yield   thread.o
    0x08003d38   0x00000038   Code   RO         3900    i.rt_tick_from_millisecond  clock.o
    0x08003d70   0x0000000c   Code   RO         3901    i.rt_tick_get       clock.o
    0x08003d7c   0x00000030   Code   RO         3902    i.rt_tick_increase  clock.o
    0x08003dac   0x0000007c   Code   RO         4718    i.rt_timer_check    timer.o
    0x08003e28   0x00000038   Code   RO         4719    i.rt_timer_control  timer.o
    0x08003e60   0x00000020   Code   RO         4722    i.rt_timer_detach   timer.o
    0x08003e80   0x0000002e   Code   RO         4723    i.rt_timer_init     timer.o
    0x08003eae   0x00000002   PAD
    0x08003eb0   0x000000f8   Code   RO         4726    i.rt_timer_start    timer.o
    0x08003fa8   0x00000030   Code   RO         4727    i.rt_timer_stop     timer.o
    0x08003fd8   0x00000330   Code   RO         4237    i.rt_vsnprintf      kservice.o
    0x08004308   0x00000004   Code   RO         3942    i.rti_board_end     components.o
    0x0800430c   0x00000004   Code   RO         3943    i.rti_board_start   components.o
    0x08004310   0x00000004   Code   RO         3944    i.rti_end           components.o
    0x08004314   0x00000004   Code   RO         3945    i.rti_start         components.o
    0x08004318   0x0000002a   Code   RO         3946    i.rtthread_startup  components.o
    0x08004342   0x00000002   PAD
    0x08004344   0x00000038   Code   RO         3758    i.shell_auto_complete  shell.o
    0x0800437c   0x00000030   Code   RO         3579    i.show_wait_queue   cmd.o
    0x080043ac   0x00000026   Code   RO         4239    i.skip_atoi         kservice.o
    0x080043d2   0x00000020   Code   RO         3684    i.str_common        msh.o
    0x080043f2   0x00000002   PAD
    0x080043f4   0x000000c8   Code   RO         4830    i.uart_init         board.o
    0x080044bc   0x0000001c   Code   RO         4831    i.uart_send_byte    board.o
    0x080044d8   0x000000e8   Code   RO         3848    i.usage_fault_track  cpuport.o
    0x080045c0   0x0000000a   Code   RO         3580    i.version           cmd.o
    0x080045ca   0x00000048   Data   RO            7    .constdata          main.o
    0x08004612   0x00000818   Data   RO         3443    .constdata          oled.o
    0x08004e2a   0x00000093   Data   RO         3581    .constdata          cmd.o
    0x08004ebd   0x0000001f   Data   RO         3685    .constdata          msh.o
    0x08004edc   0x00000122   Data   RO         4241    .constdata          kservice.o
    0x08004ffe   0x00000009   Data   RO         4398    .constdata          mem.o
    0x08005007   0x00000001   PAD
    0x08005008   0x00000044   Data   RO         3582    .conststring        cmd.o
    0x0800504c   0x00000004   Data   RO         3947    .rti_fn.0           components.o
    0x08005050   0x00000004   Data   RO         3948    .rti_fn.0.end       components.o
    0x08005054   0x00000004   Data   RO         3949    .rti_fn.1.end       components.o
    0x08005058   0x00000004   Data   RO         3761    .rti_fn.6           shell.o
    0x0800505c   0x00000004   Data   RO         3950    .rti_fn.6.end       components.o
    0x08005060   0x00000060   Data   RO         3583    FSymTab             cmd.o
    0x080050c0   0x00000018   Data   RO         3686    FSymTab             msh.o
    0x080050d8   0x00000008   Data   RO         4400    FSymTab             mem.o
    0x080050e0   0x00000020   Data   RO         5247    Region$$Table       anon$$obj.o


    Execution Region ER_RW (Base: 0x20000000, Size: 0x00000864, Max: 0xffffffff, ABSOLUTE, COMPRESSED[0x000002e4])

    Base Addr    Size         Type   Attr      Idx    E Section Name        Object

    0x20000000   0x0000040c   Data   RW            8    .data               main.o
    0x2000040c   0x00000014   Data   RW          237    .data               system_stm32f10x.o
    0x20000420   0x00000014   Data   RW         1936    .data               stm32f10x_rcc.o
    0x20000434   0x00000380   Data   RW         3444    .data               oled.o
    0x200007b4   0x00000001   Data   RW         3551    .data               key.o
    0x200007b5   0x00000003   PAD
    0x200007b8   0x00000018   Data   RW         3760    .data               shell.o
    0x200007d0   0x00000010   Data   RW         3849    .data               cpuport.o
    0x200007e0   0x00000004   Data   RW         3904    .data               clock.o
    0x200007e4   0x00000001   Data   RW         4188    .data               irq.o
    0x200007e5   0x00000003   PAD
    0x200007e8   0x00000018   Data   RW         4399    .data               mem.o
    0x20000800   0x00000040   Data   RW         4459    .data               object.o
    0x20000840   0x00000018   Data   RW         4533    .data               scheduler.o
    0x20000858   0x0000000c   Data   RW         4728    .data               timer.o


    Execution Region ER_ZI (Base: 0x20000864, Size: 0x0000172c, Max: 0xffffffff, ABSOLUTE)

    Base Addr    Size         Type   Attr      Idx    E Section Name        Object

    0x20000864   0x00000081   Zero   RW         3759    .bss                shell.o
    0x200008e5   0x00000003   PAD
    0x200008e8   0x00000178   Zero   RW         4010    .bss                idle.o
    0x20000a60   0x00000080   Zero   RW         4240    .bss                kservice.o
    0x20000ae0   0x00000020   Zero   RW         4397    .bss                mem.o
    0x20000b00   0x00000040   Zero   RW         4532    .bss                scheduler.o
    0x20000b40   0x0000104c   Zero   RW         4832    .bss                board.o
    0x20001b8c   0x00000004   PAD
    0x20001b90   0x00000400   Zero   RW          332    STACK               startup_stm32f10x_hd.o


==============================================================================

Image component sizes


      Code (inc. data)   RO Data    RW Data    ZI Data      Debug   Object Name

        56          6          0          0          0        456   beep.o
       894         82          0          0       4172       8617   board.o
       140         10          0          0          0        976   bsp_tim.o
       116         12          0          4          0       1688   clock.o
      1916        642        311          0          0      14114   cmd.o
       182         28         16          0          0       5684   components.o
       244         26          0          0          0        832   context_rvds.o
      1440        724          0         16          0       5414   cpuport.o
       228         32          0          0        376       5498   idle.o
       392          0          0          0          0       8133   ipc.o
        64         12          0          1          0       1542   irq.o
       224         20          0          1          0       1086   key.o
      1770        164        290          0        128       9361   kservice.o
        76          8          0          0          0        467   led.o
       728        170         72       1036          0     261048   main.o
      1110        310         17         24         32       5110   mem.o
       112         12          0          0          0        976   misc.o
       886        154         55          0          0       8989   msh.o
       326          4          0         64          0       8112   object.o
      1132         30       2072        896          0       7370   oled.o
       526         90          0         24         64       8366   scheduler.o
      1352        152          4         24        129       9984   shell.o
        36          8        304          0       1024        776   startup_stm32f10x_hd.o
       304          0          0          0          0       3548   stm32f10x_gpio.o
        18          0          0          0          0       2335   stm32f10x_it.o
       276         32          0         20          0       4330   stm32f10x_rcc.o
       188         42          0          0          0       1673   stm32f10x_tim.o
       424          6          0          0          0       4944   stm32f10x_usart.o
         0          0          0          0          0     204768   sys.o
       492         50          0         20          0       2553   system_stm32f10x.o
       784         36          0          0          0      11680   thread.o
       732         20          0         12          0      10944   timer.o

    ----------------------------------------------------------------------
     17204       2882       3174       2148       5932     621374   Object Totals
         0          0         32          0          0          0   (incl. Generated)
        36          0          1          6          7          0   (incl. Padding)

    ----------------------------------------------------------------------

      Code (inc. data)   RO Data    RW Data    ZI Data      Debug   Library Member Name

        86          0          0          0          0          0   __dczerorl2.o
         0          0          0          0          0          0   entry.o
         0          0          0          0          0          0   entry10a.o
         0          0          0          0          0          0   entry11a.o
         8          4          0          0          0          0   entry2.o
         4          0          0          0          0          0   entry5.o
         0          0          0          0          0          0   entry7b.o
         0          0          0          0          0          0   entry8b.o
         8          4          0          0          0          0   entry9a.o
        30          0          0          0          0          0   handlers.o
        36          8          0          0          0         68   init.o
        36          0          0          0          0         68   memcpya.o
        36          0          0          0          0        108   memseta.o
        24          0          0          0          0         68   strcat.o
        18          0          0          0          0         68   strcpy.o
        14          0          0          0          0         68   strlen.o
        30          0          0          0          0         80   strncmp.o
        24          0          0          0          0         76   strncpy.o

    ----------------------------------------------------------------------
       358         16          0          0          0        604   Library Totals
         4          0          0          0          0          0   (incl. Padding)

    ----------------------------------------------------------------------

      Code (inc. data)   RO Data    RW Data    ZI Data      Debug   Library Name

       354         16          0          0          0        604   mc_w.l

    ----------------------------------------------------------------------
       358         16          0          0          0        604   Library Totals

    ----------------------------------------------------------------------

==============================================================================


      Code (inc. data)   RO Data    RW Data    ZI Data      Debug   

     17562       2898       3174       2148       5932     612590   Grand Totals
     17562       2898       3174        740       5932     612590   ELF Image Totals (compressed)
     17562       2898       3174        740          0          0   ROM Totals

==============================================================================

    Total RO  Size (Code + RO Data)                20736 (  20.25kB)
    Total RW  Size (RW Data + ZI Data)              8080 (   7.89kB)
    Total ROM Size (Code + RO Data + RW Data)      21476 (  20.97kB)

==============================================================================

