   1               		.file	"main.c"
   2               		.arch atmega8
   3               	__SREG__ = 0x3f
   4               	__SP_H__ = 0x3e
   5               	__SP_L__ = 0x3d
   6               	__tmp_reg__ = 0
   7               	__zero_reg__ = 1
   8               		.global __do_copy_data
   9               		.global __do_clear_bss
  11               		.text
  12               	.Ltext0:
  56               	.global	search_up
  57               	.global	search_up
  58               		.section .bss
  61               	search_up:
  62 0000 00        		.skip 1,0
  63               	.global	search
  64               	.global	search
  67               	search:
  68 0001 00        		.skip 1,0
  69               	.global	font6x8
  70               		.data
  73               	font6x8:
  74 0000 00        		.byte	0
  75 0001 00        		.byte	0
  76 0002 00        		.byte	0
  77 0003 00        		.byte	0
  78 0004 00        		.byte	0
  79 0005 00        		.byte	0
  80 0006 00        		.byte	0
  81 0007 00        		.byte	0
  82 0008 00        		.byte	0
  83 0009 2F        		.byte	47
  84 000a 00        		.byte	0
  85 000b 00        		.byte	0
  86 000c 00        		.byte	0
  87 000d 00        		.byte	0
  88 000e 07        		.byte	7
  89 000f 00        		.byte	0
  90 0010 07        		.byte	7
  91 0011 00        		.byte	0
  92 0012 00        		.byte	0
  93 0013 14        		.byte	20
  94 0014 7F        		.byte	127
  95 0015 14        		.byte	20
  96 0016 7F        		.byte	127
  97 0017 14        		.byte	20
  98 0018 00        		.byte	0
  99 0019 24        		.byte	36
 100 001a 2A        		.byte	42
 101 001b 7F        		.byte	127
 102 001c 2A        		.byte	42
 103 001d 12        		.byte	18
 104 001e 00        		.byte	0
 105 001f 62        		.byte	98
 106 0020 64        		.byte	100
 107 0021 08        		.byte	8
 108 0022 13        		.byte	19
 109 0023 23        		.byte	35
 110 0024 00        		.byte	0
 111 0025 36        		.byte	54
 112 0026 49        		.byte	73
 113 0027 55        		.byte	85
 114 0028 22        		.byte	34
 115 0029 50        		.byte	80
 116 002a 00        		.byte	0
 117 002b 00        		.byte	0
 118 002c 05        		.byte	5
 119 002d 03        		.byte	3
 120 002e 00        		.byte	0
 121 002f 00        		.byte	0
 122 0030 00        		.byte	0
 123 0031 00        		.byte	0
 124 0032 1C        		.byte	28
 125 0033 22        		.byte	34
 126 0034 41        		.byte	65
 127 0035 00        		.byte	0
 128 0036 00        		.byte	0
 129 0037 00        		.byte	0
 130 0038 41        		.byte	65
 131 0039 22        		.byte	34
 132 003a 1C        		.byte	28
 133 003b 00        		.byte	0
 134 003c 00        		.byte	0
 135 003d 14        		.byte	20
 136 003e 08        		.byte	8
 137 003f 3E        		.byte	62
 138 0040 08        		.byte	8
 139 0041 14        		.byte	20
 140 0042 00        		.byte	0
 141 0043 08        		.byte	8
 142 0044 08        		.byte	8
 143 0045 3E        		.byte	62
 144 0046 08        		.byte	8
 145 0047 08        		.byte	8
 146 0048 00        		.byte	0
 147 0049 00        		.byte	0
 148 004a 00        		.byte	0
 149 004b A0        		.byte	-96
 150 004c 60        		.byte	96
 151 004d 00        		.byte	0
 152 004e 00        		.byte	0
 153 004f 08        		.byte	8
 154 0050 08        		.byte	8
 155 0051 08        		.byte	8
 156 0052 08        		.byte	8
 157 0053 08        		.byte	8
 158 0054 00        		.byte	0
 159 0055 00        		.byte	0
 160 0056 60        		.byte	96
 161 0057 60        		.byte	96
 162 0058 00        		.byte	0
 163 0059 00        		.byte	0
 164 005a 00        		.byte	0
 165 005b 20        		.byte	32
 166 005c 10        		.byte	16
 167 005d 08        		.byte	8
 168 005e 04        		.byte	4
 169 005f 02        		.byte	2
 170 0060 00        		.byte	0
 171 0061 3E        		.byte	62
 172 0062 51        		.byte	81
 173 0063 49        		.byte	73
 174 0064 45        		.byte	69
 175 0065 3E        		.byte	62
 176 0066 00        		.byte	0
 177 0067 00        		.byte	0
 178 0068 42        		.byte	66
 179 0069 7F        		.byte	127
 180 006a 40        		.byte	64
 181 006b 00        		.byte	0
 182 006c 00        		.byte	0
 183 006d 42        		.byte	66
 184 006e 61        		.byte	97
 185 006f 51        		.byte	81
 186 0070 49        		.byte	73
 187 0071 46        		.byte	70
 188 0072 00        		.byte	0
 189 0073 21        		.byte	33
 190 0074 41        		.byte	65
 191 0075 45        		.byte	69
 192 0076 4B        		.byte	75
 193 0077 31        		.byte	49
 194 0078 00        		.byte	0
 195 0079 18        		.byte	24
 196 007a 14        		.byte	20
 197 007b 12        		.byte	18
 198 007c 7F        		.byte	127
 199 007d 10        		.byte	16
 200 007e 00        		.byte	0
 201 007f 27        		.byte	39
 202 0080 45        		.byte	69
 203 0081 45        		.byte	69
 204 0082 45        		.byte	69
 205 0083 39        		.byte	57
 206 0084 00        		.byte	0
 207 0085 3C        		.byte	60
 208 0086 4A        		.byte	74
 209 0087 49        		.byte	73
 210 0088 49        		.byte	73
 211 0089 30        		.byte	48
 212 008a 00        		.byte	0
 213 008b 01        		.byte	1
 214 008c 71        		.byte	113
 215 008d 09        		.byte	9
 216 008e 05        		.byte	5
 217 008f 03        		.byte	3
 218 0090 00        		.byte	0
 219 0091 36        		.byte	54
 220 0092 49        		.byte	73
 221 0093 49        		.byte	73
 222 0094 49        		.byte	73
 223 0095 36        		.byte	54
 224 0096 00        		.byte	0
 225 0097 06        		.byte	6
 226 0098 49        		.byte	73
 227 0099 49        		.byte	73
 228 009a 29        		.byte	41
 229 009b 1E        		.byte	30
 230 009c 00        		.byte	0
 231 009d 00        		.byte	0
 232 009e 36        		.byte	54
 233 009f 36        		.byte	54
 234 00a0 00        		.byte	0
 235 00a1 00        		.byte	0
 236 00a2 00        		.byte	0
 237 00a3 00        		.byte	0
 238 00a4 56        		.byte	86
 239 00a5 36        		.byte	54
 240 00a6 00        		.byte	0
 241 00a7 00        		.byte	0
 242 00a8 00        		.byte	0
 243 00a9 08        		.byte	8
 244 00aa 14        		.byte	20
 245 00ab 22        		.byte	34
 246 00ac 41        		.byte	65
 247 00ad 00        		.byte	0
 248 00ae 00        		.byte	0
 249 00af 14        		.byte	20
 250 00b0 14        		.byte	20
 251 00b1 14        		.byte	20
 252 00b2 14        		.byte	20
 253 00b3 14        		.byte	20
 254 00b4 00        		.byte	0
 255 00b5 00        		.byte	0
 256 00b6 41        		.byte	65
 257 00b7 22        		.byte	34
 258 00b8 14        		.byte	20
 259 00b9 08        		.byte	8
 260 00ba 00        		.byte	0
 261 00bb 02        		.byte	2
 262 00bc 01        		.byte	1
 263 00bd 51        		.byte	81
 264 00be 09        		.byte	9
 265 00bf 06        		.byte	6
 266 00c0 00        		.byte	0
 267 00c1 32        		.byte	50
 268 00c2 49        		.byte	73
 269 00c3 59        		.byte	89
 270 00c4 51        		.byte	81
 271 00c5 3E        		.byte	62
 272 00c6 00        		.byte	0
 273 00c7 7C        		.byte	124
 274 00c8 12        		.byte	18
 275 00c9 11        		.byte	17
 276 00ca 12        		.byte	18
 277 00cb 7C        		.byte	124
 278 00cc 00        		.byte	0
 279 00cd 7F        		.byte	127
 280 00ce 49        		.byte	73
 281 00cf 49        		.byte	73
 282 00d0 49        		.byte	73
 283 00d1 36        		.byte	54
 284 00d2 00        		.byte	0
 285 00d3 3E        		.byte	62
 286 00d4 41        		.byte	65
 287 00d5 41        		.byte	65
 288 00d6 41        		.byte	65
 289 00d7 22        		.byte	34
 290 00d8 00        		.byte	0
 291 00d9 7F        		.byte	127
 292 00da 41        		.byte	65
 293 00db 41        		.byte	65
 294 00dc 22        		.byte	34
 295 00dd 1C        		.byte	28
 296 00de 00        		.byte	0
 297 00df 7F        		.byte	127
 298 00e0 49        		.byte	73
 299 00e1 49        		.byte	73
 300 00e2 49        		.byte	73
 301 00e3 41        		.byte	65
 302 00e4 00        		.byte	0
 303 00e5 7F        		.byte	127
 304 00e6 09        		.byte	9
 305 00e7 09        		.byte	9
 306 00e8 09        		.byte	9
 307 00e9 01        		.byte	1
 308 00ea 00        		.byte	0
 309 00eb 3E        		.byte	62
 310 00ec 41        		.byte	65
 311 00ed 49        		.byte	73
 312 00ee 49        		.byte	73
 313 00ef 7A        		.byte	122
 314 00f0 00        		.byte	0
 315 00f1 7F        		.byte	127
 316 00f2 08        		.byte	8
 317 00f3 08        		.byte	8
 318 00f4 08        		.byte	8
 319 00f5 7F        		.byte	127
 320 00f6 00        		.byte	0
 321 00f7 00        		.byte	0
 322 00f8 41        		.byte	65
 323 00f9 7F        		.byte	127
 324 00fa 41        		.byte	65
 325 00fb 00        		.byte	0
 326 00fc 00        		.byte	0
 327 00fd 20        		.byte	32
 328 00fe 40        		.byte	64
 329 00ff 41        		.byte	65
 330 0100 3F        		.byte	63
 331 0101 01        		.byte	1
 332 0102 00        		.byte	0
 333 0103 7F        		.byte	127
 334 0104 08        		.byte	8
 335 0105 14        		.byte	20
 336 0106 22        		.byte	34
 337 0107 41        		.byte	65
 338 0108 00        		.byte	0
 339 0109 7F        		.byte	127
 340 010a 40        		.byte	64
 341 010b 40        		.byte	64
 342 010c 40        		.byte	64
 343 010d 40        		.byte	64
 344 010e 00        		.byte	0
 345 010f 7F        		.byte	127
 346 0110 02        		.byte	2
 347 0111 0C        		.byte	12
 348 0112 02        		.byte	2
 349 0113 7F        		.byte	127
 350 0114 00        		.byte	0
 351 0115 7F        		.byte	127
 352 0116 04        		.byte	4
 353 0117 08        		.byte	8
 354 0118 10        		.byte	16
 355 0119 7F        		.byte	127
 356 011a 00        		.byte	0
 357 011b 3E        		.byte	62
 358 011c 41        		.byte	65
 359 011d 41        		.byte	65
 360 011e 41        		.byte	65
 361 011f 3E        		.byte	62
 362 0120 00        		.byte	0
 363 0121 7F        		.byte	127
 364 0122 09        		.byte	9
 365 0123 09        		.byte	9
 366 0124 09        		.byte	9
 367 0125 06        		.byte	6
 368 0126 00        		.byte	0
 369 0127 3E        		.byte	62
 370 0128 41        		.byte	65
 371 0129 51        		.byte	81
 372 012a 21        		.byte	33
 373 012b 5E        		.byte	94
 374 012c 00        		.byte	0
 375 012d 7F        		.byte	127
 376 012e 09        		.byte	9
 377 012f 19        		.byte	25
 378 0130 29        		.byte	41
 379 0131 46        		.byte	70
 380 0132 00        		.byte	0
 381 0133 46        		.byte	70
 382 0134 49        		.byte	73
 383 0135 49        		.byte	73
 384 0136 49        		.byte	73
 385 0137 31        		.byte	49
 386 0138 00        		.byte	0
 387 0139 01        		.byte	1
 388 013a 01        		.byte	1
 389 013b 7F        		.byte	127
 390 013c 01        		.byte	1
 391 013d 01        		.byte	1
 392 013e 00        		.byte	0
 393 013f 3F        		.byte	63
 394 0140 40        		.byte	64
 395 0141 40        		.byte	64
 396 0142 40        		.byte	64
 397 0143 3F        		.byte	63
 398 0144 00        		.byte	0
 399 0145 1F        		.byte	31
 400 0146 20        		.byte	32
 401 0147 40        		.byte	64
 402 0148 20        		.byte	32
 403 0149 1F        		.byte	31
 404 014a 00        		.byte	0
 405 014b 3F        		.byte	63
 406 014c 40        		.byte	64
 407 014d 38        		.byte	56
 408 014e 40        		.byte	64
 409 014f 3F        		.byte	63
 410 0150 00        		.byte	0
 411 0151 63        		.byte	99
 412 0152 14        		.byte	20
 413 0153 08        		.byte	8
 414 0154 14        		.byte	20
 415 0155 63        		.byte	99
 416 0156 00        		.byte	0
 417 0157 07        		.byte	7
 418 0158 08        		.byte	8
 419 0159 70        		.byte	112
 420 015a 08        		.byte	8
 421 015b 07        		.byte	7
 422 015c 00        		.byte	0
 423 015d 61        		.byte	97
 424 015e 51        		.byte	81
 425 015f 49        		.byte	73
 426 0160 45        		.byte	69
 427 0161 43        		.byte	67
 428 0162 00        		.byte	0
 429 0163 00        		.byte	0
 430 0164 7F        		.byte	127
 431 0165 41        		.byte	65
 432 0166 41        		.byte	65
 433 0167 00        		.byte	0
 434 0168 00        		.byte	0
 435 0169 55        		.byte	85
 436 016a 2A        		.byte	42
 437 016b 55        		.byte	85
 438 016c 2A        		.byte	42
 439 016d 55        		.byte	85
 440 016e 00        		.byte	0
 441 016f 00        		.byte	0
 442 0170 41        		.byte	65
 443 0171 41        		.byte	65
 444 0172 7F        		.byte	127
 445 0173 00        		.byte	0
 446 0174 00        		.byte	0
 447 0175 04        		.byte	4
 448 0176 02        		.byte	2
 449 0177 01        		.byte	1
 450 0178 02        		.byte	2
 451 0179 04        		.byte	4
 452 017a 00        		.byte	0
 453 017b 40        		.byte	64
 454 017c 40        		.byte	64
 455 017d 40        		.byte	64
 456 017e 40        		.byte	64
 457 017f 40        		.byte	64
 458 0180 00        		.byte	0
 459 0181 00        		.byte	0
 460 0182 01        		.byte	1
 461 0183 02        		.byte	2
 462 0184 04        		.byte	4
 463 0185 00        		.byte	0
 464 0186 00        		.byte	0
 465 0187 20        		.byte	32
 466 0188 54        		.byte	84
 467 0189 54        		.byte	84
 468 018a 54        		.byte	84
 469 018b 78        		.byte	120
 470 018c 00        		.byte	0
 471 018d 7F        		.byte	127
 472 018e 48        		.byte	72
 473 018f 44        		.byte	68
 474 0190 44        		.byte	68
 475 0191 38        		.byte	56
 476 0192 00        		.byte	0
 477 0193 38        		.byte	56
 478 0194 44        		.byte	68
 479 0195 44        		.byte	68
 480 0196 44        		.byte	68
 481 0197 20        		.byte	32
 482 0198 00        		.byte	0
 483 0199 38        		.byte	56
 484 019a 44        		.byte	68
 485 019b 44        		.byte	68
 486 019c 48        		.byte	72
 487 019d 7F        		.byte	127
 488 019e 00        		.byte	0
 489 019f 38        		.byte	56
 490 01a0 54        		.byte	84
 491 01a1 54        		.byte	84
 492 01a2 54        		.byte	84
 493 01a3 18        		.byte	24
 494 01a4 00        		.byte	0
 495 01a5 08        		.byte	8
 496 01a6 7E        		.byte	126
 497 01a7 09        		.byte	9
 498 01a8 01        		.byte	1
 499 01a9 02        		.byte	2
 500 01aa 00        		.byte	0
 501 01ab 18        		.byte	24
 502 01ac A4        		.byte	-92
 503 01ad A4        		.byte	-92
 504 01ae A4        		.byte	-92
 505 01af 7C        		.byte	124
 506 01b0 00        		.byte	0
 507 01b1 7F        		.byte	127
 508 01b2 08        		.byte	8
 509 01b3 04        		.byte	4
 510 01b4 04        		.byte	4
 511 01b5 78        		.byte	120
 512 01b6 00        		.byte	0
 513 01b7 00        		.byte	0
 514 01b8 44        		.byte	68
 515 01b9 7D        		.byte	125
 516 01ba 40        		.byte	64
 517 01bb 00        		.byte	0
 518 01bc 00        		.byte	0
 519 01bd 40        		.byte	64
 520 01be 80        		.byte	-128
 521 01bf 84        		.byte	-124
 522 01c0 7D        		.byte	125
 523 01c1 00        		.byte	0
 524 01c2 00        		.byte	0
 525 01c3 7F        		.byte	127
 526 01c4 10        		.byte	16
 527 01c5 28        		.byte	40
 528 01c6 44        		.byte	68
 529 01c7 00        		.byte	0
 530 01c8 00        		.byte	0
 531 01c9 00        		.byte	0
 532 01ca 41        		.byte	65
 533 01cb 7F        		.byte	127
 534 01cc 40        		.byte	64
 535 01cd 00        		.byte	0
 536 01ce 00        		.byte	0
 537 01cf 7C        		.byte	124
 538 01d0 04        		.byte	4
 539 01d1 18        		.byte	24
 540 01d2 04        		.byte	4
 541 01d3 78        		.byte	120
 542 01d4 00        		.byte	0
 543 01d5 7C        		.byte	124
 544 01d6 08        		.byte	8
 545 01d7 04        		.byte	4
 546 01d8 04        		.byte	4
 547 01d9 78        		.byte	120
 548 01da 00        		.byte	0
 549 01db 38        		.byte	56
 550 01dc 44        		.byte	68
 551 01dd 44        		.byte	68
 552 01de 44        		.byte	68
 553 01df 38        		.byte	56
 554 01e0 00        		.byte	0
 555 01e1 FC        		.byte	-4
 556 01e2 24        		.byte	36
 557 01e3 24        		.byte	36
 558 01e4 24        		.byte	36
 559 01e5 18        		.byte	24
 560 01e6 00        		.byte	0
 561 01e7 18        		.byte	24
 562 01e8 24        		.byte	36
 563 01e9 24        		.byte	36
 564 01ea 18        		.byte	24
 565 01eb FC        		.byte	-4
 566 01ec 00        		.byte	0
 567 01ed 7C        		.byte	124
 568 01ee 08        		.byte	8
 569 01ef 04        		.byte	4
 570 01f0 04        		.byte	4
 571 01f1 08        		.byte	8
 572 01f2 00        		.byte	0
 573 01f3 48        		.byte	72
 574 01f4 54        		.byte	84
 575 01f5 54        		.byte	84
 576 01f6 54        		.byte	84
 577 01f7 20        		.byte	32
 578 01f8 00        		.byte	0
 579 01f9 04        		.byte	4
 580 01fa 3F        		.byte	63
 581 01fb 44        		.byte	68
 582 01fc 40        		.byte	64
 583 01fd 20        		.byte	32
 584 01fe 00        		.byte	0
 585 01ff 3C        		.byte	60
 586 0200 40        		.byte	64
 587 0201 40        		.byte	64
 588 0202 20        		.byte	32
 589 0203 7C        		.byte	124
 590 0204 00        		.byte	0
 591 0205 1C        		.byte	28
 592 0206 20        		.byte	32
 593 0207 40        		.byte	64
 594 0208 20        		.byte	32
 595 0209 1C        		.byte	28
 596 020a 00        		.byte	0
 597 020b 3C        		.byte	60
 598 020c 40        		.byte	64
 599 020d 30        		.byte	48
 600 020e 40        		.byte	64
 601 020f 3C        		.byte	60
 602 0210 00        		.byte	0
 603 0211 44        		.byte	68
 604 0212 28        		.byte	40
 605 0213 10        		.byte	16
 606 0214 28        		.byte	40
 607 0215 44        		.byte	68
 608 0216 00        		.byte	0
 609 0217 1C        		.byte	28
 610 0218 A0        		.byte	-96
 611 0219 A0        		.byte	-96
 612 021a A0        		.byte	-96
 613 021b 7C        		.byte	124
 614 021c 00        		.byte	0
 615 021d 44        		.byte	68
 616 021e 64        		.byte	100
 617 021f 54        		.byte	84
 618 0220 4C        		.byte	76
 619 0221 44        		.byte	68
 620 0222 14        		.byte	20
 621 0223 14        		.byte	20
 622 0224 14        		.byte	20
 623 0225 14        		.byte	20
 624 0226 14        		.byte	20
 625 0227 14        		.byte	20
 626               		.text
 628               	.global	delay_1us
 630               	delay_1us:
 632               	.Ltext1:
   1:delay_function.C **** 	/*-----------------------------------------------------------------------
   2:delay_function.C **** 延时函数
   3:delay_function.C **** 系统时钟：8M
   4:delay_function.C **** -----------------------------------------------------------------------*/
   5:delay_function.C **** void delay_1us(void)                 //1us延时函数
   6:delay_function.C ****   {
 634               	.LM1:
 635               	/* prologue: frame size=0 */
 636               	/* prologue end (size=0) */
   7:delay_function.C ****    asm("nop");
 638               	.LM2:
 639               	/* #APP */
 640 0000 0000      		nop
 641               	/* #NOAPP */
 642               	/* epilogue: frame size=0 */
 643 0002 0895      		ret
 644               	/* epilogue end (size=1) */
 645               	/* function delay_1us size 3 (2) */
 649               	.global	delay_nus
 651               	delay_nus:
   8:delay_function.C ****   }
   9:delay_function.C **** 
  10:delay_function.C **** void delay_nus(unsigned int n)       //N us延时函数
  11:delay_function.C ****   {
 653               	.LM3:
 654               	/* prologue: frame size=0 */
 655 0004 CF93      		push r28
 656 0006 DF93      		push r29
 657               	/* prologue end (size=2) */
  12:delay_function.C ****    unsigned int i=0;
  13:delay_function.C ****    for (i=0;i<n;i++)
 659               	.LM4:
 660 0008 0097      		sbiw r24,0
 661 000a 21F0      		breq .L8
 662 000c EC01      		movw r28,r24
 663               	.L6:
  14:delay_function.C ****    delay_1us();
 665               	.LM5:
 666 000e F8DF      		rcall delay_1us
 668               	.LM6:
 669 0010 2197      		sbiw r28,1
 670 0012 E9F7      		brne .L6
 671               	.L8:
 672               	/* epilogue: frame size=0 */
 673 0014 DF91      		pop r29
 674 0016 CF91      		pop r28
 675 0018 0895      		ret
 676               	/* epilogue end (size=3) */
 677               	/* function delay_nus size 12 (7) */
 681               	.global	delay_1ms
 683               	delay_1ms:
  15:delay_function.C ****   }
  16:delay_function.C ****   
  17:delay_function.C **** void delay_1ms(void)                 //1ms延时函数
  18:delay_function.C ****   {
 685               	.LM7:
 686               	/* prologue: frame size=0 */
 687               	/* prologue end (size=0) */
 688 001a 83E7      		ldi r24,lo8(1139)
 689 001c 94E0      		ldi r25,hi8(1139)
 690               	.L13:
  19:delay_function.C ****    unsigned int i;
  20:delay_function.C ****    for (i=0;i<1140;i++);
 692               	.LM8:
 693 001e CC97      		sbiw r24,60
 694 0020 97FF      		sbrs r25,7
 695 0022 FDCF      		rjmp .L13
 696               	/* epilogue: frame size=0 */
 697 0024 0895      		ret
 698               	/* epilogue end (size=1) */
 699               	/* function delay_1ms size 6 (5) */
 704               	.global	delay_nms
 706               	delay_nms:
  21:delay_function.C ****   }
  22:delay_function.C ****   
  23:delay_function.C **** void delay_nms(unsigned int n)       //N ms延时函数
  24:delay_function.C ****   {
 708               	.LM9:
 709               	/* prologue: frame size=0 */
 710 0026 CF93      		push r28
 711 0028 DF93      		push r29
 712               	/* prologue end (size=2) */
  25:delay_function.C ****    unsigned int i=0;
  26:delay_function.C ****    for (i=0;i<n;i++)
 714               	.LM10:
 715 002a 0097      		sbiw r24,0
 716 002c 21F0      		breq .L142
 717 002e EC01      		movw r28,r24
 718               	.L140:
  27:delay_function.C ****    delay_1ms();
 720               	.LM11:
 721 0030 F4DF      		rcall delay_1ms
 723               	.LM12:
 724 0032 2197      		sbiw r28,1
 725 0034 E9F7      		brne .L140
 726               	.L142:
 727               	/* epilogue: frame size=0 */
 728 0036 DF91      		pop r29
 729 0038 CF91      		pop r28
 730 003a 0895      		ret
 731               	/* epilogue end (size=3) */
 732               	/* function delay_nms size 12 (7) */
 738               	.global	LCD_write_byte
 740               	LCD_write_byte:
 742               	.Ltext2:
   1:3310LCD_function.c **** 
   2:3310LCD_function.c **** 
   3:3310LCD_function.c **** 
   4:3310LCD_function.c **** 
   5:3310LCD_function.c **** #include <avr/io.h>
   6:3310LCD_function.c **** 
   7:3310LCD_function.c **** #include "english_6x8_pixel.h"
   8:3310LCD_function.c **** #include "delay_function.C"
   9:3310LCD_function.c **** 
  10:3310LCD_function.c **** //  Mega48/8  port B pinout for LCD.
  11:3310LCD_function.c **** #define LCD_DC                 0x01  //  PB0
  12:3310LCD_function.c **** #define LCD_CE                 0x04  //  PB2
  13:3310LCD_function.c **** #define SPI_MOSI               0x08  //  PB3
  14:3310LCD_function.c **** #define LCD_RST                0x10  //  PB4
  15:3310LCD_function.c **** #define SPI_CLK                0x20  //  PB5
  16:3310LCD_function.c **** 
  17:3310LCD_function.c **** void LCD_init(void);
  18:3310LCD_function.c **** 
  19:3310LCD_function.c **** void LCD_clear(void);
  20:3310LCD_function.c **** 
  21:3310LCD_function.c **** void LCD_write_english_string(unsigned char X,unsigned char Y,char *s);
  22:3310LCD_function.c **** 
  23:3310LCD_function.c **** void LCD_write_chinese_string(unsigned char X, unsigned char Y,
  24:3310LCD_function.c ****                    unsigned char ch_with,unsigned char num,
  25:3310LCD_function.c ****                    unsigned char line,unsigned char row);                 
  26:3310LCD_function.c **** 
  27:3310LCD_function.c **** void LCD_write_char(unsigned char c);
  28:3310LCD_function.c **** 
  29:3310LCD_function.c **** void LCD_write_byte(unsigned char data, unsigned char dc);
  30:3310LCD_function.c **** 
  31:3310LCD_function.c **** void delay_1us(void);                 
  32:3310LCD_function.c **** void delay_nus(unsigned int n);      
  33:3310LCD_function.c **** void delay_1ms(void);                
  34:3310LCD_function.c **** void delay_nms(unsigned int n);     
  35:3310LCD_function.c **** /*-----------------------------------------------------------------------
  36:3310LCD_function.c **** LCD_init          : 3310LCD初始化
  37:3310LCD_function.c **** 
  38:3310LCD_function.c **** 编写日期          ：2004-8-10 
  39:3310LCD_function.c **** 最后修改日期      ：2004-8-10 
  40:3310LCD_function.c **** -----------------------------------------------------------------------*/
  41:3310LCD_function.c **** void LCD_init(void)
  42:3310LCD_function.c ****   {
  43:3310LCD_function.c ****     PORTB &= ~LCD_RST;          // 产生一个让LCD复位的低电平脉冲
  44:3310LCD_function.c ****     delay_1us();
  45:3310LCD_function.c ****     PORTB |= LCD_RST;
  46:3310LCD_function.c ****     
  47:3310LCD_function.c ****     PORTB &= ~LCD_CE ;		// 关闭LCD
  48:3310LCD_function.c ****     delay_1us();
  49:3310LCD_function.c ****     PORTB |= LCD_CE;		// 使能LCD
  50:3310LCD_function.c ****     delay_1us();
  51:3310LCD_function.c **** 
  52:3310LCD_function.c ****     LCD_write_byte(0x21, 0);	// 使用扩展命令设置LCD模式
  53:3310LCD_function.c ****     LCD_write_byte(0xc8, 0);	// 设置偏置电压
  54:3310LCD_function.c ****     LCD_write_byte(0x06, 0);	// 温度校正
  55:3310LCD_function.c ****     LCD_write_byte(0x13, 0);	// 1:48
  56:3310LCD_function.c ****     LCD_write_byte(0x20, 0);	// 使用基本命令
  57:3310LCD_function.c ****     LCD_clear();	        // 清屏
  58:3310LCD_function.c ****     LCD_write_byte(0x0c, 0);	// 设定显示模式，正常显示
  59:3310LCD_function.c ****         
  60:3310LCD_function.c ****     PORTB &= ~LCD_CE ;          // 关闭LCD
  61:3310LCD_function.c ****   }
  62:3310LCD_function.c **** 
  63:3310LCD_function.c **** /*-----------------------------------------------------------------------
  64:3310LCD_function.c **** LCD_clear         : LCD清屏函数
  65:3310LCD_function.c **** 
  66:3310LCD_function.c **** 编写日期          ：2004-8-10 
  67:3310LCD_function.c **** 最后修改日期      ：2004-8-10 
  68:3310LCD_function.c **** -----------------------------------------------------------------------*/
  69:3310LCD_function.c **** void LCD_clear(void)
  70:3310LCD_function.c **** {
  71:3310LCD_function.c ****     unsigned int i;
  72:3310LCD_function.c **** 
  73:3310LCD_function.c ****     LCD_write_byte(0x0c, 0);			
  74:3310LCD_function.c ****     LCD_write_byte(0x80, 0);			
  75:3310LCD_function.c **** 
  76:3310LCD_function.c ****     for (i=0; i<504; i++)
  77:3310LCD_function.c ****       LCD_write_byte(0, 1);			
  78:3310LCD_function.c **** }
  79:3310LCD_function.c **** 
  80:3310LCD_function.c **** /*-----------------------------------------------------------------------
  81:3310LCD_function.c **** LCD_set_XY        : 设置LCD坐标函数
  82:3310LCD_function.c **** 
  83:3310LCD_function.c **** 输入参数：X       ：0－83
  84:3310LCD_function.c ****           Y       ：0－5
  85:3310LCD_function.c **** 
  86:3310LCD_function.c **** 编写日期          ：2004-8-10 
  87:3310LCD_function.c **** 最后修改日期      ：2004-8-10 
  88:3310LCD_function.c **** -----------------------------------------------------------------------*/
  89:3310LCD_function.c **** void LCD_set_XY(unsigned char X, unsigned char Y)
  90:3310LCD_function.c **** {
  91:3310LCD_function.c ****     LCD_write_byte(0x40 | Y, 0);		// column
  92:3310LCD_function.c ****     LCD_write_byte(0x80 | X, 0);          	// row
  93:3310LCD_function.c **** }
  94:3310LCD_function.c **** 
  95:3310LCD_function.c **** /*-----------------------------------------------------------------------
  96:3310LCD_function.c **** LCD_write_char    : 显示英文字符
  97:3310LCD_function.c **** 
  98:3310LCD_function.c **** 输入参数：c       ：显示的字符；
  99:3310LCD_function.c **** 
 100:3310LCD_function.c **** 编写日期          ：2004-8-10 
 101:3310LCD_function.c **** 最后修改日期      ：2004-8-10 
 102:3310LCD_function.c **** -----------------------------------------------------------------------*/
 103:3310LCD_function.c **** void LCD_write_char(unsigned char c)
 104:3310LCD_function.c **** {
 105:3310LCD_function.c ****     unsigned int line;
 106:3310LCD_function.c **** 
 107:3310LCD_function.c ****     c -= 32;
 108:3310LCD_function.c **** 
 109:3310LCD_function.c ****     for (line=0; line<6; line++)
 110:3310LCD_function.c ****       LCD_write_byte(font6x8[c][line], 1);
 111:3310LCD_function.c **** }
 112:3310LCD_function.c **** 
 113:3310LCD_function.c **** 
 114:3310LCD_function.c **** void LCD_write_inverse_char(unsigned char c)
 115:3310LCD_function.c **** {
 116:3310LCD_function.c ****     unsigned int line;
 117:3310LCD_function.c **** 
 118:3310LCD_function.c ****     c -= 32;
 119:3310LCD_function.c **** 
 120:3310LCD_function.c ****     for (line=0; line<6; line++)
 121:3310LCD_function.c ****       LCD_write_byte(~font6x8[c][line], 1);
 122:3310LCD_function.c **** }
 123:3310LCD_function.c **** 
 124:3310LCD_function.c **** /*-----------------------------------------------------------------------
 125:3310LCD_function.c **** LCD_write_english_String  : 英文字符串显示函数
 126:3310LCD_function.c **** 
 127:3310LCD_function.c **** 输入参数：*s      ：英文字符串指针；
 128:3310LCD_function.c ****           X、Y    : 显示字符串的位置,x 0-83 ,y 0-5
 129:3310LCD_function.c **** 
 130:3310LCD_function.c **** 编写日期          ：2004-8-10 
 131:3310LCD_function.c **** 最后修改日期      ：2004-8-10 		
 132:3310LCD_function.c **** -----------------------------------------------------------------------*/
 133:3310LCD_function.c **** void LCD_write_english_string(unsigned char X,unsigned char Y,char *s)
 134:3310LCD_function.c ****   {
 135:3310LCD_function.c ****     LCD_set_XY(X,Y);
 136:3310LCD_function.c ****     while (*s) 
 137:3310LCD_function.c ****     {
 138:3310LCD_function.c **** 		LCD_write_char(*s);
 139:3310LCD_function.c **** 		s++;
 140:3310LCD_function.c ****     }
 141:3310LCD_function.c ****   }
 142:3310LCD_function.c **** 
 143:3310LCD_function.c **** void LCD_write_inverse_string(unsigned char X,unsigned char Y,char *s)
 144:3310LCD_function.c **** {
 145:3310LCD_function.c ****     LCD_set_XY(X,Y);
 146:3310LCD_function.c ****     while (*s) 
 147:3310LCD_function.c ****     {
 148:3310LCD_function.c **** 		LCD_write_inverse_char(*s);
 149:3310LCD_function.c **** 		s++;
 150:3310LCD_function.c ****     }
 151:3310LCD_function.c **** }
 152:3310LCD_function.c **** 
 153:3310LCD_function.c **** /*-----------------------------------------------------------------------
 154:3310LCD_function.c **** LCD_write_byte    : 使用SPI接口写数据到LCD
 155:3310LCD_function.c **** 
 156:3310LCD_function.c **** 输入参数：data    ：写入的数据；
 157:3310LCD_function.c ****           command ：写数据/命令选择；
 158:3310LCD_function.c **** 
 159:3310LCD_function.c **** 编写日期          ：2004-8-10 
 160:3310LCD_function.c **** 最后修改日期      ：2004-8-13 
 161:3310LCD_function.c **** -----------------------------------------------------------------------*/
 162:3310LCD_function.c **** void LCD_write_byte(unsigned char data, unsigned char command)
 163:3310LCD_function.c **** {
 744               	.LM13:
 745               	/* prologue: frame size=0 */
 746               	/* prologue end (size=0) */
 747 003c 982F      		mov r25,r24
 164:3310LCD_function.c ****     PORTB &= ~LCD_CE ;		        // 使能LCD
 749               	.LM14:
 750 003e C298      		cbi 56-0x20,2
 165:3310LCD_function.c ****     
 166:3310LCD_function.c ****     if (command == 0)
 752               	.LM15:
 753 0040 6623      		tst r22
 754 0042 11F4      		brne .L144
 167:3310LCD_function.c ****       PORTB &= ~LCD_DC ;	        // 传送命令
 756               	.LM16:
 757 0044 C098      		cbi 56-0x20,0
 758 0046 01C0      		rjmp .L145
 759               	.L144:
 168:3310LCD_function.c ****     else
 169:3310LCD_function.c ****       PORTB |= LCD_DC ;		        // 传送数据
 761               	.LM17:
 762 0048 C09A      		sbi 56-0x20,0
 763               	.L145:
 170:3310LCD_function.c **** 
 171:3310LCD_function.c ****     SPDR = data;			// 传送数据到SPI寄存器
 765               	.LM18:
 766 004a 9FB9      		out 47-0x20,r25
 767               	.L146:
 172:3310LCD_function.c **** 
 173:3310LCD_function.c ****     while ((SPSR & 0x80) == 0);         // 等待数据传送完毕
 769               	.LM19:
 770 004c 779B      		sbis 46-0x20,7
 771 004e FECF      		rjmp .L146
 174:3310LCD_function.c **** 	
 175:3310LCD_function.c ****     PORTB |= LCD_CE ;			// 关闭LCD
 773               	.LM20:
 774 0050 C29A      		sbi 56-0x20,2
 775               	/* epilogue: frame size=0 */
 776 0052 0895      		ret
 777               	/* epilogue end (size=1) */
 778               	/* function LCD_write_byte size 12 (11) */
 781               	.global	LCD_clear
 783               	LCD_clear:
 785               	.LM21:
 786               	/* prologue: frame size=0 */
 787 0054 CF93      		push r28
 788 0056 DF93      		push r29
 789               	/* prologue end (size=2) */
 791               	.LM22:
 792 0058 60E0      		ldi r22,lo8(0)
 793 005a 8CE0      		ldi r24,lo8(12)
 794 005c EFDF      		rcall LCD_write_byte
 796               	.LM23:
 797 005e 60E0      		ldi r22,lo8(0)
 798 0060 80E8      		ldi r24,lo8(-128)
 799 0062 ECDF      		rcall LCD_write_byte
 800 0064 C7EF      		ldi r28,lo8(503)
 801 0066 D1E0      		ldi r29,hi8(503)
 802               	.L153:
 804               	.LM24:
 805 0068 61E0      		ldi r22,lo8(1)
 806 006a 80E0      		ldi r24,lo8(0)
 807 006c E7DF      		rcall LCD_write_byte
 809               	.LM25:
 810 006e 2197      		sbiw r28,1
 811 0070 D7FF      		sbrs r29,7
 812 0072 FACF      		rjmp .L153
 813               	/* epilogue: frame size=0 */
 814 0074 DF91      		pop r29
 815 0076 CF91      		pop r28
 816 0078 0895      		ret
 817               	/* epilogue end (size=3) */
 818               	/* function LCD_clear size 19 (14) */
 822               	.global	LCD_init
 824               	LCD_init:
 826               	.LM26:
 827               	/* prologue: frame size=0 */
 828               	/* prologue end (size=0) */
 830               	.LM27:
 831 007a C498      		cbi 56-0x20,4
 833               	.LM28:
 834 007c C1DF      		rcall delay_1us
 836               	.LM29:
 837 007e C49A      		sbi 56-0x20,4
 839               	.LM30:
 840 0080 C298      		cbi 56-0x20,2
 842               	.LM31:
 843 0082 BEDF      		rcall delay_1us
 845               	.LM32:
 846 0084 C29A      		sbi 56-0x20,2
 848               	.LM33:
 849 0086 BCDF      		rcall delay_1us
 851               	.LM34:
 852 0088 60E0      		ldi r22,lo8(0)
 853 008a 81E2      		ldi r24,lo8(33)
 854 008c D7DF      		rcall LCD_write_byte
 856               	.LM35:
 857 008e 60E0      		ldi r22,lo8(0)
 858 0090 88EC      		ldi r24,lo8(-56)
 859 0092 D4DF      		rcall LCD_write_byte
 861               	.LM36:
 862 0094 60E0      		ldi r22,lo8(0)
 863 0096 86E0      		ldi r24,lo8(6)
 864 0098 D1DF      		rcall LCD_write_byte
 866               	.LM37:
 867 009a 60E0      		ldi r22,lo8(0)
 868 009c 83E1      		ldi r24,lo8(19)
 869 009e CEDF      		rcall LCD_write_byte
 871               	.LM38:
 872 00a0 60E0      		ldi r22,lo8(0)
 873 00a2 80E2      		ldi r24,lo8(32)
 874 00a4 CBDF      		rcall LCD_write_byte
 876               	.LM39:
 877 00a6 D6DF      		rcall LCD_clear
 879               	.LM40:
 880 00a8 60E0      		ldi r22,lo8(0)
 881 00aa 8CE0      		ldi r24,lo8(12)
 882 00ac C7DF      		rcall LCD_write_byte
 884               	.LM41:
 885 00ae C298      		cbi 56-0x20,2
 886               	/* epilogue: frame size=0 */
 887 00b0 0895      		ret
 888               	/* epilogue end (size=1) */
 889               	/* function LCD_init size 28 (27) */
 894               	.global	LCD_set_XY
 896               	LCD_set_XY:
 898               	.LM42:
 899               	/* prologue: frame size=0 */
 900 00b2 1F93      		push r17
 901               	/* prologue end (size=1) */
 902 00b4 182F      		mov r17,r24
 903 00b6 862F      		mov r24,r22
 905               	.LM43:
 906 00b8 60E0      		ldi r22,lo8(0)
 907 00ba 8064      		ori r24,lo8(64)
 908 00bc BFDF      		rcall LCD_write_byte
 910               	.LM44:
 911 00be 60E0      		ldi r22,lo8(0)
 912 00c0 812F      		mov r24,r17
 913 00c2 8068      		ori r24,lo8(-128)
 914 00c4 BBDF      		rcall LCD_write_byte
 915               	/* epilogue: frame size=0 */
 916 00c6 1F91      		pop r17
 917 00c8 0895      		ret
 918               	/* epilogue end (size=2) */
 919               	/* function LCD_set_XY size 12 (9) */
 923               	.global	LCD_write_char
 925               	LCD_write_char:
 927               	.LM45:
 928               	/* prologue: frame size=0 */
 929 00ca 1F93      		push r17
 930 00cc CF93      		push r28
 931 00ce DF93      		push r29
 932               	/* prologue end (size=3) */
 934               	.LM46:
 935 00d0 182F      		mov r17,r24
 936 00d2 1052      		subi r17,lo8(-(-32))
 938               	.LM47:
 939 00d4 C0E0      		ldi r28,lo8(0)
 940 00d6 D0E0      		ldi r29,hi8(0)
 941               	.L162:
 943               	.LM48:
 944 00d8 812F      		mov r24,r17
 945 00da 9927      		clr r25
 946 00dc FC01      		movw r30,r24
 947 00de EE0F      		lsl r30
 948 00e0 FF1F      		rol r31
 949 00e2 EE0F      		lsl r30
 950 00e4 FF1F      		rol r31
 951 00e6 E80F      		add r30,r24
 952 00e8 F91F      		adc r31,r25
 953 00ea E80F      		add r30,r24
 954 00ec F91F      		adc r31,r25
 955 00ee EC0F      		add r30,r28
 956 00f0 FD1F      		adc r31,r29
 957 00f2 E050      		subi r30,lo8(-(font6x8))
 958 00f4 F040      		sbci r31,hi8(-(font6x8))
 959 00f6 61E0      		ldi r22,lo8(1)
 960 00f8 8081      		ld r24,Z
 961 00fa A0DF      		rcall LCD_write_byte
 963               	.LM49:
 964 00fc 2196      		adiw r28,1
 965 00fe C630      		cpi r28,6
 966 0100 D105      		cpc r29,__zero_reg__
 967 0102 50F3      		brlo .L162
 968               	/* epilogue: frame size=0 */
 969 0104 DF91      		pop r29
 970 0106 CF91      		pop r28
 971 0108 1F91      		pop r17
 972 010a 0895      		ret
 973               	/* epilogue end (size=4) */
 974               	/* function LCD_write_char size 33 (26) */
 979               	.global	LCD_write_inverse_char
 981               	LCD_write_inverse_char:
 983               	.LM50:
 984               	/* prologue: frame size=0 */
 985 010c 1F93      		push r17
 986 010e CF93      		push r28
 987 0110 DF93      		push r29
 988               	/* prologue end (size=3) */
 990               	.LM51:
 991 0112 182F      		mov r17,r24
 992 0114 1052      		subi r17,lo8(-(-32))
 994               	.LM52:
 995 0116 C0E0      		ldi r28,lo8(0)
 996 0118 D0E0      		ldi r29,hi8(0)
 997               	.L169:
 999               	.LM53:
 1000 011a 812F      		mov r24,r17
 1001 011c 9927      		clr r25
 1002 011e FC01      		movw r30,r24
 1003 0120 EE0F      		lsl r30
 1004 0122 FF1F      		rol r31
 1005 0124 EE0F      		lsl r30
 1006 0126 FF1F      		rol r31
 1007 0128 E80F      		add r30,r24
 1008 012a F91F      		adc r31,r25
 1009 012c E80F      		add r30,r24
 1010 012e F91F      		adc r31,r25
 1011 0130 EC0F      		add r30,r28
 1012 0132 FD1F      		adc r31,r29
 1013 0134 E050      		subi r30,lo8(-(font6x8))
 1014 0136 F040      		sbci r31,hi8(-(font6x8))
 1015 0138 8081      		ld r24,Z
 1016 013a 61E0      		ldi r22,lo8(1)
 1017 013c 8095      		com r24
 1018 013e 7EDF      		rcall LCD_write_byte
 1020               	.LM54:
 1021 0140 2196      		adiw r28,1
 1022 0142 C630      		cpi r28,6
 1023 0144 D105      		cpc r29,__zero_reg__
 1024 0146 48F3      		brlo .L169
 1025               	/* epilogue: frame size=0 */
 1026 0148 DF91      		pop r29
 1027 014a CF91      		pop r28
 1028 014c 1F91      		pop r17
 1029 014e 0895      		ret
 1030               	/* epilogue end (size=4) */
 1031               	/* function LCD_write_inverse_char size 34 (27) */
 1038               	.global	LCD_write_english_string
 1040               	LCD_write_english_string:
 1042               	.LM55:
 1043               	/* prologue: frame size=0 */
 1044 0150 CF93      		push r28
 1045 0152 DF93      		push r29
 1046               	/* prologue end (size=2) */
 1047 0154 EA01      		movw r28,r20
 1049               	.LM56:
 1050 0156 ADDF      		rcall LCD_set_XY
 1052               	.LM57:
 1053 0158 8881      		ld r24,Y
 1054 015a 8823      		tst r24
 1055 015c 29F0      		breq .L177
 1056               	.L175:
 1058               	.LM58:
 1059 015e 8991      		ld r24,Y+
 1060 0160 B4DF      		rcall LCD_write_char
 1062               	.LM59:
 1063 0162 8881      		ld r24,Y
 1064 0164 8823      		tst r24
 1065 0166 D9F7      		brne .L175
 1066               	.L177:
 1067               	/* epilogue: frame size=0 */
 1068 0168 DF91      		pop r29
 1069 016a CF91      		pop r28
 1070 016c 0895      		ret
 1071               	/* epilogue end (size=3) */
 1072               	/* function LCD_write_english_string size 15 (10) */
 1078               	.global	LCD_write_inverse_string
 1080               	LCD_write_inverse_string:
 1082               	.LM60:
 1083               	/* prologue: frame size=0 */
 1084 016e CF93      		push r28
 1085 0170 DF93      		push r29
 1086               	/* prologue end (size=2) */
 1087 0172 EA01      		movw r28,r20
 1089               	.LM61:
 1090 0174 9EDF      		rcall LCD_set_XY
 1092               	.LM62:
 1093 0176 8881      		ld r24,Y
 1094 0178 8823      		tst r24
 1095 017a 29F0      		breq .L183
 1096               	.L181:
 1098               	.LM63:
 1099 017c 8991      		ld r24,Y+
 1100 017e C6DF      		rcall LCD_write_inverse_char
 1102               	.LM64:
 1103 0180 8881      		ld r24,Y
 1104 0182 8823      		tst r24
 1105 0184 D9F7      		brne .L181
 1106               	.L183:
 1107               	/* epilogue: frame size=0 */
 1108 0186 DF91      		pop r29
 1109 0188 CF91      		pop r28
 1110 018a 0895      		ret
 1111               	/* epilogue end (size=3) */
 1112               	/* function LCD_write_inverse_string size 15 (10) */
 1115               	.global	lcd_inverse
 1117               	lcd_inverse:
 176:3310LCD_function.c **** }
 177:3310LCD_function.c **** 
 178:3310LCD_function.c **** void lcd_inverse(void)
 179:3310LCD_function.c **** {
 1119               	.LM65:
 1120               	/* prologue: frame size=0 */
 1121               	/* prologue end (size=0) */
 180:3310LCD_function.c **** 	LCD_write_byte(0b00001101,0);
 1123               	.LM66:
 1124 018c 60E0      		ldi r22,lo8(0)
 1125 018e 8DE0      		ldi r24,lo8(13)
 1126 0190 55DF      		rcall LCD_write_byte
 1127               	/* epilogue: frame size=0 */
 1128 0192 0895      		ret
 1129               	/* epilogue end (size=1) */
 1130               	/* function lcd_inverse size 4 (3) */
 1133               	.global	lcd_no_inverse
 1135               	lcd_no_inverse:
 181:3310LCD_function.c **** }
 182:3310LCD_function.c **** void lcd_no_inverse(void)
 183:3310LCD_function.c **** {
 1137               	.LM67:
 1138               	/* prologue: frame size=0 */
 1139               	/* prologue end (size=0) */
 184:3310LCD_function.c **** 	LCD_write_byte(0b00001100,0);
 1141               	.LM68:
 1142 0194 60E0      		ldi r22,lo8(0)
 1143 0196 8CE0      		ldi r24,lo8(12)
 1144 0198 51DF      		rcall LCD_write_byte
 1145               	/* epilogue: frame size=0 */
 1146 019a 0895      		ret
 1147               	/* epilogue end (size=1) */
 1148               	/* function lcd_no_inverse size 4 (3) */
 1152               	.global	delay_ms
 1154               	delay_ms:
 1156               	.Ltext3:
   1:main.c        **** // WINAVR    GCC
   2:main.c        **** // ATmega8     
   3:main.c        **** // clock: internal 1Mhz
   4:main.c        **** 
   5:main.c        **** #include <avr/io.h>
   6:main.c        **** #include <avr/interrupt.h>
   7:main.c        **** #include <avr/signal.h>
   8:main.c        **** #include <avr/delay.h>
   9:main.c        **** #include <avr/eeprom.h>
  10:main.c        **** #include "3310LCD_function.c"
  11:main.c        **** 
  12:main.c        **** #define uchar uint8_t
  13:main.c        **** #define uint  uint16_t
  14:main.c        **** 
  15:main.c        **** #define SLA_W 0b11000000
  16:main.c        **** #define SLA_R 0b11000001
  17:main.c        **** 
  18:main.c        **** uchar senddata[5] ;
  19:main.c        **** uchar readdata[5] ;
  20:main.c        **** uchar search = 0;
  21:main.c        **** uchar search_up = 0;
  22:main.c        **** 
  23:main.c        **** //-------------------------------
  24:main.c        **** // 延时
  25:main.c        **** void delay_ms(uint ms)
  26:main.c        **** {
 1158               	.LM69:
 1159               	/* prologue: frame size=0 */
 1160               	/* prologue end (size=0) */
  27:main.c        **** 	uint i;
  28:main.c        **** 	for(i=0;i<ms;i++)
 1162               	.LM70:
 1163 019c 0097      		sbiw r24,0
 1164 019e 41F0      		breq .L193
 1165 01a0 9C01      		movw r18,r24
 1166               	.L191:
 1167               	.LBB2:
 1169               	.Ltext4:
   1:C:/WinAVR/bin/../lib/gcc/avr/3.4.1/../../../../avr/include/avr/delay.h **** /* Copyright (c) 2002, Marek Michalkiewicz
   2:C:/WinAVR/bin/../lib/gcc/avr/3.4.1/../../../../avr/include/avr/delay.h ****    All rights reserved.
   3:C:/WinAVR/bin/../lib/gcc/avr/3.4.1/../../../../avr/include/avr/delay.h **** 
   4:C:/WinAVR/bin/../lib/gcc/avr/3.4.1/../../../../avr/include/avr/delay.h ****    Redistribution and use in source and binary forms, with or without
   5:C:/WinAVR/bin/../lib/gcc/avr/3.4.1/../../../../avr/include/avr/delay.h ****    modification, are permitted provided that the following conditions are met:
   6:C:/WinAVR/bin/../lib/gcc/avr/3.4.1/../../../../avr/include/avr/delay.h **** 
   7:C:/WinAVR/bin/../lib/gcc/avr/3.4.1/../../../../avr/include/avr/delay.h ****    * Redistributions of source code must retain the above copyright
   8:C:/WinAVR/bin/../lib/gcc/avr/3.4.1/../../../../avr/include/avr/delay.h ****      notice, this list of conditions and the following disclaimer.
   9:C:/WinAVR/bin/../lib/gcc/avr/3.4.1/../../../../avr/include/avr/delay.h ****    * Redistributions in binary form must reproduce the above copyright
  10:C:/WinAVR/bin/../lib/gcc/avr/3.4.1/../../../../avr/include/avr/delay.h ****      notice, this list of conditions and the following disclaimer in
  11:C:/WinAVR/bin/../lib/gcc/avr/3.4.1/../../../../avr/include/avr/delay.h ****      the documentation and/or other materials provided with the
  12:C:/WinAVR/bin/../lib/gcc/avr/3.4.1/../../../../avr/include/avr/delay.h ****      distribution.
  13:C:/WinAVR/bin/../lib/gcc/avr/3.4.1/../../../../avr/include/avr/delay.h **** 
  14:C:/WinAVR/bin/../lib/gcc/avr/3.4.1/../../../../avr/include/avr/delay.h ****   THIS SOFTWARE IS PROVIDED BY THE COPYRIGHT HOLDERS AND CONTRIBUTORS "AS IS"
  15:C:/WinAVR/bin/../lib/gcc/avr/3.4.1/../../../../avr/include/avr/delay.h ****   AND ANY EXPRESS OR IMPLIED WARRANTIES, INCLUDING, BUT NOT LIMITED TO, THE
  16:C:/WinAVR/bin/../lib/gcc/avr/3.4.1/../../../../avr/include/avr/delay.h ****   IMPLIED WARRANTIES OF MERCHANTABILITY AND FITNESS FOR A PARTICULAR PURPOSE
  17:C:/WinAVR/bin/../lib/gcc/avr/3.4.1/../../../../avr/include/avr/delay.h ****   ARE DISCLAIMED. IN NO EVENT SHALL THE COPYRIGHT OWNER OR CONTRIBUTORS BE
  18:C:/WinAVR/bin/../lib/gcc/avr/3.4.1/../../../../avr/include/avr/delay.h ****   LIABLE FOR ANY DIRECT, INDIRECT, INCIDENTAL, SPECIAL, EXEMPLARY, OR
  19:C:/WinAVR/bin/../lib/gcc/avr/3.4.1/../../../../avr/include/avr/delay.h ****   CONSEQUENTIAL DAMAGES (INCLUDING, BUT NOT LIMITED TO, PROCUREMENT OF
  20:C:/WinAVR/bin/../lib/gcc/avr/3.4.1/../../../../avr/include/avr/delay.h ****   SUBSTITUTE GOODS OR SERVICES; LOSS OF USE, DATA, OR PROFITS; OR BUSINESS
  21:C:/WinAVR/bin/../lib/gcc/avr/3.4.1/../../../../avr/include/avr/delay.h ****   INTERRUPTION) HOWEVER CAUSED AND ON ANY THEORY OF LIABILITY, WHETHER IN
  22:C:/WinAVR/bin/../lib/gcc/avr/3.4.1/../../../../avr/include/avr/delay.h ****   CONTRACT, STRICT LIABILITY, OR TORT (INCLUDING NEGLIGENCE OR OTHERWISE)
  23:C:/WinAVR/bin/../lib/gcc/avr/3.4.1/../../../../avr/include/avr/delay.h ****   ARISING IN ANY WAY OUT OF THE USE OF THIS SOFTWARE, EVEN IF ADVISED OF THE
  24:C:/WinAVR/bin/../lib/gcc/avr/3.4.1/../../../../avr/include/avr/delay.h ****   POSSIBILITY OF SUCH DAMAGE. */
  25:C:/WinAVR/bin/../lib/gcc/avr/3.4.1/../../../../avr/include/avr/delay.h **** 
  26:C:/WinAVR/bin/../lib/gcc/avr/3.4.1/../../../../avr/include/avr/delay.h **** /* $Id: delay.h,v 1.2.2.2 2004/02/13 21:43:37 joerg_wunsch Exp $ */
  27:C:/WinAVR/bin/../lib/gcc/avr/3.4.1/../../../../avr/include/avr/delay.h **** 
  28:C:/WinAVR/bin/../lib/gcc/avr/3.4.1/../../../../avr/include/avr/delay.h **** /*
  29:C:/WinAVR/bin/../lib/gcc/avr/3.4.1/../../../../avr/include/avr/delay.h ****    avr/delay.h - loops for small accurate delays
  30:C:/WinAVR/bin/../lib/gcc/avr/3.4.1/../../../../avr/include/avr/delay.h ****  */
  31:C:/WinAVR/bin/../lib/gcc/avr/3.4.1/../../../../avr/include/avr/delay.h **** 
  32:C:/WinAVR/bin/../lib/gcc/avr/3.4.1/../../../../avr/include/avr/delay.h **** #ifndef _AVR_DELAY_H_
  33:C:/WinAVR/bin/../lib/gcc/avr/3.4.1/../../../../avr/include/avr/delay.h **** #define _AVR_DELAY_H_ 1
  34:C:/WinAVR/bin/../lib/gcc/avr/3.4.1/../../../../avr/include/avr/delay.h **** 
  35:C:/WinAVR/bin/../lib/gcc/avr/3.4.1/../../../../avr/include/avr/delay.h **** #include <inttypes.h>
  36:C:/WinAVR/bin/../lib/gcc/avr/3.4.1/../../../../avr/include/avr/delay.h **** 
  37:C:/WinAVR/bin/../lib/gcc/avr/3.4.1/../../../../avr/include/avr/delay.h **** /* 8-bit count, 3 cycles/loop */
  38:C:/WinAVR/bin/../lib/gcc/avr/3.4.1/../../../../avr/include/avr/delay.h **** static __inline__ void
  39:C:/WinAVR/bin/../lib/gcc/avr/3.4.1/../../../../avr/include/avr/delay.h **** _delay_loop_1(uint8_t __count)
  40:C:/WinAVR/bin/../lib/gcc/avr/3.4.1/../../../../avr/include/avr/delay.h **** {
  41:C:/WinAVR/bin/../lib/gcc/avr/3.4.1/../../../../avr/include/avr/delay.h **** 	asm volatile (
  42:C:/WinAVR/bin/../lib/gcc/avr/3.4.1/../../../../avr/include/avr/delay.h **** 		"1: dec %0" "\n\t"
  43:C:/WinAVR/bin/../lib/gcc/avr/3.4.1/../../../../avr/include/avr/delay.h **** 		"brne 1b"
  44:C:/WinAVR/bin/../lib/gcc/avr/3.4.1/../../../../avr/include/avr/delay.h **** 		: "=r" (__count)
  45:C:/WinAVR/bin/../lib/gcc/avr/3.4.1/../../../../avr/include/avr/delay.h **** 		: "0" (__count)
  46:C:/WinAVR/bin/../lib/gcc/avr/3.4.1/../../../../avr/include/avr/delay.h **** 	);
  47:C:/WinAVR/bin/../lib/gcc/avr/3.4.1/../../../../avr/include/avr/delay.h **** }
  48:C:/WinAVR/bin/../lib/gcc/avr/3.4.1/../../../../avr/include/avr/delay.h **** 
  49:C:/WinAVR/bin/../lib/gcc/avr/3.4.1/../../../../avr/include/avr/delay.h **** /* 16-bit count, 4 cycles/loop */
  50:C:/WinAVR/bin/../lib/gcc/avr/3.4.1/../../../../avr/include/avr/delay.h **** static __inline__ void
  51:C:/WinAVR/bin/../lib/gcc/avr/3.4.1/../../../../avr/include/avr/delay.h **** _delay_loop_2(uint16_t __count)
  52:C:/WinAVR/bin/../lib/gcc/avr/3.4.1/../../../../avr/include/avr/delay.h **** {
 1171               	.LM71:
 1172 01a2 8AEF      		ldi r24,lo8(250)
 1173 01a4 90E0      		ldi r25,hi8(250)
 1174               	.LBB3:
  53:C:/WinAVR/bin/../lib/gcc/avr/3.4.1/../../../../avr/include/avr/delay.h **** 	asm volatile (
 1176               	.LM72:
 1177               	/* #APP */
 1178 01a6 0197      		1: sbiw r24,1
 1179 01a8 F1F7      		brne 1b
 1180               	/* #NOAPP */
 1181               	.LBE3:
 1182               	.LBE2:
 1184               	.Ltext5:
 1186               	.LM73:
 1187 01aa 2150      		subi r18,lo8(-(-1))
 1188 01ac 3040      		sbci r19,hi8(-(-1))
 1189 01ae C9F7      		brne .L191
 1190               	.L193:
 1191 01b0 0895      		ret
 1192               	/* epilogue: frame size=0 */
 1193               	/* epilogue: noreturn */
 1194               	/* epilogue end (size=0) */
 1195               	/* function delay_ms size 15 (15) */
 1202               	.global	set5767
 1204               	set5767:
  29:main.c        **** 		_delay_loop_2(250);
  30:main.c        **** }
  31:main.c        **** 
  32:main.c        **** void set5767(void)
  33:main.c        **** {
 1206               	.LM74:
 1207               	/* prologue: frame size=0 */
 1208               	/* prologue end (size=0) */
  34:main.c        **** 	uchar i = 0;
  35:main.c        **** 	
  36:main.c        **** 	TWCR = (1<<TWINT)|(1<<TWSTA)|(1<<TWEN); // SEND START SIGNAL
 1210               	.LM75:
 1211 01b2 84EA      		ldi r24,lo8(-92)
 1212 01b4 86BF      		out 86-0x20,r24
 1213               	.L195:
  37:main.c        **** 	while (!(TWCR & (1<<TWINT)));           // WAIT FOR START SIG
 1215               	.LM76:
 1216 01b6 06B6      		in __tmp_reg__,86-0x20
 1217 01b8 07FE      		sbrs __tmp_reg__,7
 1218 01ba FDCF      		rjmp .L195
  38:main.c        **** 	//if ((TWSR & 0xF8) != START)  ERROR();
  39:main.c        **** 	
  40:main.c        **** 	TWDR = SLA_W;                            // send address
 1220               	.LM77:
 1221 01bc 80EC      		ldi r24,lo8(-64)
 1222 01be 83B9      		out 35-0x20,r24
  41:main.c        **** 	TWCR = (1<<TWINT) | (1<<TWEN);
 1224               	.LM78:
 1225 01c0 84E8      		ldi r24,lo8(-124)
 1226 01c2 86BF      		out 86-0x20,r24
 1227               	.L198:
  42:main.c        **** 	while (!(TWCR & (1<<TWINT)));
 1229               	.LM79:
 1230 01c4 06B6      		in __tmp_reg__,86-0x20
 1231 01c6 07FE      		sbrs __tmp_reg__,7
 1232 01c8 FDCF      		rjmp .L198
  43:main.c        **** 	//if ((TWSR & 0xF8) !=MT_SLA_ACK) ERROR();
  44:main.c        **** 	
  45:main.c        **** 	for ( i = 0; i < 5; i++ )
 1234               	.LM80:
 1235 01ca 90E0      		ldi r25,lo8(0)
 1236 01cc 24E8      		ldi r18,lo8(-124)
 1237               	.L207:
  46:main.c        **** 	{
  47:main.c        **** 		TWDR = senddata[i];
 1239               	.LM81:
 1240 01ce E92F      		mov r30,r25
 1241 01d0 FF27      		clr r31
 1242 01d2 E050      		subi r30,lo8(-(senddata))
 1243 01d4 F040      		sbci r31,hi8(-(senddata))
 1244 01d6 8081      		ld r24,Z
 1245 01d8 83B9      		out 35-0x20,r24
  48:main.c        **** 		TWCR = (1<<TWINT) | (1<<TWEN);      // send data
 1247               	.LM82:
 1248 01da 26BF      		out 86-0x20,r18
 1249               	.L204:
  49:main.c        **** 		while (!(TWCR & (1<<TWINT)));
 1251               	.LM83:
 1252 01dc 06B6      		in __tmp_reg__,86-0x20
 1253 01de 07FE      		sbrs __tmp_reg__,7
 1254 01e0 FDCF      		rjmp .L204
 1256               	.LM84:
 1257 01e2 9F5F      		subi r25,lo8(-(1))
 1258 01e4 9530      		cpi r25,lo8(5)
 1259 01e6 98F3      		brlo .L207
  50:main.c        **** 	//	if ((TWSR & 0xF8) != MT_DATA_ACK) ERROR();
  51:main.c        **** 	}
  52:main.c        **** 	
  53:main.c        **** 	TWCR = (1<<TWINT)|(1<<TWEN)|(1<<TWSTO); //SEND STOP SIGNAL
 1261               	.LM85:
 1262 01e8 84E9      		ldi r24,lo8(-108)
 1263 01ea 86BF      		out 86-0x20,r24
 1264               	/* epilogue: frame size=0 */
 1265 01ec 0895      		ret
 1266               	/* epilogue end (size=1) */
 1267               	/* function set5767 size 30 (29) */
 1271               	.global	read5767
 1273               	read5767:
  54:main.c        **** 	
  55:main.c        **** 	//LCD_write_english_string(60,3,"sOK");
  56:main.c        **** }
  57:main.c        ****  
  58:main.c        ****  
  59:main.c        **** void read5767(void)
  60:main.c        **** {
 1275               	.LM86:
 1276               	/* prologue: frame size=0 */
 1277               	/* prologue end (size=0) */
  61:main.c        **** 	uchar i = 0;
  62:main.c        **** 	
  63:main.c        **** 	TWCR = (1<<TWINT)|(1<<TWSTA)|(1<<TWEN); // SEND START SIGNAL
 1279               	.LM87:
 1280 01ee 84EA      		ldi r24,lo8(-92)
 1281 01f0 86BF      		out 86-0x20,r24
 1282               	.L211:
  64:main.c        **** 	while (!(TWCR & (1<<TWINT)));           // WAIT FOR START SIG
 1284               	.LM88:
 1285 01f2 06B6      		in __tmp_reg__,86-0x20
 1286 01f4 07FE      		sbrs __tmp_reg__,7
 1287 01f6 FDCF      		rjmp .L211
  65:main.c        **** 	//if ((TWSR & 0xF8) != START)  ERROR();
  66:main.c        **** 	
  67:main.c        **** 	TWDR = SLA_R;                            // send address
 1289               	.LM89:
 1290 01f8 81EC      		ldi r24,lo8(-63)
 1291 01fa 83B9      		out 35-0x20,r24
  68:main.c        **** 	TWCR = (1<<TWINT) | (1<<TWEN);
 1293               	.LM90:
 1294 01fc 84E8      		ldi r24,lo8(-124)
 1295 01fe 86BF      		out 86-0x20,r24
 1296               	.L214:
  69:main.c        **** 	while (!(TWCR & (1<<TWINT)));
 1298               	.LM91:
 1299 0200 06B6      		in __tmp_reg__,86-0x20
 1300 0202 07FE      		sbrs __tmp_reg__,7
 1301 0204 FDCF      		rjmp .L214
  70:main.c        **** 	//if ((TWSR & 0xF8) !=MT_SLA_ACK) ERROR();
  71:main.c        **** 	//TWCR = (1<<TWINT) | (1<<TWEN);
  72:main.c        **** 	
  73:main.c        **** 	for ( i = 0; i < 5; i++ )
 1303               	.LM92:
 1304 0206 90E0      		ldi r25,lo8(0)
 1305 0208 24E8      		ldi r18,lo8(-124)
 1306               	.L223:
  74:main.c        **** 	{
  75:main.c        **** 		TWCR = (1<<TWINT) | (1<<TWEN);      // read data
 1308               	.LM93:
 1309 020a 26BF      		out 86-0x20,r18
 1310               	.L220:
  76:main.c        **** 		while (!(TWCR & (1<<TWINT)));
 1312               	.LM94:
 1313 020c 06B6      		in __tmp_reg__,86-0x20
 1314 020e 07FE      		sbrs __tmp_reg__,7
 1315 0210 FDCF      		rjmp .L220
  77:main.c        **** 		readdata[i] = TWDR ;
 1317               	.LM95:
 1318 0212 E92F      		mov r30,r25
 1319 0214 FF27      		clr r31
 1320 0216 E050      		subi r30,lo8(-(readdata))
 1321 0218 F040      		sbci r31,hi8(-(readdata))
 1322 021a 83B1      		in r24,35-0x20
 1323 021c 8083      		st Z,r24
 1325               	.LM96:
 1326 021e 9F5F      		subi r25,lo8(-(1))
 1327 0220 9530      		cpi r25,lo8(5)
 1328 0222 98F3      		brlo .L223
  78:main.c        **** 		
  79:main.c        **** 		
  80:main.c        **** 	//	if ((TWSR & 0xF8) != MT_DATA_ACK) ERROR();
  81:main.c        **** 	}
  82:main.c        **** 	
  83:main.c        **** 	TWCR = (1<<TWINT)|(1<<TWEN)|(1<<TWSTO); //SEND STOP SIGNAL
 1330               	.LM97:
 1331 0224 84E9      		ldi r24,lo8(-108)
 1332 0226 86BF      		out 86-0x20,r24
 1333               	/* epilogue: frame size=0 */
 1334 0228 0895      		ret
 1335               	/* epilogue end (size=1) */
 1336               	/* function read5767 size 30 (29) */
 1339               		.data
 1340               	.LC0:
 1341 0228 2000      		.string	" "
 1342               	.LC1:
 1343 022a 2E00      		.string	"."
 1344               	.LC2:
 1345 022c 204D 487A 		.string	" MHz"
 1345      00
 1346               		.text
 1348               	.global	show_frequency
 1350               	show_frequency:
  84:main.c        **** 
  85:main.c        **** 	//LCD_write_english_string(10,3,"rOK");
  86:main.c        **** }
  87:main.c        **** 
  88:main.c        **** void show_frequency(void)		
  89:main.c        **** {
 1352               	.LM98:
 1353               	/* prologue: frame size=5 */
 1354 022a EF92      		push r14
 1355 022c FF92      		push r15
 1356 022e 0F93      		push r16
 1357 0230 1F93      		push r17
 1358 0232 CF93      		push r28
 1359 0234 DF93      		push r29
 1360 0236 CDB7      		in r28,__SP_L__
 1361 0238 DEB7      		in r29,__SP_H__
 1362 023a 2597      		sbiw r28,5
 1363 023c 0FB6      		in __tmp_reg__,__SREG__
 1364 023e F894      		cli
 1365 0240 DEBF      		out __SP_H__,r29
 1366 0242 0FBE      		out __SREG__,__tmp_reg__
 1367 0244 CDBF      		out __SP_L__,r28
 1368               	/* prologue end (size=14) */
  90:main.c        **** 	uint32_t nPLL =0;			    //Dec 
  91:main.c        **** 	uint32_t frequency = 0;	        //Khz
  92:main.c        **** 	uchar display_bit[5];
  93:main.c        **** 	
  94:main.c        **** 	uchar tbTmp1=readdata[1];
 1370               	.LM99:
 1371 0246 2091 0000 		lds r18,readdata+1
  95:main.c        **** 	uchar tbTmp2=readdata[0];
 1373               	.LM100:
 1374 024a 8091 0000 		lds r24,readdata
  96:main.c        **** 	tbTmp2&=0x3f;
 1376               	.LM101:
 1377 024e 8F73      		andi r24,lo8(63)
  97:main.c        **** 
  98:main.c        **** 	nPLL=tbTmp2*256+tbTmp1;
 1379               	.LM102:
 1380 0250 9927      		clr r25
 1381 0252 982F      		mov r25,r24
 1382 0254 8827      		clr r24
 1383 0256 820F      		add r24,r18
 1384 0258 911D      		adc r25,__zero_reg__
 1385 025a 9C01      		movw r18,r24
 1386 025c 4427      		clr r20
 1387 025e 37FD      		sbrc r19,7
 1388 0260 4095      		com r20
 1389 0262 542F      		mov r21,r20
  99:main.c        ****           
 100:main.c        **** 	// calculate searched station frequency  
 101:main.c        ****     if(senddata[2]&0x10)
 1391               	.LM103:
 1392 0264 8091 0000 		lds r24,senddata+2
 1393 0268 84FF      		sbrs r24,4
 1394 026a 17C0      		rjmp .L227
 102:main.c        **** 		frequency =(unsigned long)(nPLL*82/10-225);
 1396               	.LM104:
 1397 026c CA01      		movw r24,r20
 1398 026e B901      		movw r22,r18
 1399 0270 22E5      		ldi r18,lo8(82)
 1400 0272 30E0      		ldi r19,hi8(82)
 1401 0274 40E0      		ldi r20,hlo8(82)
 1402 0276 50E0      		ldi r21,hhi8(82)
 1403 0278 00D0      		rcall __mulsi3
 1404 027a DC01      		movw r26,r24
 1405 027c CB01      		movw r24,r22
 1406 027e BC01      		movw r22,r24
 1407 0280 CD01      		movw r24,r26
 1408 0282 2AE0      		ldi r18,lo8(10)
 1409 0284 30E0      		ldi r19,hi8(10)
 1410 0286 40E0      		ldi r20,hlo8(10)
 1411 0288 50E0      		ldi r21,hhi8(10)
 1412 028a 00D0      		rcall __udivmodsi4
 1413 028c 7901      		movw r14,r18
 1414 028e 8A01      		movw r16,r20
 1415 0290 8FE1      		ldi r24,lo8(-225)
 1416 0292 9FEF      		ldi r25,hi8(-225)
 1417 0294 AFEF      		ldi r26,hlo8(-225)
 1418 0296 BFEF      		ldi r27,hhi8(-225)
 1419 0298 16C0      		rjmp .L231
 1420               	.L227:
 103:main.c        ****     else
 104:main.c        **** 		frequency =(unsigned long)(nPLL*82/10+225);
 1422               	.LM105:
 1423 029a CA01      		movw r24,r20
 1424 029c B901      		movw r22,r18
 1425 029e 22E5      		ldi r18,lo8(82)
 1426 02a0 30E0      		ldi r19,hi8(82)
 1427 02a2 40E0      		ldi r20,hlo8(82)
 1428 02a4 50E0      		ldi r21,hhi8(82)
 1429 02a6 00D0      		rcall __mulsi3
 1430 02a8 DC01      		movw r26,r24
 1431 02aa CB01      		movw r24,r22
 1432 02ac BC01      		movw r22,r24
 1433 02ae CD01      		movw r24,r26
 1434 02b0 2AE0      		ldi r18,lo8(10)
 1435 02b2 30E0      		ldi r19,hi8(10)
 1436 02b4 40E0      		ldi r20,hlo8(10)
 1437 02b6 50E0      		ldi r21,hhi8(10)
 1438 02b8 00D0      		rcall __udivmodsi4
 1439 02ba 7901      		movw r14,r18
 1440 02bc 8A01      		movw r16,r20
 1441 02be 81EE      		ldi r24,lo8(225)
 1442 02c0 90E0      		ldi r25,hi8(225)
 1443 02c2 A0E0      		ldi r26,hlo8(225)
 1444 02c4 B0E0      		ldi r27,hhi8(225)
 1445               	.L231:
 1446 02c6 E80E      		add r14,r24
 1447 02c8 F91E      		adc r15,r25
 1448 02ca 0A1F      		adc r16,r26
 1449 02cc 1B1F      		adc r17,r27
 105:main.c        **** 		
 106:main.c        **** 	display_bit[0] = frequency / 100000 ;
 1451               	.LM106:
 1452 02ce C801      		movw r24,r16
 1453 02d0 B701      		movw r22,r14
 1454 02d2 20EA      		ldi r18,lo8(100000)
 1455 02d4 36E8      		ldi r19,hi8(100000)
 1456 02d6 41E0      		ldi r20,hlo8(100000)
 1457 02d8 50E0      		ldi r21,hhi8(100000)
 1458 02da 00D0      		rcall __udivmodsi4
 1459 02dc DA01      		movw r26,r20
 1460 02de C901      		movw r24,r18
 1461 02e0 2983      		std Y+1,r18
 107:main.c        **** 	if ( display_bit[0] == 0 ) display_bit[0] = 0x20;
 1463               	.LM107:
 1464 02e2 8823      		tst r24
 1465 02e4 19F4      		brne .L229
 1466 02e6 80E2      		ldi r24,lo8(32)
 1467 02e8 8983      		std Y+1,r24
 1468 02ea 02C0      		rjmp .L230
 1469               	.L229:
 108:main.c        **** 	else display_bit[0] += 0x30;
 1471               	.LM108:
 1472 02ec 205D      		subi r18,lo8(-(48))
 1473 02ee 2983      		std Y+1,r18
 1474               	.L230:
 109:main.c        **** 	
 110:main.c        **** 	display_bit[1] = (frequency / 10000)%10 +0x30;
 1476               	.LM109:
 1477 02f0 C801      		movw r24,r16
 1478 02f2 B701      		movw r22,r14
 1479 02f4 20E1      		ldi r18,lo8(10000)
 1480 02f6 37E2      		ldi r19,hi8(10000)
 1481 02f8 40E0      		ldi r20,hlo8(10000)
 1482 02fa 50E0      		ldi r21,hhi8(10000)
 1483 02fc 00D0      		rcall __udivmodsi4
 1484 02fe CA01      		movw r24,r20
 1485 0300 B901      		movw r22,r18
 1486 0302 2AE0      		ldi r18,lo8(10)
 1487 0304 30E0      		ldi r19,hi8(10)
 1488 0306 40E0      		ldi r20,hlo8(10)
 1489 0308 50E0      		ldi r21,hhi8(10)
 1490 030a 00D0      		rcall __udivmodsi4
 1491 030c DC01      		movw r26,r24
 1492 030e CB01      		movw r24,r22
 1493 0310 805D      		subi r24,lo8(-(48))
 1494 0312 8A83      		std Y+2,r24
 111:main.c        **** 	display_bit[2] = (frequency / 1000)%10 +0x30;
 1496               	.LM110:
 1497 0314 C801      		movw r24,r16
 1498 0316 B701      		movw r22,r14
 1499 0318 28EE      		ldi r18,lo8(1000)
 1500 031a 33E0      		ldi r19,hi8(1000)
 1501 031c 40E0      		ldi r20,hlo8(1000)
 1502 031e 50E0      		ldi r21,hhi8(1000)
 1503 0320 00D0      		rcall __udivmodsi4
 1504 0322 CA01      		movw r24,r20
 1505 0324 B901      		movw r22,r18
 1506 0326 2AE0      		ldi r18,lo8(10)
 1507 0328 30E0      		ldi r19,hi8(10)
 1508 032a 40E0      		ldi r20,hlo8(10)
 1509 032c 50E0      		ldi r21,hhi8(10)
 1510 032e 00D0      		rcall __udivmodsi4
 1511 0330 DC01      		movw r26,r24
 1512 0332 CB01      		movw r24,r22
 1513 0334 805D      		subi r24,lo8(-(48))
 1514 0336 8B83      		std Y+3,r24
 112:main.c        **** 	display_bit[3] = (frequency / 100)%10 +0x30;
 1516               	.LM111:
 1517 0338 C801      		movw r24,r16
 1518 033a B701      		movw r22,r14
 1519 033c 24E6      		ldi r18,lo8(100)
 1520 033e 30E0      		ldi r19,hi8(100)
 1521 0340 40E0      		ldi r20,hlo8(100)
 1522 0342 50E0      		ldi r21,hhi8(100)
 1523 0344 00D0      		rcall __udivmodsi4
 1524 0346 CA01      		movw r24,r20
 1525 0348 B901      		movw r22,r18
 1526 034a 2AE0      		ldi r18,lo8(10)
 1527 034c 30E0      		ldi r19,hi8(10)
 1528 034e 40E0      		ldi r20,hlo8(10)
 1529 0350 50E0      		ldi r21,hhi8(10)
 1530 0352 00D0      		rcall __udivmodsi4
 1531 0354 DC01      		movw r26,r24
 1532 0356 CB01      		movw r24,r22
 1533 0358 805D      		subi r24,lo8(-(48))
 1534 035a 8C83      		std Y+4,r24
 113:main.c        **** 	display_bit[4] = (frequency / 10)%10 +0x30;
 1536               	.LM112:
 1537 035c C801      		movw r24,r16
 1538 035e B701      		movw r22,r14
 1539 0360 2AE0      		ldi r18,lo8(10)
 1540 0362 30E0      		ldi r19,hi8(10)
 1541 0364 40E0      		ldi r20,hlo8(10)
 1542 0366 50E0      		ldi r21,hhi8(10)
 1543 0368 00D0      		rcall __udivmodsi4
 1544 036a CA01      		movw r24,r20
 1545 036c B901      		movw r22,r18
 1546 036e 2AE0      		ldi r18,lo8(10)
 1547 0370 30E0      		ldi r19,hi8(10)
 1548 0372 40E0      		ldi r20,hlo8(10)
 1549 0374 50E0      		ldi r21,hhi8(10)
 1550 0376 00D0      		rcall __udivmodsi4
 1551 0378 DC01      		movw r26,r24
 1552 037a CB01      		movw r24,r22
 1553 037c 805D      		subi r24,lo8(-(48))
 1554 037e 8D83      		std Y+5,r24
 114:main.c        **** 	LCD_write_english_string(0,2," " );
 1556               	.LM113:
 1557 0380 40E0      		ldi r20,lo8(.LC0)
 1558 0382 50E0      		ldi r21,hi8(.LC0)
 1559 0384 62E0      		ldi r22,lo8(2)
 1560 0386 80E0      		ldi r24,lo8(0)
 1561 0388 E3DE      		rcall LCD_write_english_string
 115:main.c        **** 	 LCD_write_char(display_bit[0]);
 1563               	.LM114:
 1564 038a 8981      		ldd r24,Y+1
 1565 038c 9EDE      		rcall LCD_write_char
 116:main.c        **** 	 LCD_write_char(display_bit[1]);
 1567               	.LM115:
 1568 038e 8A81      		ldd r24,Y+2
 1569 0390 9CDE      		rcall LCD_write_char
 117:main.c        **** 	 LCD_write_char(display_bit[2]);
 1571               	.LM116:
 1572 0392 8B81      		ldd r24,Y+3
 1573 0394 9ADE      		rcall LCD_write_char
 118:main.c        **** 	 LCD_write_english_string(25,2,"." );
 1575               	.LM117:
 1576 0396 40E0      		ldi r20,lo8(.LC1)
 1577 0398 50E0      		ldi r21,hi8(.LC1)
 1578 039a 62E0      		ldi r22,lo8(2)
 1579 039c 89E1      		ldi r24,lo8(25)
 1580 039e D8DE      		rcall LCD_write_english_string
 119:main.c        **** 	 LCD_write_char(display_bit[3]);
 1582               	.LM118:
 1583 03a0 8C81      		ldd r24,Y+4
 1584 03a2 93DE      		rcall LCD_write_char
 120:main.c        **** 	 LCD_write_char(display_bit[4]);
 1586               	.LM119:
 1587 03a4 8D81      		ldd r24,Y+5
 1588 03a6 91DE      		rcall LCD_write_char
 121:main.c        **** 	LCD_write_english_string(43,2," MHz" );
 1590               	.LM120:
 1591 03a8 40E0      		ldi r20,lo8(.LC2)
 1592 03aa 50E0      		ldi r21,hi8(.LC2)
 1593 03ac 62E0      		ldi r22,lo8(2)
 1594 03ae 8BE2      		ldi r24,lo8(43)
 1595 03b0 CFDE      		rcall LCD_write_english_string
 1596               	/* epilogue: frame size=5 */
 1597 03b2 2596      		adiw r28,5
 1598 03b4 0FB6      		in __tmp_reg__,__SREG__
 1599 03b6 F894      		cli
 1600 03b8 DEBF      		out __SP_H__,r29
 1601 03ba 0FBE      		out __SREG__,__tmp_reg__
 1602 03bc CDBF      		out __SP_L__,r28
 1603 03be DF91      		pop r29
 1604 03c0 CF91      		pop r28
 1605 03c2 1F91      		pop r17
 1606 03c4 0F91      		pop r16
 1607 03c6 FF90      		pop r15
 1608 03c8 EF90      		pop r14
 1609 03ca 0895      		ret
 1610               	/* epilogue end (size=13) */
 1611               	/* function show_frequency size 209 (182) */
 1619               	.global	show_rx_power
 1621               	show_rx_power:
 122:main.c        ****    
 123:main.c        **** }
 124:main.c        **** void show_rx_power(void)
 125:main.c        **** {
 1623               	.LM121:
 1624               	/* prologue: frame size=0 */
 1625 03cc 0F93      		push r16
 1626 03ce 1F93      		push r17
 1627               	/* prologue end (size=2) */
 126:main.c        **** 	uchar temp;
 127:main.c        **** 	
 128:main.c        **** 	temp = (readdata[3]>>4);
 1629               	.LM122:
 1630 03d0 0091 0000 		lds r16,readdata+3
 1631 03d4 0295      		swap r16
 1632 03d6 0F70      		andi r16,0x0f
 129:main.c        **** 	
 130:main.c        **** 	LCD_write_english_string(60,0," ");
 1634               	.LM123:
 1635 03d8 40E0      		ldi r20,lo8(.LC0)
 1636 03da 50E0      		ldi r21,hi8(.LC0)
 1637 03dc 60E0      		ldi r22,lo8(0)
 1638 03de 8CE3      		ldi r24,lo8(60)
 1639 03e0 B7DE      		rcall LCD_write_english_string
 131:main.c        **** 	
 132:main.c        **** 	LCD_write_char((temp/10)%10 + 0x30 );
 1641               	.LM124:
 1642 03e2 1AE0      		ldi r17,lo8(10)
 1643 03e4 802F      		mov r24,r16
 1644 03e6 612F      		mov r22,r17
 1645 03e8 00D0      		rcall __udivmodqi4
 1646 03ea 00D0      		rcall __udivmodqi4
 1647 03ec 892F      		mov r24,r25
 1648 03ee 805D      		subi r24,lo8(-(48))
 1649 03f0 6CDE      		rcall LCD_write_char
 133:main.c        **** 	LCD_write_char(temp%10 + 0x30 );
 1651               	.LM125:
 1652 03f2 802F      		mov r24,r16
 1653 03f4 612F      		mov r22,r17
 1654 03f6 00D0      		rcall __udivmodqi4
 1655 03f8 892F      		mov r24,r25
 1656 03fa 805D      		subi r24,lo8(-(48))
 1657 03fc 66DE      		rcall LCD_write_char
 1658               	/* epilogue: frame size=0 */
 1659 03fe 1F91      		pop r17
 1660 0400 0F91      		pop r16
 1661 0402 0895      		ret
 1662               	/* epilogue end (size=3) */
 1663               	/* function show_rx_power size 28 (23) */
 1667               	.global	init
 1669               	init:
 134:main.c        **** }
 135:main.c        **** 
 136:main.c        **** void init(void)
 137:main.c        **** {
 1671               	.LM126:
 1672               	/* prologue: frame size=0 */
 1673               	/* prologue end (size=0) */
 138:main.c        **** 	DDRB = 0XFF;
 1675               	.LM127:
 1676 0404 9FEF      		ldi r25,lo8(-1)
 1677 0406 97BB      		out 55-0x20,r25
 139:main.c        **** 	PORTB = 0XFF;
 1679               	.LM128:
 1680 0408 98BB      		out 56-0x20,r25
 140:main.c        **** 	
 141:main.c        **** 	DDRD = 0B11100000;
 1682               	.LM129:
 1683 040a 80EE      		ldi r24,lo8(-32)
 1684 040c 81BB      		out 49-0x20,r24
 142:main.c        **** 	PORTD = 0XFF;
 1686               	.LM130:
 1687 040e 92BB      		out 50-0x20,r25
 143:main.c        **** 	
 144:main.c        **** 	DDRC = 0B00000000;
 1689               	.LM131:
 1690 0410 14BA      		out 52-0x20,__zero_reg__
 145:main.c        **** 	PORTC = 0Xff;      //  IO init
 1692               	.LM132:
 1693 0412 95BB      		out 53-0x20,r25
 146:main.c        **** 	
 147:main.c        **** 	delay_nms(100);
 1695               	.LM133:
 1696 0414 84E6      		ldi r24,lo8(100)
 1697 0416 90E0      		ldi r25,hi8(100)
 1698 0418 06DE      		rcall delay_nms
 148:main.c        **** 	//TWI
 149:main.c        **** 	TWBR = 12;
 1700               	.LM134:
 1701 041a 8CE0      		ldi r24,lo8(12)
 1702 041c 80B9      		out 32-0x20,r24
 150:main.c        **** 	TWCR = (1<<TWEN); //SEND STOP SIGNAL
 1704               	.LM135:
 1705 041e 84E0      		ldi r24,lo8(4)
 1706 0420 86BF      		out 86-0x20,r24
 151:main.c        **** 	
 152:main.c        **** 	 
 153:main.c        ****     OSCCAL=0x9d;                        // 8M系统内部时钟校准    
 1708               	.LM136:
 1709 0422 8DE9      		ldi r24,lo8(-99)
 1710 0424 81BF      		out 81-0x20,r24
 154:main.c        ****     //设置MCU的I/O口
 155:main.c        ****     DDRB |= LCD_RST | LCD_DC | LCD_CE | SPI_MOSI | SPI_CLK;
 1712               	.LM137:
 1713 0426 87B3      		in r24,55-0x20
 1714 0428 8D63      		ori r24,lo8(61)
 1715 042a 87BB      		out 55-0x20,r24
 156:main.c        ****     
 157:main.c        **** 	SPSR |= (1<<SPI2X);                 // 设置SPI时钟倍速
 1717               	.LM138:
 1718 042c 709A      		sbi 46-0x20,0
 158:main.c        ****     SPCR |= (1<<SPE)|(1<<MSTR);		// 使能SPI接口，主机模式，4M时钟
 1720               	.LM139:
 1721 042e 8DB1      		in r24,45-0x20
 1722 0430 8065      		ori r24,lo8(80)
 1723 0432 8DB9      		out 45-0x20,r24
 159:main.c        ****  
 160:main.c        ****     LCD_init(); //初始化液晶  
 1725               	.LM140:
 1726 0434 22DE      		rcall LCD_init
 1727               	/* epilogue: frame size=0 */
 1728 0436 0895      		ret
 1729               	/* epilogue end (size=1) */
 1730               	/* function init size 26 (25) */
 1732               		.data
 1733               	.LC3:
 1734 0231 464D 2053 		.string	"FM STEREO"
 1734      5445 5245 
 1734      4F00 
 1735               	.LC4:
 1736 023b 2020 3939 		.string	"  99.1Mhz"
 1736      2E31 4D68 
 1736      7A00 
 1737               	.LC5:
 1738 0245 2020 5550 		.string	"  UP  "
 1738      2020 00
 1739               	.LC6:
 1740 024c 2044 4F57 		.string	" DOWN "
 1740      4E20 00
 1741               	.LC7:
 1742 0253 4B45 5931 		.string	"KEY1 press"
 1742      2070 7265 
 1742      7373 00
 1743               	.LC8:
 1744 025e 7365 6172 		.string	"searching down"
 1744      6368 696E 
 1744      6720 646F 
 1744      776E 00
 1745               	.LC9:
 1746 026d 4B45 5932 		.string	"KEY2 press"
 1746      2070 7265 
 1746      7373 00
 1747               	.LC10:
 1748 0278 7365 6172 		.string	"searching up  "
 1748      6368 696E 
 1748      6720 7570 
 1748      2020 00
 1749               		.text
 1751               	.global	main
 1753               	main:
 161:main.c        **** 
 162:main.c        **** }
 163:main.c        **** 
 164:main.c        **** 
 165:main.c        **** //////////////////////////////////////////////////////////////////
 166:main.c        **** int main(void)
 167:main.c        **** {
 1755               	.LM141:
 1756               	/* prologue: frame size=0 */
 1757 0438 C0E0      		ldi r28,lo8(__stack - 0)
 1758 043a D0E0      		ldi r29,hi8(__stack - 0)
 1759 043c DEBF      		out __SP_H__,r29
 1760 043e CDBF      		out __SP_L__,r28
 1761               	/* prologue end (size=4) */
 168:main.c        **** 	init();
 1763               	.LM142:
 1764 0440 E1DF      		rcall init
 169:main.c        **** 	
 170:main.c        **** 	senddata[0] = 0b01101111;  //load 100MHz pll
 1766               	.LM143:
 1767 0442 2FE6      		ldi r18,lo8(111)
 1768 0444 2093 0000 		sts senddata,r18
 171:main.c        **** 	senddata[1] = 0b10010011;  // away's low side injection
 1770               	.LM144:
 1771 0448 93E9      		ldi r25,lo8(-109)
 1772 044a 9093 0000 		sts senddata+1,r25
 172:main.c        **** 	senddata[2] = 0b00100000;
 1774               	.LM145:
 1775 044e 80E2      		ldi r24,lo8(32)
 1776 0450 8093 0000 		sts senddata+2,r24
 173:main.c        **** 	senddata[3] = 0b10010000;                                                                  
 1778               	.LM146:
 1779 0454 80E9      		ldi r24,lo8(-112)
 1780 0456 8093 0000 		sts senddata+3,r24
 174:main.c        **** 	senddata[4] = 0b00000000;
 1782               	.LM147:
 1783 045a 1092 0000 		sts senddata+4,__zero_reg__
 175:main.c        **** 	readdata[0] = senddata[0];
 1785               	.LM148:
 1786 045e 2093 0000 		sts readdata,r18
 176:main.c        **** 	readdata[1] = senddata[1];
 1788               	.LM149:
 1789 0462 9093 0000 		sts readdata+1,r25
 177:main.c        **** 	
 178:main.c        **** 	LCD_write_english_string(0,0,"FM STEREO" );	
 1791               	.LM150:
 1792 0466 40E0      		ldi r20,lo8(.LC3)
 1793 0468 50E0      		ldi r21,hi8(.LC3)
 1794 046a 6091 0000 		lds r22,senddata+4
 1795 046e 862F      		mov r24,r22
 1796 0470 6FDE      		rcall LCD_write_english_string
 179:main.c        **** 	//LCD_write_english_string(0,5,"  stereo" );
 180:main.c        **** 	LCD_write_english_string(0,2,"  99.1Mhz" );
 1798               	.LM151:
 1799 0472 40E0      		ldi r20,lo8(.LC4)
 1800 0474 50E0      		ldi r21,hi8(.LC4)
 1801 0476 62E0      		ldi r22,lo8(2)
 1802 0478 80E0      		ldi r24,lo8(0)
 1803 047a 6ADE      		rcall LCD_write_english_string
 181:main.c        **** 	show_frequency();
 1805               	.LM152:
 1806 047c D6DE      		rcall show_frequency
 182:main.c        **** 	LCD_write_inverse_string(0,5,"  UP  ");
 1808               	.LM153:
 1809 047e 40E0      		ldi r20,lo8(.LC5)
 1810 0480 50E0      		ldi r21,hi8(.LC5)
 1811 0482 65E0      		ldi r22,lo8(5)
 1812 0484 80E0      		ldi r24,lo8(0)
 1813 0486 73DE      		rcall LCD_write_inverse_string
 183:main.c        **** 	LCD_write_inverse_string(48,5," DOWN ");
 1815               	.LM154:
 1816 0488 40E0      		ldi r20,lo8(.LC6)
 1817 048a 50E0      		ldi r21,hi8(.LC6)
 1818 048c 65E0      		ldi r22,lo8(5)
 1819 048e 80E3      		ldi r24,lo8(48)
 1820 0490 6EDE      		rcall LCD_write_inverse_string
 1821               	.L256:
 184:main.c        **** 	
 185:main.c        **** 	while(1)
 186:main.c        **** 	{
 187:main.c        **** 	
 188:main.c        **** 		if ( bit_is_clear( PIND,3))
 1823               	.LM155:
 1824 0492 8399      		sbic 48-0x20,3
 1825 0494 1CC0      		rjmp .L237
 189:main.c        **** 		{
 190:main.c        **** 			delay_nms(20);
 1827               	.LM156:
 1828 0496 84E1      		ldi r24,lo8(20)
 1829 0498 90E0      		ldi r25,hi8(20)
 1830 049a C5DD      		rcall delay_nms
 191:main.c        **** 			if ( bit_is_clear( PIND,3))
 1832               	.LM157:
 1833 049c 8399      		sbic 48-0x20,3
 1834 049e 17C0      		rjmp .L237
 1835               	.L239:
 192:main.c        **** 			{
 193:main.c        **** 				loop_until_bit_is_set(PIND, 3);
 1837               	.LM158:
 1838 04a0 839B      		sbis 48-0x20,3
 1839 04a2 FECF      		rjmp .L239
 194:main.c        **** 				LCD_write_english_string(0,4,"KEY1 press" );
 1841               	.LM159:
 1842 04a4 40E0      		ldi r20,lo8(.LC7)
 1843 04a6 50E0      		ldi r21,hi8(.LC7)
 1844 04a8 64E0      		ldi r22,lo8(4)
 1845 04aa 80E0      		ldi r24,lo8(0)
 1846 04ac 51DE      		rcall LCD_write_english_string
 195:main.c        **** 				senddata[2] &= 0x7f;   // set search down
 1848               	.LM160:
 1849 04ae 8091 0000 		lds r24,senddata+2
 1850 04b2 8F77      		andi r24,lo8(127)
 1851 04b4 8093 0000 		sts senddata+2,r24
 196:main.c        **** 				set5767();
 1853               	.LM161:
 1854 04b8 7CDE      		rcall set5767
 197:main.c        **** 				LCD_write_english_string(0,4,"searching down" );
 1856               	.LM162:
 1857 04ba 40E0      		ldi r20,lo8(.LC8)
 1858 04bc 50E0      		ldi r21,hi8(.LC8)
 1859 04be 64E0      		ldi r22,lo8(4)
 1860 04c0 80E0      		ldi r24,lo8(0)
 1861 04c2 46DE      		rcall LCD_write_english_string
 198:main.c        **** 				
 199:main.c        **** 				search_up = 0;
 1863               	.LM163:
 1864 04c4 1092 0000 		sts search_up,__zero_reg__
 200:main.c        **** 				search = 1;
 1866               	.LM164:
 1867 04c8 81E0      		ldi r24,lo8(1)
 1868 04ca 8093 0000 		sts search,r24
 1869               	.L237:
 201:main.c        **** 			}
 202:main.c        **** 		}
 203:main.c        **** 		
 204:main.c        **** 		if ( bit_is_clear( PIND,2))
 1871               	.LM165:
 1872 04ce 8299      		sbic 48-0x20,2
 1873 04d0 1CC0      		rjmp .L242
 205:main.c        **** 		{
 206:main.c        **** 			delay_nms(20);
 1875               	.LM166:
 1876 04d2 84E1      		ldi r24,lo8(20)
 1877 04d4 90E0      		ldi r25,hi8(20)
 1878 04d6 A7DD      		rcall delay_nms
 207:main.c        **** 			if ( bit_is_clear( PIND,2))
 1880               	.LM167:
 1881 04d8 8299      		sbic 48-0x20,2
 1882 04da 17C0      		rjmp .L242
 1883               	.L244:
 208:main.c        **** 			{
 209:main.c        **** 				
 210:main.c        **** 				loop_until_bit_is_set(PIND, 2);
 1885               	.LM168:
 1886 04dc 829B      		sbis 48-0x20,2
 1887 04de FECF      		rjmp .L244
 211:main.c        **** 				LCD_write_english_string(0,4,"KEY2 press" );
 1889               	.LM169:
 1890 04e0 40E0      		ldi r20,lo8(.LC9)
 1891 04e2 50E0      		ldi r21,hi8(.LC9)
 1892 04e4 64E0      		ldi r22,lo8(4)
 1893 04e6 80E0      		ldi r24,lo8(0)
 1894 04e8 33DE      		rcall LCD_write_english_string
 212:main.c        **** 				
 213:main.c        **** 				senddata[2] |= 0x80;   // set search up
 1896               	.LM170:
 1897 04ea 8091 0000 		lds r24,senddata+2
 1898 04ee 8068      		ori r24,lo8(-128)
 1899 04f0 8093 0000 		sts senddata+2,r24
 214:main.c        **** 				set5767();
 1901               	.LM171:
 1902 04f4 5EDE      		rcall set5767
 215:main.c        **** 				LCD_write_english_string(0,4,"searching up  ");
 1904               	.LM172:
 1905 04f6 40E0      		ldi r20,lo8(.LC10)
 1906 04f8 50E0      		ldi r21,hi8(.LC10)
 1907 04fa 64E0      		ldi r22,lo8(4)
 1908 04fc 80E0      		ldi r24,lo8(0)
 1909 04fe 28DE      		rcall LCD_write_english_string
 216:main.c        **** 				
 217:main.c        **** 				search_up = 1;
 1911               	.LM173:
 1912 0500 81E0      		ldi r24,lo8(1)
 1913 0502 8093 0000 		sts search_up,r24
 218:main.c        **** 				search = 1;
 1915               	.LM174:
 1916 0506 8093 0000 		sts search,r24
 1917               	.L242:
 219:main.c        **** 				
 220:main.c        **** 			}
 221:main.c        **** 		}
 222:main.c        **** 		
 223:main.c        **** 		
 224:main.c        **** 		if ( search )
 1919               	.LM175:
 1920 050a 8091 0000 		lds r24,search
 1921 050e 8823      		tst r24
 1922 0510 09F4      		brne .+2
 1923 0512 BFCF      		rjmp .L256
 225:main.c        **** 		{
 226:main.c        **** 			read5767();
 1925               	.LM176:
 1926 0514 6CDE      		rcall read5767
 227:main.c        **** 			
 228:main.c        **** 			if ( readdata[0] & 0x40 )  //reach band end
 1928               	.LM177:
 1929 0516 8091 0000 		lds r24,readdata
 1930 051a 86FF      		sbrs r24,6
 1931 051c 10C0      		rjmp .L248
 229:main.c        **** 			{
 230:main.c        **** 				if ( search_up )
 1933               	.LM178:
 1934 051e 8091 0000 		lds r24,search_up
 1935 0522 8823      		tst r24
 1936 0524 29F0      		breq .L249
 231:main.c        **** 				{
 232:main.c        **** 					senddata[0] = 0b01101001;    // load 88Mhz pll
 1938               	.LM179:
 1939 0526 89E6      		ldi r24,lo8(105)
 1940 0528 8093 0000 		sts senddata,r24
 233:main.c        **** 					senddata[1] = 0b11011010;
 1942               	.LM180:
 1943 052c 8AED      		ldi r24,lo8(-38)
 1944 052e 04C0      		rjmp .L255
 1945               	.L249:
 234:main.c        **** 					set5767();
 235:main.c        **** 				}
 236:main.c        **** 				else                  
 237:main.c        **** 				{
 238:main.c        **** 					senddata[0] = 0b01110011;    // load 108Mhz pll
 1947               	.LM181:
 1948 0530 83E7      		ldi r24,lo8(115)
 1949 0532 8093 0000 		sts senddata,r24
 239:main.c        **** 					senddata[1] = 0b01100100;
 1951               	.LM182:
 1952 0536 84E6      		ldi r24,lo8(100)
 1953               	.L255:
 1954 0538 8093 0000 		sts senddata+1,r24
 240:main.c        **** 					set5767();
 1956               	.LM183:
 1957 053c 3ADE      		rcall set5767
 1958               	.L248:
 241:main.c        **** 				}
 242:main.c        **** 			}
 243:main.c        **** 			
 244:main.c        **** 			
 245:main.c        **** 			
 246:main.c        **** 			if ( readdata[0] & 0x80)   //has been found a station
 1960               	.LM184:
 1961 053e 8091 0000 		lds r24,readdata
 1962 0542 87FF      		sbrs r24,7
 1963 0544 A6CF      		rjmp .L256
 247:main.c        **** 			{
 248:main.c        **** 				show_frequency();
 1965               	.LM185:
 1966 0546 71DE      		rcall show_frequency
 249:main.c        **** 				show_rx_power();
 1968               	.LM186:
 1969 0548 41DF      		rcall show_rx_power
 250:main.c        **** 				senddata[0] = ((readdata[0] & 0x3f) |0x40);
 1971               	.LM187:
 1972 054a 8091 0000 		lds r24,readdata
 1973 054e 8F73      		andi r24,lo8(63)
 1974 0550 8064      		ori r24,lo8(64)
 1975 0552 8093 0000 		sts senddata,r24
 251:main.c        **** 				senddata[1] = readdata[1];  //record the pll
 1977               	.LM188:
 1978 0556 8091 0000 		lds r24,readdata+1
 1979 055a 8093 0000 		sts senddata+1,r24
 252:main.c        **** 				
 253:main.c        **** 				search = 0;
 1981               	.LM189:
 1982 055e 1092 0000 		sts search,__zero_reg__
 1983 0562 97CF      		rjmp .L256
 1984               	/* epilogue: frame size=0 */
 1985               	/* epilogue: noreturn */
 1986               	/* epilogue end (size=0) */
 1987               	/* function main size 150 (146) */
 1989               		.comm senddata,5,1
 1990               		.comm readdata,5,1
 1996               		.text
 1998               	Letext:
 1999               	/* File "main.c": code  697 = 0x02b9 ( 610), prologues  37, epilogues  50 */
DEFINED SYMBOLS
                            *ABS*:00000000 main.c
                            *ABS*:0000003f __SREG__
                            *ABS*:0000003e __SP_H__
                            *ABS*:0000003d __SP_L__
                            *ABS*:00000000 __tmp_reg__
                            *ABS*:00000001 __zero_reg__
C:\DOCUME~1\user\LOCALS~1\Temp/ccmQaaaa.s:61     .bss:00000000 search_up
C:\DOCUME~1\user\LOCALS~1\Temp/ccmQaaaa.s:67     .bss:00000001 search
C:\DOCUME~1\user\LOCALS~1\Temp/ccmQaaaa.s:73     .data:00000000 font6x8
C:\DOCUME~1\user\LOCALS~1\Temp/ccmQaaaa.s:630    .text:00000000 delay_1us
C:\DOCUME~1\user\LOCALS~1\Temp/ccmQaaaa.s:651    .text:00000004 delay_nus
C:\DOCUME~1\user\LOCALS~1\Temp/ccmQaaaa.s:683    .text:0000001a delay_1ms
C:\DOCUME~1\user\LOCALS~1\Temp/ccmQaaaa.s:706    .text:00000026 delay_nms
C:\DOCUME~1\user\LOCALS~1\Temp/ccmQaaaa.s:740    .text:0000003c LCD_write_byte
C:\DOCUME~1\user\LOCALS~1\Temp/ccmQaaaa.s:783    .text:00000054 LCD_clear
C:\DOCUME~1\user\LOCALS~1\Temp/ccmQaaaa.s:824    .text:0000007a LCD_init
C:\DOCUME~1\user\LOCALS~1\Temp/ccmQaaaa.s:896    .text:000000b2 LCD_set_XY
C:\DOCUME~1\user\LOCALS~1\Temp/ccmQaaaa.s:925    .text:000000ca LCD_write_char
C:\DOCUME~1\user\LOCALS~1\Temp/ccmQaaaa.s:981    .text:0000010c LCD_write_inverse_char
C:\DOCUME~1\user\LOCALS~1\Temp/ccmQaaaa.s:1040   .text:00000150 LCD_write_english_string
C:\DOCUME~1\user\LOCALS~1\Temp/ccmQaaaa.s:1080   .text:0000016e LCD_write_inverse_string
C:\DOCUME~1\user\LOCALS~1\Temp/ccmQaaaa.s:1117   .text:0000018c lcd_inverse
C:\DOCUME~1\user\LOCALS~1\Temp/ccmQaaaa.s:1135   .text:00000194 lcd_no_inverse
C:\DOCUME~1\user\LOCALS~1\Temp/ccmQaaaa.s:1154   .text:0000019c delay_ms
C:\DOCUME~1\user\LOCALS~1\Temp/ccmQaaaa.s:1204   .text:000001b2 set5767
                            *COM*:00000005 senddata
C:\DOCUME~1\user\LOCALS~1\Temp/ccmQaaaa.s:1273   .text:000001ee read5767
                            *COM*:00000005 readdata
C:\DOCUME~1\user\LOCALS~1\Temp/ccmQaaaa.s:1350   .text:0000022a show_frequency
C:\DOCUME~1\user\LOCALS~1\Temp/ccmQaaaa.s:1621   .text:000003cc show_rx_power
C:\DOCUME~1\user\LOCALS~1\Temp/ccmQaaaa.s:1669   .text:00000404 init
C:\DOCUME~1\user\LOCALS~1\Temp/ccmQaaaa.s:1753   .text:00000438 main
C:\DOCUME~1\user\LOCALS~1\Temp/ccmQaaaa.s:1998   .text:00000564 Letext

UNDEFINED SYMBOLS
__do_copy_data
__do_clear_bss
__mulsi3
__udivmodsi4
__udivmodqi4
__stack
