<html>
<body>
<pre>
<h1>礦ision Build Log</h1>
<h2>Tool Versions:</h2>
IDE-Version: μVision V5.14.2
Copyright (C) 2015 ARM Ltd and ARM Germany GmbH. All rights reserved.
License Information: Cortex-M3,  , LIC=KRMMM-XKXM0-XUR41-CJ6PW-L72GD-L4RK9
 
Tool Versions:
Toolchain:       MDK-ARM Standard  Version: 5.26.2.0
Toolchain Path:  D:\Keil_v5\ARM\ARMCC\Bin
C Compiler:      Armcc.exe V5.06 update 6 (build 750)
Assembler:       Armasm.exe V5.06 update 6 (build 750)
Linker/Locator:  ArmLink.exe V5.06 update 6 (build 750)
Library Manager: ArmAr.exe V5.06 update 6 (build 750)
Hex Converter:   FromElf.exe V5.06 update 6 (build 750)
CPU DLL:         SARMCM3.DLL V5.26.2.0
Dialog DLL:      DARMSTM.DLL V1.68.0.0
Target DLL:      Segger\JL2CM3.dll V2.99.31.0
Dialog DLL:      TARMSTM.DLL V1.66.0.0
 
<h2>Project:</h2>
H:\BaiduNetdiskDownload\01-中景园电子0.96LCD显示屏技术资料\03-中景园电子显示屏例程\06-中景园电子0.96LCD显示屏_STM32F103ZET例程\USER\OLED.uvprojx
Project File Date:  02/19/2019

<h2>Output:</h2>
*** Using Compiler 'V5.06 update 6 (build 750)', folder: 'D:\Keil_v5\ARM\ARMCC\Bin'
Build target 'Target 1'
compiling main.c...
main.c(37): warning:  #177-D: variable "m"  was declared but never referenced
         u8 i,m;
main.c: 1 warning, 0 errors
compiling stm32f10x_it.c...
compiling system_stm32f10x.c...
compiling LED.c...
compiling lcd.c...
..\HARDWARE\OLED\lcd.c(410): warning:  #177-D: variable "di"  was declared but never referenced
        int di;
..\HARDWARE\OLED\lcd.c(546): warning:  #177-D: variable "enshow"  was declared but never referenced
        u8 enshow=0;
..\HARDWARE\OLED\lcd.c: 2 warnings, 0 errors
compiling delay.c...
compiling sys.c...
compiling usart.c...
compiling core_cm3.c...
assembling startup_stm32f10x_hd.s...
compiling misc.c...
compiling stm32f10x_gpio.c...
compiling stm32f10x_rcc.c...
compiling stm32f10x_usart.c...
linking...
Program Size: Code=8792 RO-data=5056 RW-data=920 ZI-data=1832  
FromELF: creating hex file...
"..\OBJ\OLED.axf" - 0 Error(s), 3 Warning(s).

<h2>Collection of Component include folders:</h2>
  H:\BaiduNetdiskDownload\01-中景园电子0.96LCD显示屏技术资料\03-中景园电子显示屏例程\06-中景园电子0.96LCD显示屏_STM32F103ZET例程\USER\RTE
  D:\Keil_v5\ARM\PACK\Keil\STM32F1xx_DFP\1.0.5\Device\Include

<h2>Collection of Component Files used:</h2>
</pre>
</body>
</html>
